
Discarded input sections

 .group         0x00000000        0x8 controls.c.o
 .group         0x00000000        0x8 controls.c.o
 .group         0x00000000        0x8 controls.c.o
 .group         0x00000000        0x8 controls.c.o
 .group         0x00000000        0x8 controls.c.o
 .group         0x00000000        0x8 controls.c.o
 .group         0x00000000        0x8 controls.c.o
 .group         0x00000000        0x8 controls.c.o
 .group         0x00000000        0x8 controls.c.o
 .group         0x00000000        0x8 controls.c.o
 .group         0x00000000        0x8 controls.c.o
 .group         0x00000000        0x8 controls.c.o
 .group         0x00000000        0x8 controls.c.o
 .group         0x00000000        0x8 controls.c.o
 .group         0x00000000        0x8 controls.c.o
 .group         0x00000000        0x8 controls.c.o
 .group         0x00000000        0x8 controls.c.o
 .group         0x00000000        0x8 controls.c.o
 .group         0x00000000        0x8 controls.c.o
 .group         0x00000000        0x8 controls.c.o
 .group         0x00000000        0x8 controls.c.o
 .group         0x00000000        0x8 controls.c.o
 .group         0x00000000        0x8 controls.c.o
 .group         0x00000000        0x8 controls.c.o
 .group         0x00000000        0x8 controls.c.o
 .group         0x00000000        0x8 controls.c.o
 .group         0x00000000        0x8 controls.c.o
 .group         0x00000000        0x8 controls.c.o
 .group         0x00000000        0x8 controls.c.o
 .group         0x00000000        0x8 controls.c.o
 .group         0x00000000        0x8 controls.c.o
 .group         0x00000000        0x8 controls.c.o
 .group         0x00000000        0x8 controls.c.o
 .group         0x00000000        0x8 controls.c.o
 .group         0x00000000        0x8 controls.c.o
 .group         0x00000000        0x8 controls.c.o
 .group         0x00000000        0x8 controls.c.o
 .group         0x00000000        0x8 controls.c.o
 .group         0x00000000        0x8 controls.c.o
 .group         0x00000000        0x8 controls.c.o
 .group         0x00000000        0x8 controls.c.o
 .group         0x00000000        0x8 controls.c.o
 .group         0x00000000        0x8 controls.c.o
 .group         0x00000000        0x8 controls.c.o
 .group         0x00000000        0x8 controls.c.o
 .group         0x00000000        0x8 controls.c.o
 .group         0x00000000        0x8 controls.c.o
 .group         0x00000000        0x8 controls.c.o
 .group         0x00000000        0x8 controls.c.o
 .group         0x00000000        0x8 controls.c.o
 .group         0x00000000        0x8 controls.c.o
 .group         0x00000000        0x8 controls.c.o
 .group         0x00000000        0x8 controls.c.o
 .group         0x00000000        0x8 controls.c.o
 .group         0x00000000        0x8 controls.c.o
 .group         0x00000000        0x8 controls.c.o
 .group         0x00000000        0x8 controls.c.o
 .group         0x00000000        0x8 controls.c.o
 .group         0x00000000        0x8 controls.c.o
 .group         0x00000000        0x8 controls.c.o
 .group         0x00000000        0x8 controls.c.o
 .group         0x00000000        0x8 controls.c.o
 .group         0x00000000        0x8 controls.c.o
 .group         0x00000000        0x8 controls.c.o
 .group         0x00000000        0x8 controls.c.o
 .group         0x00000000        0x8 controls.c.o
 .group         0x00000000        0x8 controls.c.o
 .group         0x00000000        0x8 controls.c.o
 .group         0x00000000        0x8 controls.c.o
 .group         0x00000000        0x8 controls.c.o
 .group         0x00000000        0x8 controls.c.o
 .group         0x00000000        0x8 controls.c.o
 .group         0x00000000        0x8 controls.c.o
 .group         0x00000000        0x8 controls.c.o
 .group         0x00000000        0x8 controls.c.o
 .group         0x00000000        0x8 controls.c.o
 .group         0x00000000        0x8 controls.c.o
 .group         0x00000000        0x8 controls.c.o
 .group         0x00000000        0x8 controls.c.o
 .group         0x00000000        0x8 controls.c.o
 .group         0x00000000        0x8 controls.c.o
 .group         0x00000000        0x8 controls.c.o
 .group         0x00000000        0x8 controls.c.o
 .group         0x00000000        0x8 controls.c.o
 .group         0x00000000        0x8 controls.c.o
 .group         0x00000000        0x8 controls.c.o
 .group         0x00000000        0x8 controls.c.o
 .group         0x00000000        0x8 controls.c.o
 .group         0x00000000        0x8 controls.c.o
 .group         0x00000000        0x8 controls.c.o
 .group         0x00000000        0x8 controls.c.o
 .group         0x00000000        0x8 controls.c.o
 .group         0x00000000        0x8 controls.c.o
 .group         0x00000000        0x8 controls.c.o
 .group         0x00000000        0x8 controls.c.o
 .group         0x00000000        0x8 controls.c.o
 .debug_macro   0x00000000      0x874 controls.c.o
[...]
Memory Configuration

Name             Origin             Length             Attributes
*default*        0x00000000         0xffffffff

Linker script and memory map

LOAD adc.c.o
LOAD controls.c.o
LOAD px4io.c.o
LOAD registers.c.o
LOAD safety.c.o
LOAD ../../lib/rc/sbus.c.o
LOAD ../../lib/rc/dsm.c.o
LOAD ../systemlib/up_cxxinitialize.c.o
LOAD ../systemlib/perf_counter.c.o
LOAD mixer.cpp.o
LOAD ../systemlib/mixer/mixer.cpp.o
LOAD ../systemlib/mixer/mixer_group.cpp.o
LOAD ../systemlib/mixer/mixer_multirotor.cpp.o
LOAD ../systemlib/mixer/mixer_simple.cpp.o
LOAD ../systemlib/pwm_limit/pwm_limit.c.o
LOAD ../../lib/rc/st24.c.o
LOAD ../../lib/rc/sumd.c.o
LOAD serial.c.o
LOAD ../systemlib/hx_stream.c.o

.interp
 *(.interp)

.note.gnu.build-id
 *(.note.gnu.build-id)

.hash
 *(.hash)

.gnu.hash
 *(.gnu.hash)

.dynsym
 *(.dynsym)

.dynstr
 *(.dynstr)

.gnu.version
 *(.gnu.version)

.gnu.version_d
 *(.gnu.version_d)

.gnu.version_r
 *(.gnu.version_r)

.rel.init
 *(.rel.init)

.rela.init
 *(.rela.init)

.rel.text
 *(.rel.text)

.rela.text
 *(.rela.text)

.rel.fini
 *(.rel.fini)

.rela.fini
 *(.rela.fini)

.rel.rodata
 *(.rel.rodata)

.rela.rodata
 *(.rela.rodata)

.rel.data.rel.ro
 *(.rel.data.rel.ro)

.rela.data.rel.ro
 *(.rela.data.rel.ro)

.rel.data
 *(.rel.data)

.rela.data
 *(.rela.data)

.rel.tdata
 *(.rel.tdata)

.rela.tdata
 *(.rela.tdata)

.rel.tbss
 *(.rel.tbss)

.rela.tbss
 *(.rela.tbss)

.rel.ctors
 *(.rel.ctors)

.rela.ctors
 *(.rela.ctors)

.rel.dtors
 *(.rel.dtors)

.rela.dtors
 *(.rela.dtors)

.rel.got
 *(.rel.got)

.rela.got
 *(.rela.got)

.rel.bss
 *(.rel.bss)

.rela.bss
 *(.rela.bss)

.rel.iplt
 *(.rel.iplt)

.rela.iplt
 *(.rela.iplt)

.rel.plt
 *(.rel.plt)

.rela.plt
 *(.rela.plt)

.init
 *(SORT(.init))

.plt
 *(.plt)

.iplt
 *(.iplt)

.text           0x00000000        0x0
 *(.text .stub)
 .text          0x00000000        0x0 adc.c.o
 .text          0x00000000        0x0 controls.c.o
 .text          0x00000000        0x0 px4io.c.o
 .text          0x00000000        0x0 registers.c.o
 .text          0x00000000        0x0 safety.c.o
 .text          0x00000000        0x0 ../../lib/rc/sbus.c.o
 .text          0x00000000        0x0 ../../lib/rc/dsm.c.o
 .text          0x00000000        0x0 ../systemlib/up_cxxinitialize.c.o
 .text          0x00000000        0x0 ../systemlib/perf_counter.c.o
 .text          0x00000000        0x0 mixer.cpp.o
 .text          0x00000000        0x0 ../systemlib/mixer/mixer.cpp.o
 .text          0x00000000        0x0 ../systemlib/mixer/mixer_group.cpp.o
 .text          0x00000000        0x0 ../systemlib/mixer/mixer_multirotor.cpp.o
 .text          0x00000000        0x0 ../systemlib/mixer/mixer_simple.cpp.o
 .text          0x00000000        0x0 ../systemlib/pwm_limit/pwm_limit.c.o
 .text          0x00000000        0x0 ../../lib/rc/st24.c.o
 .text          0x00000000        0x0 ../../lib/rc/sumd.c.o
 .text          0x00000000        0x0 serial.c.o
 .text          0x00000000        0x0 ../systemlib/hx_stream.c.o
 *(.gnu.warning)

.text.adc_init  0x00000000       0xa4
 .text.adc_init
                0x00000000       0xa4 adc.c.o
                0x00000000                adc_init

.text.adc_measure
                0x00000000       0x80
 .text.adc_measure
                0x00000000       0x80 adc.c.o
                0x00000000                adc_measure

.text.controls_init
                0x00000000       0xb0
 .text.controls_init
                0x00000000       0xb0 controls.c.o
                0x00000000                controls_init

.text.controls_tick
                0x00000000      0x76c
 .text.controls_tick
                0x00000000      0x76c controls.c.o
                0x00000000                controls_tick

.text.isr_debug.constprop.0
                0x00000000       0x64
 .text.isr_debug.constprop.0
                0x00000000       0x64 px4io.c.o

.text.isr_debug
                0x00000000       0x64
 .text.isr_debug
                0x00000000       0x64 px4io.c.o
                0x00000000                isr_debug

.text.schedule_reboot
                0x00000000       0x1c
 .text.schedule_reboot
                0x00000000       0x1c px4io.c.o
                0x00000000                schedule_reboot

.text.user_start
                0x00000000      0x3a0
 .text.user_start
                0x00000000      0x3a0 px4io.c.o
                0x00000000                user_start

.text.pwm_configure_rates
                0x00000000       0x8c
 .text.pwm_configure_rates
                0x00000000       0x8c registers.c.o

.text.registers_set
                0x00000000      0xb20
 .text.registers_set
                0x00000000      0xb20 registers.c.o
                0x00000000                registers_set

.text.registers_get
                0x00000000      0x288
 .text.registers_get
                0x00000000      0x288 registers.c.o
                0x00000000                registers_get

.text.safety_check_button
                0x00000000       0xe8
 .text.safety_check_button
                0x00000000       0xe8 safety.c.o

.text.failsafe_blink
                0x00000000       0x48
 .text.failsafe_blink
                0x00000000       0x48 safety.c.o

.text.safety_init
                0x00000000       0x34
 .text.safety_init
                0x00000000       0x34 safety.c.o
                0x00000000                safety_init

.text.failsafe_led_init
                0x00000000       0x34
 .text.failsafe_led_init
                0x00000000       0x34 safety.c.o
                0x00000000                failsafe_led_init

.text.sbus_init
                0x00000000       0x54
 .text.sbus_init
                0x00000000       0x54 ../../lib/rc/sbus.c.o
                0x00000000                sbus_init

.text.sbus1_output
                0x00000000      0x148
 .text.sbus1_output
                0x00000000      0x148 ../../lib/rc/sbus.c.o
                0x00000000                sbus1_output

.text.sbus2_output
                0x00000000       0x18
 .text.sbus2_output
                0x00000000       0x18 ../../lib/rc/sbus.c.o
                0x00000000                sbus2_output

.text.sbus_input
                0x00000000      0x1d8
 .text.sbus_input
                0x00000000      0x1d8 ../../lib/rc/sbus.c.o
                0x00000000                sbus_input

.text.dsm_guess_format
                0x00000000      0x26c
 .text.dsm_guess_format
                0x00000000      0x26c ../../lib/rc/dsm.c.o

.text.dsm_init  0x00000000       0x78
 .text.dsm_init
                0x00000000       0x78 ../../lib/rc/dsm.c.o
                0x00000000                dsm_init

.text.dsm_bind  0x00000000       0x8c
 .text.dsm_bind
                0x00000000       0x8c ../../lib/rc/dsm.c.o
                0x00000000                dsm_bind

.text.dsm_input
                0x00000000      0x23c
 .text.dsm_input
                0x00000000      0x23c ../../lib/rc/dsm.c.o
                0x00000000                dsm_input

.text.up_cxxinitialize
                0x00000000       0x38
 .text.up_cxxinitialize
                0x00000000       0x38 ../systemlib/up_cxxinitialize.c.o
                0x00000000                up_cxxinitialize

.text.perf_alloc
                0x00000000       0x50
 .text.perf_alloc
                0x00000000       0x50 ../systemlib/perf_counter.c.o
                0x00000000                perf_alloc

.text.perf_alloc_once
                0x00000000       0x74
 .text.perf_alloc_once
                0x00000000       0x74 ../systemlib/perf_counter.c.o
                0x00000000                perf_alloc_once

.text.perf_free
                0x00000000       0x1c
 .text.perf_free
                0x00000000       0x1c ../systemlib/perf_counter.c.o
                0x00000000                perf_free

.text.perf_count
                0x00000000      0x100
 .text.perf_count
                0x00000000      0x100 ../systemlib/perf_counter.c.o
                0x00000000                perf_count

.text.perf_begin
                0x00000000       0x18
 .text.perf_begin
                0x00000000       0x18 ../systemlib/perf_counter.c.o
                0x00000000                perf_begin

.text.perf_end  0x00000000       0xe0
 .text.perf_end
                0x00000000       0xe0 ../systemlib/perf_counter.c.o
                0x00000000                perf_end

.text.perf_set  0x00000000       0xcc
 .text.perf_set
                0x00000000       0xcc ../systemlib/perf_counter.c.o
                0x00000000                perf_set

.text.perf_cancel
                0x00000000       0x14
 .text.perf_cancel
                0x00000000       0x14 ../systemlib/perf_counter.c.o
                0x00000000                perf_cancel

.text.perf_reset
                0x00000000       0x54
 .text.perf_reset
                0x00000000       0x54 ../systemlib/perf_counter.c.o
                0x00000000                perf_reset

.text.perf_print_counter
                0x00000000      0x150
 .text.perf_print_counter
                0x00000000      0x150 ../systemlib/perf_counter.c.o
                0x00000000                perf_print_counter

.text.perf_print_counter_fd
                0x00000000      0x144
 .text.perf_print_counter_fd
                0x00000000      0x144 ../systemlib/perf_counter.c.o
                0x00000000                perf_print_counter_fd

.text.perf_event_count
                0x00000000       0x20
 .text.perf_event_count
                0x00000000       0x20 ../systemlib/perf_counter.c.o
                0x00000000                perf_event_count

.text.perf_print_all
                0x00000000      0x150
 .text.perf_print_all
                0x00000000      0x150 ../systemlib/perf_counter.c.o
                0x00000000                perf_print_all

.text.perf_print_latency
                0x00000000       0x64
 .text.perf_print_latency
                0x00000000       0x64 ../systemlib/perf_counter.c.o
                0x00000000                perf_print_latency

.text.perf_reset_all
                0x00000000       0x70
 .text.perf_reset_all
                0x00000000       0x70 ../systemlib/perf_counter.c.o
                0x00000000                perf_reset_all

.text._ZL14mixer_callbackjhhRf
                0x00000000      0x178
 .text._ZL14mixer_callbackjhhRf
                0x00000000      0x178 mixer.cpp.o

.text.mixer_handle_text
                0x00000000      0x11c
 .text.mixer_handle_text
                0x00000000      0x11c mixer.cpp.o
                0x00000000                mixer_handle_text

.text.startup._GLOBAL__sub_I_mixer_tick
                0x00000000       0x2c
 .text.startup._GLOBAL__sub_I_mixer_tick
                0x00000000       0x2c mixer.cpp.o

.text.mixer_tick
                0x00000000      0x56c
 .text.mixer_tick
                0x00000000      0x56c mixer.cpp.o
                0x00000000                mixer_tick

.text.mixer_set_failsafe
                0x00000000      0x124
 .text.mixer_set_failsafe
                0x00000000      0x124 mixer.cpp.o
                0x00000000                mixer_set_failsafe

.text._ZN9NullMixerD2Ev
                0x00000000        0x4
 .text._ZN9NullMixerD2Ev
                0x00000000        0x4 ../systemlib/mixer/mixer.cpp.o
                0x00000000                NullMixer::~NullMixer()
                0x00000000                NullMixer::~NullMixer()

.text._ZN9NullMixer3mixEPfjPt
                0x00000000       0x10
 .text._ZN9NullMixer3mixEPfjPt
                0x00000000       0x10 ../systemlib/mixer/mixer.cpp.o
                0x00000000                NullMixer::mix(float*, unsigned int, unsigned short*)

.text._ZN9NullMixer15groups_requiredERj
                0x00000000        0x4
 .text._ZN9NullMixer15groups_requiredERj
                0x00000000        0x4 ../systemlib/mixer/mixer.cpp.o
                0x00000000                NullMixer::groups_required(unsigned int&)

.text._ZN9NullMixerD0Ev
                0x00000000        0xc
 .text._ZN9NullMixerD0Ev
                0x00000000        0xc ../systemlib/mixer/mixer.cpp.o
                0x00000000                NullMixer::~NullMixer()

.text._ZN5MixerC2EPFijhhRfEj
                0x00000000       0x18
 .text._ZN5MixerC2EPFijhhRfEj
                0x00000000       0x18 ../systemlib/mixer/mixer.cpp.o
                0x00000000                Mixer::Mixer(int (*)(unsigned int, unsigned char, unsigned char, float&), unsigned int)
                0x00000000                Mixer::Mixer(int (*)(unsigned int, unsigned char, unsigned char, float&), unsigned int)

.text._ZN5Mixer11get_controlEhh
                0x00000000       0x14
 .text._ZN5Mixer11get_controlEhh
                0x00000000       0x14 ../systemlib/mixer/mixer.cpp.o
                0x00000000                Mixer::get_control(unsigned char, unsigned char)

.text._ZN5Mixer5scaleERK14mixer_scaler_sf
                0x00000000       0x54
 .text._ZN5Mixer5scaleERK14mixer_scaler_sf
                0x00000000       0x54 ../systemlib/mixer/mixer.cpp.o
                0x00000000                Mixer::scale(mixer_scaler_s const&, float)

.text._ZN5Mixer11scale_checkER14mixer_scaler_s
                0x00000000       0x5c
 .text._ZN5Mixer11scale_checkER14mixer_scaler_s
                0x00000000       0x5c ../systemlib/mixer/mixer.cpp.o
                0x00000000                Mixer::scale_check(mixer_scaler_s&)

.text._ZN5Mixer7findtagEPKcRjc
                0x00000000       0x34
 .text._ZN5Mixer7findtagEPKcRjc
                0x00000000       0x34 ../systemlib/mixer/mixer.cpp.o
                0x00000000                Mixer::findtag(char const*, unsigned int&, char)

.text._ZN5Mixer8skiplineEPKcRj
                0x00000000       0x30
 .text._ZN5Mixer8skiplineEPKcRj
                0x00000000       0x30 ../systemlib/mixer/mixer.cpp.o
                0x00000000                Mixer::skipline(char const*, unsigned int&)

.text._ZN9NullMixerC2Ev
                0x00000000       0x14
 .text._ZN9NullMixerC2Ev
                0x00000000       0x14 ../systemlib/mixer/mixer.cpp.o
                0x00000000                NullMixer::NullMixer()
                0x00000000                NullMixer::NullMixer()

.text._ZN9NullMixer9from_textEPKcRj
                0x00000000       0x60
 .text._ZN9NullMixer9from_textEPKcRj
                0x00000000       0x60 ../systemlib/mixer/mixer.cpp.o
                0x00000000                NullMixer::from_text(char const*, unsigned int&)

.text._ZN10MixerGroupD2Ev
                0x00000000       0x28
 .text._ZN10MixerGroupD2Ev
                0x00000000       0x28 ../systemlib/mixer/mixer_group.cpp.o
                0x00000000                MixerGroup::~MixerGroup()
                0x00000000                MixerGroup::~MixerGroup()

.text._ZN10MixerGroup3mixEPfjPt
                0x00000000       0x40
 .text._ZN10MixerGroup3mixEPfjPt
                0x00000000       0x40 ../systemlib/mixer/mixer_group.cpp.o
                0x00000000                MixerGroup::mix(float*, unsigned int, unsigned short*)

.text._ZN10MixerGroup15groups_requiredERj
                0x00000000       0x1c
 .text._ZN10MixerGroup15groups_requiredERj
                0x00000000       0x1c ../systemlib/mixer/mixer_group.cpp.o
                0x00000000                MixerGroup::groups_required(unsigned int&)

.text._ZN10MixerGroupD0Ev
                0x00000000       0x2c
 .text._ZN10MixerGroupD0Ev
                0x00000000       0x2c ../systemlib/mixer/mixer_group.cpp.o
                0x00000000                MixerGroup::~MixerGroup()

.text._ZN10MixerGroupC2EPFijhhRfEj
                0x00000000       0x18
 .text._ZN10MixerGroupC2EPFijhhRfEj
                0x00000000       0x18 ../systemlib/mixer/mixer_group.cpp.o
                0x00000000                MixerGroup::MixerGroup(int (*)(unsigned int, unsigned char, unsigned char, float&), unsigned int)
                0x00000000                MixerGroup::MixerGroup(int (*)(unsigned int, unsigned char, unsigned char, float&), unsigned int)

.text._ZN10MixerGroup9add_mixerEP5Mixer
                0x00000000       0x20
 .text._ZN10MixerGroup9add_mixerEP5Mixer
                0x00000000       0x20 ../systemlib/mixer/mixer_group.cpp.o
                0x00000000                MixerGroup::add_mixer(Mixer*)

.text._ZN10MixerGroup5resetEv
                0x00000000       0x1c
 .text._ZN10MixerGroup5resetEv
                0x00000000       0x1c ../systemlib/mixer/mixer_group.cpp.o
                0x00000000                MixerGroup::reset()

.text._ZN10MixerGroup5countEv
                0x00000000       0x14
 .text._ZN10MixerGroup5countEv
                0x00000000       0x14 ../systemlib/mixer/mixer_group.cpp.o
                0x00000000                MixerGroup::count()

.text._ZN10MixerGroup13load_from_bufEPKcRj
                0x00000000       0x90
 .text._ZN10MixerGroup13load_from_bufEPKcRj
                0x00000000       0x90 ../systemlib/mixer/mixer_group.cpp.o
                0x00000000                MixerGroup::load_from_buf(char const*, unsigned int&)

.text._ZN15MultirotorMixerD2Ev
                0x00000000        0x4
 .text._ZN15MultirotorMixerD2Ev
                0x00000000        0x4 ../systemlib/mixer/mixer_multirotor.cpp.o
                0x00000000                MultirotorMixer::~MultirotorMixer()
                0x00000000                MultirotorMixer::~MultirotorMixer()

.text._ZN15MultirotorMixer15groups_requiredERj
                0x00000000        0xc
 .text._ZN15MultirotorMixer15groups_requiredERj
                0x00000000        0xc ../systemlib/mixer/mixer_multirotor.cpp.o
                0x00000000                MultirotorMixer::groups_required(unsigned int&)

.text._ZN15MultirotorMixerD0Ev
                0x00000000        0xc
 .text._ZN15MultirotorMixerD0Ev
                0x00000000        0xc ../systemlib/mixer/mixer_multirotor.cpp.o
                0x00000000                MultirotorMixer::~MultirotorMixer()

.text._ZN15MultirotorMixer3mixEPfjPt
                0x00000000      0x824
 .text._ZN15MultirotorMixer3mixEPfjPt
                0x00000000      0x824 ../systemlib/mixer/mixer_multirotor.cpp.o
                0x00000000                MultirotorMixer::mix(float*, unsigned int, unsigned short*)

.text._ZN15MultirotorMixerC2EPFijhhRfEj18MultirotorGeometryffff
                0x00000000       0x58
 .text._ZN15MultirotorMixerC2EPFijhhRfEj18MultirotorGeometryffff
                0x00000000       0x58 ../systemlib/mixer/mixer_multirotor.cpp.o
                0x00000000                MultirotorMixer::MultirotorMixer(int (*)(unsigned int, unsigned char, unsigned char, float&), unsigned int, MultirotorGeometry, float, float, float, float)
                0x00000000                MultirotorMixer::MultirotorMixer(int (*)(unsigned int, unsigned char, unsigned char, float&), unsigned int, MultirotorGeometry, float, float, float, float)

.text._ZN15MultirotorMixer9from_textEPFijhhRfEjPKcRj
                0x00000000      0x220
 .text._ZN15MultirotorMixer9from_textEPFijhhRfEjPKcRj
                0x00000000      0x220 ../systemlib/mixer/mixer_multirotor.cpp.o
                0x00000000                MultirotorMixer::from_text(int (*)(unsigned int, unsigned char, unsigned char, float&), unsigned int, char const*, unsigned int&)

.text._ZN11SimpleMixer15groups_requiredERj
                0x00000000       0x30
 .text._ZN11SimpleMixer15groups_requiredERj
                0x00000000       0x30 ../systemlib/mixer/mixer_simple.cpp.o
                0x00000000                SimpleMixer::groups_required(unsigned int&)

.text._ZN11SimpleMixerD2Ev
                0x00000000       0x18
 .text._ZN11SimpleMixerD2Ev
                0x00000000       0x18 ../systemlib/mixer/mixer_simple.cpp.o
                0x00000000                SimpleMixer::~SimpleMixer()
                0x00000000                SimpleMixer::~SimpleMixer()

.text._ZN11SimpleMixerD0Ev
                0x00000000       0x20
 .text._ZN11SimpleMixerD0Ev
                0x00000000       0x20 ../systemlib/mixer/mixer_simple.cpp.o
                0x00000000                SimpleMixer::~SimpleMixer()

.text._ZN11SimpleMixer3mixEPfjPt
                0x00000000       0x78
 .text._ZN11SimpleMixer3mixEPfjPt
                0x00000000       0x78 ../systemlib/mixer/mixer_simple.cpp.o
                0x00000000                SimpleMixer::mix(float*, unsigned int, unsigned short*)

.text._ZN11SimpleMixerC2EPFijhhRfEjP14mixer_simple_s
                0x00000000       0x18
 .text._ZN11SimpleMixerC2EPFijhhRfEjP14mixer_simple_s
                0x00000000       0x18 ../systemlib/mixer/mixer_simple.cpp.o
                0x00000000                SimpleMixer::SimpleMixer(int (*)(unsigned int, unsigned char, unsigned char, float&), unsigned int, mixer_simple_s*)
                0x00000000                SimpleMixer::SimpleMixer(int (*)(unsigned int, unsigned char, unsigned char, float&), unsigned int, mixer_simple_s*)

.text._ZN11SimpleMixer19parse_output_scalerEPKcRjR14mixer_scaler_s
                0x00000000       0xa8
 .text._ZN11SimpleMixer19parse_output_scalerEPKcRjR14mixer_scaler_s
                0x00000000       0xa8 ../systemlib/mixer/mixer_simple.cpp.o
                0x00000000                SimpleMixer::parse_output_scaler(char const*, unsigned int&, mixer_scaler_s&)

.text._ZN11SimpleMixer20parse_control_scalerEPKcRjR14mixer_scaler_sRhS5_
                0x00000000       0xb8
 .text._ZN11SimpleMixer20parse_control_scalerEPKcRjR14mixer_scaler_sRhS5_
                0x00000000       0xb8 ../systemlib/mixer/mixer_simple.cpp.o
                0x00000000                SimpleMixer::parse_control_scaler(char const*, unsigned int&, mixer_scaler_s&, unsigned char&, unsigned char&)

.text._ZN11SimpleMixer9from_textEPFijhhRfEjPKcRj
                0x00000000      0x154
 .text._ZN11SimpleMixer9from_textEPFijhhRfEjPKcRj
                0x00000000      0x154 ../systemlib/mixer/mixer_simple.cpp.o
                0x00000000                SimpleMixer::from_text(int (*)(unsigned int, unsigned char, unsigned char, float&), unsigned int, char const*, unsigned int&)

.text._ZN11SimpleMixer9pwm_inputEPFijhhRfEjjttt
                0x00000000       0xa4
 .text._ZN11SimpleMixer9pwm_inputEPFijhhRfEjjttt
                0x00000000       0xa4 ../systemlib/mixer/mixer_simple.cpp.o
                0x00000000                SimpleMixer::pwm_input(int (*)(unsigned int, unsigned char, unsigned char, float&), unsigned int, unsigned int, unsigned short, unsigned short, unsigned short)

.text._ZN11SimpleMixer5checkEv
                0x00000000       0x78
 .text._ZN11SimpleMixer5checkEv
                0x00000000       0x78 ../systemlib/mixer/mixer_simple.cpp.o
                0x00000000                SimpleMixer::check()

.text.pwm_limit_init
                0x00000000       0x10
 .text.pwm_limit_init
                0x00000000       0x10 ../systemlib/pwm_limit/pwm_limit.c.o
                0x00000000                pwm_limit_init

.text.pwm_limit_calc
                0x00000000      0x32c
 .text.pwm_limit_calc
                0x00000000      0x32c ../systemlib/pwm_limit/pwm_limit.c.o
                0x00000000                pwm_limit_calc

.text.st24_common_crc8
                0x00000000      0x118
 .text.st24_common_crc8
                0x00000000      0x118 ../../lib/rc/st24.c.o
                0x00000000                st24_common_crc8

.text.st24_decode
                0x00000000      0x324
 .text.st24_decode
                0x00000000      0x324 ../../lib/rc/st24.c.o
                0x00000000                st24_decode

.text.sumd_crc16
                0x00000000       0xa0
 .text.sumd_crc16
                0x00000000       0xa0 ../../lib/rc/sumd.c.o
                0x00000000                sumd_crc16

.text.sumd_crc8
                0x00000000        0x8
 .text.sumd_crc8
                0x00000000        0x8 ../../lib/rc/sumd.c.o
                0x00000000                sumd_crc8

.text.sumd_decode
                0x00000000      0x698
 .text.sumd_decode
                0x00000000      0x698 ../../lib/rc/sumd.c.o
                0x00000000                sumd_decode

.text.rx_dma_callback
                0x00000000      0x1b8
 .text.rx_dma_callback
                0x00000000      0x1b8 serial.c.o

.text.serial_interrupt
                0x00000000      0x184
 .text.serial_interrupt
                0x00000000      0x184 serial.c.o

.text.interface_init
                0x00000000      0x198
 .text.interface_init
                0x00000000      0x198 serial.c.o
                0x00000000                interface_init

.text.hx_stream_init
                0x00000000       0x24
 .text.hx_stream_init
                0x00000000       0x24 ../systemlib/hx_stream.c.o
                0x00000000                hx_stream_init

.text.hx_stream_free
                0x00000000       0x20
 .text.hx_stream_free
                0x00000000       0x20 ../systemlib/hx_stream.c.o
                0x00000000                hx_stream_free

.text.hx_stream_set_counters
                0x00000000        0x8
 .text.hx_stream_set_counters
                0x00000000        0x8 ../systemlib/hx_stream.c.o
                0x00000000                hx_stream_set_counters

.text.hx_stream_reset
                0x00000000       0x14
 .text.hx_stream_reset
                0x00000000       0x14 ../systemlib/hx_stream.c.o
                0x00000000                hx_stream_reset

.text.hx_stream_start
                0x00000000       0x2c
 .text.hx_stream_start
                0x00000000       0x2c ../systemlib/hx_stream.c.o
                0x00000000                hx_stream_start

.text.hx_stream_send_next
                0x00000000       0x80
 .text.hx_stream_send_next
                0x00000000       0x80 ../systemlib/hx_stream.c.o
                0x00000000                hx_stream_send_next

.text.hx_stream_send
                0x00000000       0xd0
 .text.hx_stream_send
                0x00000000       0xd0 ../systemlib/hx_stream.c.o
                0x00000000                hx_stream_send

.text.hx_stream_rx
                0x00000000       0x98
 .text.hx_stream_rx
                0x00000000       0x98 ../systemlib/hx_stream.c.o
                0x00000000                hx_stream_rx

.fini
 *(SORT(.fini))

.rodata
 *(.rodata)

.rodata.str1.4  0x00000000      0x5a3
 .rodata.str1.4
                0x00000000        0x4 adc.c.o
 .rodata.str1.4
                0x00000004       0x45 controls.c.o
 *fill*         0x00000049        0x3 
 .rodata.str1.4
                0x0000004c       0x80 px4io.c.o
 .rodata.str1.4
                0x000000cc       0x35 registers.c.o
 *fill*         0x00000101        0x3 
 .rodata.str1.4
                0x00000104       0xe1 ../systemlib/perf_counter.c.o
 *fill*         0x000001e5        0x3 
 .rodata.str1.4
                0x000001e8       0x63 mixer.cpp.o
 *fill*         0x0000024b        0x1 
 .rodata.str1.4
                0x0000024c       0x47 ../systemlib/mixer/mixer_multirotor.cpp.o
 *fill*         0x00000293        0x1 
 .rodata.str1.4
                0x00000294       0x38 ../systemlib/mixer/mixer_simple.cpp.o
 .rodata.str1.4
                0x000002cc       0x41 ../../lib/rc/st24.c.o
 *fill*         0x0000030d        0x3 
 .rodata.str1.4
                0x00000310      0x24a ../../lib/rc/sumd.c.o
 *fill*         0x0000055a        0x2 
 .rodata.str1.4
                0x0000055c       0x47 serial.c.o

.rodata.r_page_config
                0x00000000       0x12
 .rodata.r_page_config
                0x00000000       0x12 registers.c.o

.rodata.sbus_decoder
                0x00000000       0xc0
 .rodata.sbus_decoder
                0x00000000       0xc0 ../../lib/rc/sbus.c.o

.rodata._ZTV5Mixer
                0x00000000       0x18
 .rodata._ZTV5Mixer
                0x00000000       0x18 ../systemlib/mixer/mixer.cpp.o
                0x00000000                vtable for Mixer

.rodata._ZTV9NullMixer
                0x00000000       0x18
 .rodata._ZTV9NullMixer
                0x00000000       0x18 ../systemlib/mixer/mixer.cpp.o
                0x00000000                vtable for NullMixer

.rodata._ZTV10MixerGroup
                0x00000000       0x18
 .rodata._ZTV10MixerGroup
                0x00000000       0x18 ../systemlib/mixer/mixer_group.cpp.o
                0x00000000                vtable for MixerGroup

.rodata._ZN12_GLOBAL__N_1L13_config_tri_yE
                0x00000000       0x30
 .rodata._ZN12_GLOBAL__N_1L13_config_tri_yE
                0x00000000       0x30 ../systemlib/mixer/mixer_multirotor.cpp.o

.rodata._ZN12_GLOBAL__N_1L19_config_twin_engineE
                0x00000000       0x20
 .rodata._ZN12_GLOBAL__N_1L19_config_twin_engineE
                0x00000000       0x20 ../systemlib/mixer/mixer_multirotor.cpp.o

.rodata._ZN12_GLOBAL__N_1L13_config_hex_xE
                0x00000000       0x60
 .rodata._ZN12_GLOBAL__N_1L13_config_hex_xE
                0x00000000       0x60 ../systemlib/mixer/mixer_multirotor.cpp.o

.rodata._ZN12_GLOBAL__N_1L15_config_hex_coxE
                0x00000000       0x60
 .rodata._ZN12_GLOBAL__N_1L15_config_hex_coxE
                0x00000000       0x60 ../systemlib/mixer/mixer_multirotor.cpp.o

.rodata._ZN12_GLOBAL__N_1L14_config_octa_xE
                0x00000000       0x80
 .rodata._ZN12_GLOBAL__N_1L14_config_octa_xE
                0x00000000       0x80 ../systemlib/mixer/mixer_multirotor.cpp.o

.rodata._ZN12_GLOBAL__N_1L19_config_rotor_countE
                0x00000000       0x34
 .rodata._ZN12_GLOBAL__N_1L19_config_rotor_countE
                0x00000000       0x34 ../systemlib/mixer/mixer_multirotor.cpp.o

.rodata._ZN12_GLOBAL__N_1L20_config_quad_deadcatE
                0x00000000       0x40
 .rodata._ZN12_GLOBAL__N_1L20_config_quad_deadcatE
                0x00000000       0x40 ../systemlib/mixer/mixer_multirotor.cpp.o

.rodata._ZN12_GLOBAL__N_1L16_config_hex_plusE
                0x00000000       0x60
 .rodata._ZN12_GLOBAL__N_1L16_config_hex_plusE
                0x00000000       0x60 ../systemlib/mixer/mixer_multirotor.cpp.o

.rodata._ZN12_GLOBAL__N_1L17_config_octa_plusE
                0x00000000       0x80
 .rodata._ZN12_GLOBAL__N_1L17_config_octa_plusE
                0x00000000       0x80 ../systemlib/mixer/mixer_multirotor.cpp.o

.rodata._ZN12_GLOBAL__N_1L17_config_quad_plusE
                0x00000000       0x40
 .rodata._ZN12_GLOBAL__N_1L17_config_quad_plusE
                0x00000000       0x40 ../systemlib/mixer/mixer_multirotor.cpp.o

.rodata._ZN12_GLOBAL__N_113_config_indexE
                0x00000000       0x34
 .rodata._ZN12_GLOBAL__N_113_config_indexE
                0x00000000       0x34 ../systemlib/mixer/mixer_multirotor.cpp.o

.rodata._ZN12_GLOBAL__N_1L17_config_quad_wideE
                0x00000000       0x40
 .rodata._ZN12_GLOBAL__N_1L17_config_quad_wideE
                0x00000000       0x40 ../systemlib/mixer/mixer_multirotor.cpp.o

.rodata._ZN12_GLOBAL__N_1L16_config_octa_coxE
                0x00000000       0x80
 .rodata._ZN12_GLOBAL__N_1L16_config_octa_coxE
                0x00000000       0x80 ../systemlib/mixer/mixer_multirotor.cpp.o

.rodata._ZN12_GLOBAL__N_1L14_config_quad_vE
                0x00000000       0x40
 .rodata._ZN12_GLOBAL__N_1L14_config_quad_vE
                0x00000000       0x40 ../systemlib/mixer/mixer_multirotor.cpp.o

.rodata._ZN12_GLOBAL__N_1L14_config_quad_xE
                0x00000000       0x40
 .rodata._ZN12_GLOBAL__N_1L14_config_quad_xE
                0x00000000       0x40 ../systemlib/mixer/mixer_multirotor.cpp.o

.rodata._ZTV15MultirotorMixer
                0x00000000       0x18
 .rodata._ZTV15MultirotorMixer
                0x00000000       0x18 ../systemlib/mixer/mixer_multirotor.cpp.o
                0x00000000                vtable for MultirotorMixer

.rodata._ZTV11SimpleMixer
                0x00000000       0x18
 .rodata._ZTV11SimpleMixer
                0x00000000       0x18 ../systemlib/mixer/mixer_simple.cpp.o
                0x00000000                vtable for SimpleMixer

.rodata.crc8_tab
                0x00000000      0x100
 .rodata.crc8_tab
                0x00000000      0x100 serial.c.o

.rodata1
 *(.rodata1)

.ARM.extab
 *(.ARM.extab)

.ARM.exidx
 *(.ARM.exidx)

.eh_frame_hdr
 *(.eh_frame_hdr)

.eh_frame
 *(.eh_frame)

.gcc_except_table
 *(.gcc_except_table .gcc_except_table.*)

.exception_ranges
 *(.exception_ranges .exception_ranges*)

.eh_frame
 *(.eh_frame)

.gcc_except_table
 *(.gcc_except_table .gcc_except_table.*)

.exception_ranges
 *(.exception_ranges .exception_ranges*)

.tdata
 *(.tdata)

.tbss
 *(.tbss)

.preinit_array
 *(.preinit_array)

.jcr
 *(.jcr)

.dynamic
 *(.dynamic)

.got
 *(.got.plt)
 *(.igot.plt)
 *(.got)
 *(.igot)

.data           0x00000000        0x0
 *(.data)
 .data          0x00000000        0x0 adc.c.o
 .data          0x00000000        0x0 controls.c.o
 .data          0x00000000        0x0 px4io.c.o
 .data          0x00000000        0x0 registers.c.o
 .data          0x00000000        0x0 safety.c.o
 .data          0x00000000        0x0 ../../lib/rc/sbus.c.o
 .data          0x00000000        0x0 ../../lib/rc/dsm.c.o
 .data          0x00000000        0x0 ../systemlib/up_cxxinitialize.c.o
 .data          0x00000000        0x0 ../systemlib/perf_counter.c.o
 .data          0x00000000        0x0 mixer.cpp.o
 .data          0x00000000        0x0 ../systemlib/mixer/mixer.cpp.o
 .data          0x00000000        0x0 ../systemlib/mixer/mixer_group.cpp.o
 .data          0x00000000        0x0 ../systemlib/mixer/mixer_multirotor.cpp.o
 .data          0x00000000        0x0 ../systemlib/mixer/mixer_simple.cpp.o
 .data          0x00000000        0x0 ../systemlib/pwm_limit/pwm_limit.c.o
 .data          0x00000000        0x0 ../../lib/rc/st24.c.o
 .data          0x00000000        0x0 ../../lib/rc/sumd.c.o
 .data          0x00000000        0x0 serial.c.o
 .data          0x00000000        0x0 ../systemlib/hx_stream.c.o

.data._dsm_fd   0x00000000        0x4
 .data._dsm_fd  0x00000000        0x4 controls.c.o

.data._sbus_fd  0x00000000        0x4
 .data._sbus_fd
                0x00000000        0x4 controls.c.o
                0x00000000                _sbus_fd

.data.brightness.6651
                0x00000000        0x4
 .data.brightness.6651
                0x00000000        0x4 px4io.c.o

.data.r_page_servo_control_min
                0x00000000       0x10
 .data.r_page_servo_control_min
                0x00000000       0x10 registers.c.o
                0x00000000                r_page_servo_control_min

.data.r_page_servo_control_max
                0x00000000       0x10
 .data.r_page_servo_control_max
                0x00000000       0x10 registers.c.o
                0x00000000                r_page_servo_control_max

.data.r_page_setup
                0x00000000       0x26
 .data.r_page_setup
                0x00000000       0x26 registers.c.o
                0x00000000                r_page_setup

.data.dsm_fd    0x00000000        0x4
 .data.dsm_fd   0x00000000        0x4 ../../lib/rc/dsm.c.o

.init_array     0x00000000        0x4
 .init_array    0x00000000        0x4 mixer.cpp.o

.data.decode_states
                0x00000000       0x18
 .data.decode_states
                0x00000000       0x18 ../../lib/rc/st24.c.o
                0x00000000                decode_states

.data._sumd     0x00000000        0x1
 .data._sumd    0x00000000        0x1 ../../lib/rc/sumd.c.o
                0x00000000                _sumd

.data1
 *(.data1)

.bss            0x00000000        0x0
 *(.dynbss)
 *(.bss)
 .bss           0x00000000        0x0 adc.c.o
 .bss           0x00000000        0x0 controls.c.o
 .bss           0x00000000        0x0 px4io.c.o
 .bss           0x00000000        0x0 registers.c.o
 .bss           0x00000000        0x0 safety.c.o
 .bss           0x00000000        0x0 ../../lib/rc/sbus.c.o
 .bss           0x00000000        0x0 ../../lib/rc/dsm.c.o
 .bss           0x00000000        0x0 ../systemlib/up_cxxinitialize.c.o
 .bss           0x00000000        0x0 ../systemlib/perf_counter.c.o
 .bss           0x00000000        0x0 mixer.cpp.o
 .bss           0x00000000        0x0 ../systemlib/mixer/mixer.cpp.o
 .bss           0x00000000        0x0 ../systemlib/mixer/mixer_group.cpp.o
 .bss           0x00000000        0x0 ../systemlib/mixer/mixer_multirotor.cpp.o
 .bss           0x00000000        0x0 ../systemlib/mixer/mixer_simple.cpp.o
 .bss           0x00000000        0x0 ../systemlib/pwm_limit/pwm_limit.c.o
 .bss           0x00000000        0x0 ../../lib/rc/st24.c.o
 .bss           0x00000000        0x0 ../../lib/rc/sumd.c.o
 .bss           0x00000000        0x0 serial.c.o
 .bss           0x00000000        0x0 ../systemlib/hx_stream.c.o
 *(COMMON)

.bss.adc_perf   0x00000000        0x4
 .bss.adc_perf  0x00000000        0x4 adc.c.o
                0x00000000                adc_perf

.bss.c_gather_dsm
                0x00000000        0x4
 .bss.c_gather_dsm
                0x00000000        0x4 controls.c.o

.bss._rssi_adc_counts
                0x00000000        0x4
 .bss._rssi_adc_counts
                0x00000000        0x4 controls.c.o

.bss.c_gather_ppm
                0x00000000        0x4
 .bss.c_gather_ppm
                0x00000000        0x4 controls.c.o

.bss.rc_value_override
                0x00000000        0x2
 .bss.rc_value_override
                0x00000000        0x2 controls.c.o

.bss.c_gather_sbus
                0x00000000        0x4
 .bss.c_gather_sbus
                0x00000000        0x4 controls.c.o

.bss.counter.6650
                0x00000000        0x4
 .bss.counter.6650
                0x00000000        0x4 px4io.c.o

.bss.system_state
                0x00000000       0x18
 .bss.system_state
                0x00000000       0x18 px4io.c.o
                0x00000000                system_state

.bss.msg_next_out
                0x00000000        0x1
 .bss.msg_next_out
                0x00000000        0x1 px4io.c.o

.bss.serial_dma_call
                0x00000000       0x20
 .bss.serial_dma_call
                0x00000000       0x20 px4io.c.o

.bss.msg_counter
                0x00000000        0x4
 .bss.msg_counter
                0x00000000        0x4 px4io.c.o

.bss.msg        0x00000000       0x50
 .bss.msg       0x00000000       0x50 px4io.c.o

.bss.msg_next_in
                0x00000000        0x1
 .bss.msg_next_in
                0x00000000        0x1 px4io.c.o

.bss.pwm_limit  0x00000000       0x10
 .bss.pwm_limit
                0x00000000       0x10 px4io.c.o
                0x00000000                pwm_limit

.bss.on_counter.6653
                0x00000000        0x4
 .bss.on_counter.6653
                0x00000000        0x4 px4io.c.o

.bss.heartbeat.6645
                0x00000000        0x1
 .bss.heartbeat.6645
                0x00000000        0x1 px4io.c.o

.bss.last_msg_counter
                0x00000000        0x4
 .bss.last_msg_counter
                0x00000000        0x4 px4io.c.o

.bss.brightness_counter.6652
                0x00000000        0x4
 .bss.brightness_counter.6652
                0x00000000        0x4 px4io.c.o

.bss.reboot_time
                0x00000000        0x8
 .bss.reboot_time
                0x00000000        0x8 px4io.c.o

.bss.r_page_rc_input
                0x00000000       0x14
 .bss.r_page_rc_input
                0x00000000       0x14 registers.c.o
                0x00000000                r_page_rc_input

.bss.r_page_scratch
                0x00000000       0x40
 .bss.r_page_scratch
                0x00000000       0x40 registers.c.o
                0x00000000                r_page_scratch

.bss.r_page_servos
                0x00000000       0x10
 .bss.r_page_servos
                0x00000000       0x10 registers.c.o
                0x00000000                r_page_servos

.bss.last_offset
                0x00000000        0x1
 .bss.last_offset
                0x00000000        0x1 registers.c.o
                0x00000000                last_offset

.bss.r_page_status
                0x00000000       0x14
 .bss.r_page_status
                0x00000000       0x14 registers.c.o
                0x00000000                r_page_status

.bss.r_page_rc_input_config
                0x00000000       0xd8
 .bss.r_page_rc_input_config
                0x00000000       0xd8 registers.c.o
                0x00000000                r_page_rc_input_config

.bss.r_page_servo_disarmed
                0x00000000       0x10
 .bss.r_page_servo_disarmed
                0x00000000       0x10 registers.c.o
                0x00000000                r_page_servo_disarmed

.bss.r_page_controls
                0x00000000       0x40
 .bss.r_page_controls
                0x00000000       0x40 registers.c.o
                0x00000000                r_page_controls

.bss.r_page_servo_failsafe
                0x00000000       0x10
 .bss.r_page_servo_failsafe
                0x00000000       0x10 registers.c.o
                0x00000000                r_page_servo_failsafe

.bss.r_page_raw_rc_input
                0x00000000       0x32
 .bss.r_page_raw_rc_input
                0x00000000       0x32 registers.c.o
                0x00000000                r_page_raw_rc_input

.bss.last_page  0x00000000        0x1
 .bss.last_page
                0x00000000        0x1 registers.c.o
                0x00000000                last_page

.bss.r_page_actuators
                0x00000000       0x10
 .bss.r_page_actuators
                0x00000000       0x10 registers.c.o
                0x00000000                r_page_actuators

.bss.arming_call
                0x00000000       0x20
 .bss.arming_call
                0x00000000       0x20 safety.c.o

.bss.blink_counter
                0x00000000        0x4
 .bss.blink_counter
                0x00000000        0x4 safety.c.o

.bss.safety_button_pressed
                0x00000000        0x1
 .bss.safety_button_pressed
                0x00000000        0x1 safety.c.o

.bss.failsafe.5455
                0x00000000        0x1
 .bss.failsafe.5455
                0x00000000        0x1 safety.c.o

.bss.failsafe_call
                0x00000000       0x20
 .bss.failsafe_call
                0x00000000       0x20 safety.c.o

.bss.counter    0x00000000        0x4
 .bss.counter   0x00000000        0x4 safety.c.o

.bss.frame      0x00000000       0x19
 .bss.frame     0x00000000       0x19 ../../lib/rc/sbus.c.o

.bss.last_frame_time
                0x00000000        0x8
 .bss.last_frame_time
                0x00000000        0x8 ../../lib/rc/sbus.c.o

.bss.partial_frame_count
                0x00000000        0x4
 .bss.partial_frame_count
                0x00000000        0x4 ../../lib/rc/sbus.c.o

.bss.last_txframe_time
                0x00000000        0x8
 .bss.last_txframe_time
                0x00000000        0x8 ../../lib/rc/sbus.c.o

.bss.last_rx_time
                0x00000000        0x8
 .bss.last_rx_time
                0x00000000        0x8 ../../lib/rc/sbus.c.o

.bss.sbus_frame_drops
                0x00000000        0x4
 .bss.sbus_frame_drops
                0x00000000        0x4 ../../lib/rc/sbus.c.o
                0x00000000                sbus_frame_drops

.bss.dsm_last_frame_time
                0x00000000        0x8
 .bss.dsm_last_frame_time
                0x00000000        0x8 ../../lib/rc/dsm.c.o

.bss.dsm_partial_frame_count
                0x00000000        0x4
 .bss.dsm_partial_frame_count
                0x00000000        0x4 ../../lib/rc/dsm.c.o

.bss.cs11.6021  0x00000000        0x4
 .bss.cs11.6021
                0x00000000        0x4 ../../lib/rc/dsm.c.o

.bss.dsm_last_rx_time
                0x00000000        0x8
 .bss.dsm_last_rx_time
                0x00000000        0x8 ../../lib/rc/dsm.c.o

.bss.samples.6022
                0x00000000        0x4
 .bss.samples.6022
                0x00000000        0x4 ../../lib/rc/dsm.c.o

.bss.dsm_frame  0x00000000       0x10
 .bss.dsm_frame
                0x00000000       0x10 ../../lib/rc/dsm.c.o

.bss.cs10.6020  0x00000000        0x4
 .bss.cs10.6020
                0x00000000        0x4 ../../lib/rc/dsm.c.o

.bss.dsm_frame_drops
                0x00000000        0x4
 .bss.dsm_frame_drops
                0x00000000        0x4 ../../lib/rc/dsm.c.o

.bss.dsm_channel_shift
                0x00000000        0x4
 .bss.dsm_channel_shift
                0x00000000        0x4 ../../lib/rc/dsm.c.o

.bss.perf_counters
                0x00000000        0x8
 .bss.perf_counters
                0x00000000        0x8 ../systemlib/perf_counter.c.o

.bss._ZL11mixer_group
                0x00000000       0x14
 .bss._ZL11mixer_group
                0x00000000       0x14 mixer.cpp.o

.bss._ZL17mixer_text_length
                0x00000000        0x4
 .bss._ZL17mixer_text_length
                0x00000000        0x4 mixer.cpp.o

.bss._ZL10should_arm
                0x00000000        0x1
 .bss._ZL10should_arm
                0x00000000        0x1 mixer.cpp.o

.bss._ZL21should_arm_nothrottle
                0x00000000        0x1
 .bss._ZL21should_arm_nothrottle
                0x00000000        0x1 mixer.cpp.o

.bss._ZL18mixer_servos_armed
                0x00000000        0x1
 .bss._ZL18mixer_servos_armed
                0x00000000        0x1 mixer.cpp.o

.bss._ZL24should_always_enable_pwm
                0x00000000        0x1
 .bss._ZL24should_always_enable_pwm
                0x00000000        0x1 mixer.cpp.o

.bss._ZL10mixer_text
                0x00000000      0x100
 .bss._ZL10mixer_text
                0x00000000      0x100 mixer.cpp.o

.bss._ZL8in_mixer
                0x00000000        0x1
 .bss._ZL8in_mixer
                0x00000000        0x1 mixer.cpp.o

.bss._ZL6source
                0x00000000        0x1
 .bss._ZL6source
                0x00000000        0x1 mixer.cpp.o

.bss._rxpacket  0x00000000       0x8f
 .bss._rxpacket
                0x00000000       0x45 ../../lib/rc/st24.c.o
 *fill*         0x00000045        0x3 
 .bss._rxpacket
                0x00000048       0x47 ../../lib/rc/sumd.c.o

.bss._decode_state
                0x00000000        0x2
 .bss._decode_state
                0x00000000        0x1 ../../lib/rc/st24.c.o
 .bss._decode_state
                0x00000001        0x1 ../../lib/rc/sumd.c.o

.bss._rxlen     0x00000000        0x2
 .bss._rxlen    0x00000000        0x1 ../../lib/rc/st24.c.o
 .bss._rxlen    0x00000001        0x1 ../../lib/rc/sumd.c.o

.bss._crc16     0x00000000        0x2
 .bss._crc16    0x00000000        0x2 ../../lib/rc/sumd.c.o
                0x00000000                _crc16

.bss._crc8      0x00000000        0x1
 .bss._crc8     0x00000000        0x1 ../../lib/rc/sumd.c.o
                0x00000000                _crc8

.bss._debug     0x00000000        0x1
 .bss._debug    0x00000000        0x1 ../../lib/rc/sumd.c.o
                0x00000000                _debug

.bss._crcOK     0x00000000        0x1
 .bss._crcOK    0x00000000        0x1 ../../lib/rc/sumd.c.o
                0x00000000                _crcOK

.bss.pc_badidle
                0x00000000        0x4
 .bss.pc_badidle
                0x00000000        0x4 serial.c.o

.bss.rx_dma     0x00000000        0x4
 .bss.rx_dma    0x00000000        0x4 serial.c.o

.bss.pc_txns    0x00000000        0x4
 .bss.pc_txns   0x00000000        0x4 serial.c.o

.bss.pc_crcerr  0x00000000        0x4
 .bss.pc_crcerr
                0x00000000        0x4 serial.c.o

.bss.pc_errors  0x00000000        0x4
 .bss.pc_errors
                0x00000000        0x4 serial.c.o

.bss.pc_fe      0x00000000        0x4
 .bss.pc_fe     0x00000000        0x4 serial.c.o

.bss.dma_packet
                0x00000000       0x44
 .bss.dma_packet
                0x00000000       0x44 serial.c.o

.bss.tx_dma     0x00000000        0x4
 .bss.tx_dma    0x00000000        0x4 serial.c.o

.bss.pc_ne      0x00000000        0x4
 .bss.pc_ne     0x00000000        0x4 serial.c.o

.bss.pc_regerr  0x00000000        0x4
 .bss.pc_regerr
                0x00000000        0x4 serial.c.o

.bss.pc_ore     0x00000000        0x4
 .bss.pc_ore    0x00000000        0x4 serial.c.o

.bss.abort_on_idle.6507
                0x00000000        0x1
 .bss.abort_on_idle.6507
                0x00000000        0x1 serial.c.o

.bss.pc_idle    0x00000000        0x4
 .bss.pc_idle   0x00000000        0x4 serial.c.o

.stab
 *(.stab)

.stabstr
 *(.stabstr)

.stab.excl
 *(.stab.excl)

.stab.exclstr
 *(.stab.exclstr)

.stab.index
 *(.stab.index)

.stab.indexstr
 *(.stab.indexstr)

.comment        0x00000000      0x863
 *(.comment)
 .comment       0x00000000       0x71 adc.c.o
 .comment       0x00000071       0x71 controls.c.o
 .comment       0x000000e2       0x71 px4io.c.o
 .comment       0x00000153       0x71 registers.c.o
 .comment       0x000001c4       0x71 safety.c.o
 .comment       0x00000235       0x71 ../../lib/rc/sbus.c.o
 .comment       0x000002a6       0x71 ../../lib/rc/dsm.c.o
 .comment       0x00000317       0x71 ../systemlib/up_cxxinitialize.c.o
 .comment       0x00000388       0x71 ../systemlib/perf_counter.c.o
 .comment       0x000003f9       0x71 mixer.cpp.o
 .comment       0x0000046a       0x71 ../systemlib/mixer/mixer.cpp.o
 .comment       0x000004db       0x71 ../systemlib/mixer/mixer_group.cpp.o
 .comment       0x0000054c       0x71 ../systemlib/mixer/mixer_multirotor.cpp.o
 .comment       0x000005bd       0x71 ../systemlib/mixer/mixer_simple.cpp.o
 .comment       0x0000062e       0x71 ../systemlib/pwm_limit/pwm_limit.c.o
 .comment       0x0000069f       0x71 ../../lib/rc/st24.c.o
 .comment       0x00000710       0x71 ../../lib/rc/sumd.c.o
 .comment       0x00000781       0x71 serial.c.o
 .comment       0x000007f2       0x71 ../systemlib/hx_stream.c.o

.group          0x00000000        0x8
 .group         0x00000000        0x8 adc.c.o

.group          0x00000000        0x8
 .group         0x00000000        0x8 adc.c.o

.group          0x00000000        0x8
 .group         0x00000000        0x8 adc.c.o

.group          0x00000000        0x8
 .group         0x00000000        0x8 adc.c.o

.group          0x00000000        0x8
 .group         0x00000000        0x8 adc.c.o

.group          0x00000000        0x8
 .group         0x00000000        0x8 adc.c.o

.group          0x00000000        0x8
 .group         0x00000000        0x8 adc.c.o

.group          0x00000000        0x8
 .group         0x00000000        0x8 adc.c.o

.group          0x00000000        0x8
 .group         0x00000000        0x8 adc.c.o

.group          0x00000000        0x8
 .group         0x00000000        0x8 adc.c.o

.group          0x00000000        0x8
 .group         0x00000000        0x8 adc.c.o

.group          0x00000000        0x8
 .group         0x00000000        0x8 adc.c.o

.group          0x00000000        0x8
 .group         0x00000000        0x8 adc.c.o

.group          0x00000000        0x8
 .group         0x00000000        0x8 adc.c.o

.group          0x00000000        0x8
 .group         0x00000000        0x8 adc.c.o

.group          0x00000000        0x8
 .group         0x00000000        0x8 adc.c.o

.group          0x00000000        0x8
 .group         0x00000000        0x8 adc.c.o

.group          0x00000000        0x8
 .group         0x00000000        0x8 adc.c.o

.group          0x00000000        0x8
 .group         0x00000000        0x8 adc.c.o

.group          0x00000000        0x8
 .group         0x00000000        0x8 adc.c.o

.group          0x00000000        0x8
 .group         0x00000000        0x8 adc.c.o

.group          0x00000000        0x8
 .group         0x00000000        0x8 adc.c.o

.group          0x00000000        0x8
 .group         0x00000000        0x8 adc.c.o

.group          0x00000000        0x8
 .group         0x00000000        0x8 adc.c.o

.group          0x00000000        0x8
 .group         0x00000000        0x8 adc.c.o

.group          0x00000000        0x8
 .group         0x00000000        0x8 adc.c.o

.group          0x00000000        0x8
 .group         0x00000000        0x8 adc.c.o

.group          0x00000000        0x8
 .group         0x00000000        0x8 adc.c.o

.group          0x00000000        0x8
 .group         0x00000000        0x8 adc.c.o

.group          0x00000000        0x8
 .group         0x00000000        0x8 adc.c.o

.group          0x00000000        0x8
 .group         0x00000000        0x8 adc.c.o

.group          0x00000000        0x8
 .group         0x00000000        0x8 adc.c.o

.group          0x00000000        0x8
 .group         0x00000000        0x8 adc.c.o

.group          0x00000000        0x8
 .group         0x00000000        0x8 adc.c.o

.group          0x00000000        0x8
 .group         0x00000000        0x8 adc.c.o

.group          0x00000000        0x8
 .group         0x00000000        0x8 adc.c.o

.group          0x00000000        0x8
 .group         0x00000000        0x8 adc.c.o

.group          0x00000000        0x8
 .group         0x00000000        0x8 adc.c.o

.group          0x00000000        0x8
 .group         0x00000000        0x8 adc.c.o

.group          0x00000000        0x8
 .group         0x00000000        0x8 adc.c.o

.group          0x00000000        0x8
 .group         0x00000000        0x8 adc.c.o

.group          0x00000000        0x8
 .group         0x00000000        0x8 adc.c.o

.group          0x00000000        0x8
 .group         0x00000000        0x8 adc.c.o

.group          0x00000000        0x8
 .group         0x00000000        0x8 adc.c.o

.group          0x00000000        0x8
 .group         0x00000000        0x8 adc.c.o

.group          0x00000000        0x8
 .group         0x00000000        0x8 adc.c.o

.group          0x00000000        0x8
 .group         0x00000000        0x8 adc.c.o

.group          0x00000000        0x8
 .group         0x00000000        0x8 adc.c.o

.group          0x00000000        0x8
 .group         0x00000000        0x8 adc.c.o

.group          0x00000000        0x8
 .group         0x00000000        0x8 adc.c.o

.group          0x00000000        0x8
 .group         0x00000000        0x8 adc.c.o

.group          0x00000000        0x8
 .group         0x00000000        0x8 adc.c.o

.group          0x00000000        0x8
 .group         0x00000000        0x8 adc.c.o

.group          0x00000000        0x8
 .group         0x00000000        0x8 adc.c.o

.group          0x00000000        0x8
 .group         0x00000000        0x8 adc.c.o

.group          0x00000000        0x8
 .group         0x00000000        0x8 adc.c.o

.group          0x00000000        0x8
 .group         0x00000000        0x8 adc.c.o

.group          0x00000000        0x8
 .group         0x00000000        0x8 adc.c.o

.group          0x00000000        0x8
 .group         0x00000000        0x8 adc.c.o

.group          0x00000000        0x8
 .group         0x00000000        0x8 adc.c.o

.group          0x00000000        0x8
 .group         0x00000000        0x8 adc.c.o

.group          0x00000000        0x8
 .group         0x00000000        0x8 adc.c.o

.group          0x00000000        0x8
 .group         0x00000000        0x8 adc.c.o

.group          0x00000000        0x8
 .group         0x00000000        0x8 adc.c.o

.group          0x00000000        0x8
 .group         0x00000000        0x8 adc.c.o

.group          0x00000000        0x8
 .group         0x00000000        0x8 adc.c.o

.group          0x00000000        0x8
 .group         0x00000000        0x8 adc.c.o

.group          0x00000000        0x8
 .group         0x00000000        0x8 adc.c.o

.group          0x00000000        0x8
 .group         0x00000000        0x8 adc.c.o

.group          0x00000000        0x8
 .group         0x00000000        0x8 adc.c.o

.group          0x00000000        0x8
 .group         0x00000000        0x8 adc.c.o

.group          0x00000000        0x8
 .group         0x00000000        0x8 adc.c.o

.group          0x00000000        0x8
 .group         0x00000000        0x8 adc.c.o

.group          0x00000000        0x8
 .group         0x00000000        0x8 adc.c.o

.group          0x00000000        0x8
 .group         0x00000000        0x8 adc.c.o

.group          0x00000000        0x8
 .group         0x00000000        0x8 adc.c.o

.group          0x00000000        0x8
 .group         0x00000000        0x8 adc.c.o

.group          0x00000000        0x8
 .group         0x00000000        0x8 adc.c.o

.group          0x00000000        0x8
 .group         0x00000000        0x8 adc.c.o

.group          0x00000000        0x8
 .group         0x00000000        0x8 adc.c.o

.group          0x00000000        0x8
 .group         0x00000000        0x8 adc.c.o

.group          0x00000000        0x8
 .group         0x00000000        0x8 adc.c.o

.group          0x00000000        0x8
 .group         0x00000000        0x8 adc.c.o

.group          0x00000000        0x8
 .group         0x00000000        0x8 adc.c.o

.group          0x00000000        0x8
 .group         0x00000000        0x8 adc.c.o

.group          0x00000000        0x8
 .group         0x00000000        0x8 adc.c.o

.group          0x00000000        0x8
 .group         0x00000000        0x8 adc.c.o

.group          0x00000000        0x8
 .group         0x00000000        0x8 adc.c.o

.group          0x00000000        0x8
 .group         0x00000000        0x8 adc.c.o

.group          0x00000000        0x8
 .group         0x00000000        0x8 adc.c.o

.group          0x00000000        0x8
 .group         0x00000000        0x8 adc.c.o

.group          0x00000000        0x8
 .group         0x00000000        0x8 adc.c.o

.group          0x00000000        0x8
 .group         0x00000000        0x8 adc.c.o

.group          0x00000000        0x8
 .group         0x00000000        0x8 adc.c.o

.group          0x00000000        0x8
 .group         0x00000000        0x8 adc.c.o

.group          0x00000000        0x8
 .group         0x00000000        0x8 adc.c.o

.group          0x00000000        0x8
 .group         0x00000000        0x8 adc.c.o

.group          0x00000000        0x8
 .group         0x00000000        0x8 adc.c.o

.group          0x00000000        0x8
 .group         0x00000000        0x8 adc.c.o

.group          0x00000000        0x8
 .group         0x00000000        0x8 adc.c.o

.group          0x00000000        0x8
 .group         0x00000000        0x8 adc.c.o

.group          0x00000000        0x8
 .group         0x00000000        0x8 adc.c.o

.group          0x00000000        0x8
 .group         0x00000000        0x8 adc.c.o

.group          0x00000000        0x8
 .group         0x00000000        0x8 controls.c.o

.group          0x00000000        0x8
 .group         0x00000000        0x8 controls.c.o

.group          0x00000000        0x8
 .group         0x00000000        0x8 controls.c.o

.group          0x00000000        0x8
 .group         0x00000000        0x8 controls.c.o

.group          0x00000000        0x8
 .group         0x00000000        0x8 controls.c.o

.group          0x00000000        0x8
 .group         0x00000000        0x8 controls.c.o

.group          0x00000000        0x8
 .group         0x00000000        0x8 controls.c.o

.group          0x00000000        0x8
 .group         0x00000000        0x8 controls.c.o

.group          0x00000000        0x8
 .group         0x00000000        0x8 controls.c.o

.group          0x00000000        0x8
 .group         0x00000000        0x8 controls.c.o

.group          0x00000000        0x8
 .group         0x00000000        0x8 controls.c.o

.group          0x00000000        0x8
 .group         0x00000000        0x8 px4io.c.o

.group          0x00000000        0x8
 .group         0x00000000        0x8 px4io.c.o

.group          0x00000000        0x8
 .group         0x00000000        0x8 px4io.c.o

.group          0x00000000        0x8
 .group         0x00000000        0x8 px4io.c.o

.group          0x00000000        0x8
 .group         0x00000000        0x8 px4io.c.o

.group          0x00000000        0x8
 .group         0x00000000        0x8 px4io.c.o

.group          0x00000000        0x8
 .group         0x00000000        0x8 px4io.c.o

.group          0x00000000        0x8
 .group         0x00000000        0x8 px4io.c.o

.group          0x00000000        0x8
 .group         0x00000000        0x8 px4io.c.o

.group          0x00000000        0x8
 .group         0x00000000        0x8 registers.c.o

.group          0x00000000        0x8
 .group         0x00000000        0x8 safety.c.o

.group          0x00000000        0x8
 .group         0x00000000        0x8 ../../lib/rc/sbus.c.o

.group          0x00000000        0x8
 .group         0x00000000        0x8 ../../lib/rc/sbus.c.o

.group          0x00000000        0x8
 .group         0x00000000        0x8 ../../lib/rc/dsm.c.o

.group          0x00000000        0x8
 .group         0x00000000        0x8 ../systemlib/perf_counter.c.o

.group          0x00000000        0x8
 .group         0x00000000        0x8 ../systemlib/perf_counter.c.o

.group          0x00000000        0x8
 .group         0x00000000        0x8 ../systemlib/perf_counter.c.o

.group          0x00000000        0x8
 .group         0x00000000        0x8 ../systemlib/perf_counter.c.o

.group          0x00000000        0x8
 .group         0x00000000        0x8 ../systemlib/perf_counter.c.o

.group          0x00000000        0x8
 .group         0x00000000        0x8 ../systemlib/perf_counter.c.o

.group          0x00000000        0x8
 .group         0x00000000        0x8 mixer.cpp.o

.group          0x00000000        0x8
 .group         0x00000000        0x8 mixer.cpp.o

.group          0x00000000        0x8
 .group         0x00000000        0x8 mixer.cpp.o

.group          0x00000000        0x8
 .group         0x00000000        0x8 mixer.cpp.o

.group          0x00000000        0x8
 .group         0x00000000        0x8 mixer.cpp.o

.group          0x00000000        0x8
 .group         0x00000000        0x8 mixer.cpp.o

.group          0x00000000        0x8
 .group         0x00000000        0x8 mixer.cpp.o

.group          0x00000000        0x8
 .group         0x00000000        0x8 mixer.cpp.o

.group          0x00000000        0x8
 .group         0x00000000        0x8 mixer.cpp.o

.group          0x00000000        0x8
 .group         0x00000000        0x8 mixer.cpp.o

.group          0x00000000        0x8
 .group         0x00000000        0x8 mixer.cpp.o

.group          0x00000000        0x8
 .group         0x00000000        0x8 mixer.cpp.o

.group          0x00000000        0x8
 .group         0x00000000        0x8 mixer.cpp.o

.group          0x00000000        0x8
 .group         0x00000000        0x8 mixer.cpp.o

.group          0x00000000        0x8
 .group         0x00000000        0x8 mixer.cpp.o

.group          0x00000000        0x8
 .group         0x00000000        0x8 mixer.cpp.o

.group          0x00000000        0x8
 .group         0x00000000        0x8 mixer.cpp.o

.group          0x00000000        0x8
 .group         0x00000000        0x8 mixer.cpp.o

.group          0x00000000        0x8
 .group         0x00000000        0x8 mixer.cpp.o

.group          0x00000000        0x8
 .group         0x00000000        0x8 mixer.cpp.o

.group          0x00000000        0x8
 .group         0x00000000        0x8 mixer.cpp.o

.group          0x00000000        0x8
 .group         0x00000000        0x8 mixer.cpp.o

.group          0x00000000        0x8
 .group         0x00000000        0x8 mixer.cpp.o

.group          0x00000000        0x8
 .group         0x00000000        0x8 mixer.cpp.o

.group          0x00000000        0x8
 .group         0x00000000        0x8 mixer.cpp.o

.group          0x00000000        0x8
 .group         0x00000000        0x8 mixer.cpp.o

.group          0x00000000        0x8
 .group         0x00000000        0x8 mixer.cpp.o

.group          0x00000000        0x8
 .group         0x00000000        0x8 mixer.cpp.o

.group          0x00000000        0x8
 .group         0x00000000        0x8 mixer.cpp.o

.group          0x00000000        0x8
 .group         0x00000000        0x8 mixer.cpp.o

.group          0x00000000        0x8
 .group         0x00000000        0x8 mixer.cpp.o

.group          0x00000000        0x8
 .group         0x00000000        0x8 mixer.cpp.o

.group          0x00000000        0x8
 .group         0x00000000        0x8 mixer.cpp.o

.group          0x00000000        0x8
 .group         0x00000000        0x8 mixer.cpp.o

.group          0x00000000        0x8
 .group         0x00000000        0x8 mixer.cpp.o

.group          0x00000000        0x8
 .group         0x00000000        0x8 mixer.cpp.o

.group          0x00000000        0x8
 .group         0x00000000        0x8 mixer.cpp.o

.group          0x00000000        0x8
 .group         0x00000000        0x8 mixer.cpp.o

.group          0x00000000        0x8
 .group         0x00000000        0x8 mixer.cpp.o

.group          0x00000000        0x8
 .group         0x00000000        0x8 mixer.cpp.o

.group          0x00000000        0x8
 .group         0x00000000        0x8 mixer.cpp.o

.group          0x00000000        0x8
 .group         0x00000000        0x8 mixer.cpp.o

.group          0x00000000        0x8
 .group         0x00000000        0x8 mixer.cpp.o

.group          0x00000000        0x8
 .group         0x00000000        0x8 mixer.cpp.o

.group          0x00000000        0x8
 .group         0x00000000        0x8 mixer.cpp.o

.group          0x00000000        0x8
 .group         0x00000000        0x8 mixer.cpp.o

.group          0x00000000        0x8
 .group         0x00000000        0x8 mixer.cpp.o

.group          0x00000000        0x8
 .group         0x00000000        0x8 mixer.cpp.o

.group          0x00000000        0x8
 .group         0x00000000        0x8 mixer.cpp.o

.group          0x00000000        0x8
 .group         0x00000000        0x8 mixer.cpp.o

.group          0x00000000        0x8
 .group         0x00000000        0x8 mixer.cpp.o

.group          0x00000000        0x8
 .group         0x00000000        0x8 mixer.cpp.o

.group          0x00000000        0x8
 .group         0x00000000        0x8 mixer.cpp.o

.group          0x00000000        0xc
 .group         0x00000000        0xc ../systemlib/mixer/mixer.cpp.o

.group          0x00000000        0x8
 .group         0x00000000        0x8 ../systemlib/mixer/mixer.cpp.o

.group          0x00000000        0x8
 .group         0x00000000        0x8 ../systemlib/mixer/mixer.cpp.o

.group          0x00000000        0x8
 .group         0x00000000        0x8 ../systemlib/mixer/mixer.cpp.o

.group          0x00000000        0x8
 .group         0x00000000        0x8 ../systemlib/mixer/mixer.cpp.o

.group          0x00000000        0x8
 .group         0x00000000        0x8 ../systemlib/mixer/mixer.cpp.o

.group          0x00000000        0x8
 .group         0x00000000        0x8 ../systemlib/mixer/mixer.cpp.o

.group          0x00000000        0x8
 .group         0x00000000        0x8 ../systemlib/mixer/mixer.cpp.o

.group          0x00000000        0x8
 .group         0x00000000        0x8 ../systemlib/mixer/mixer.cpp.o

.group          0x00000000        0x8
 .group         0x00000000        0x8 ../systemlib/mixer/mixer.cpp.o

.group          0x00000000        0x8
 .group         0x00000000        0x8 ../systemlib/mixer/mixer.cpp.o

.group          0x00000000        0x8
 .group         0x00000000        0x8 ../systemlib/mixer/mixer.cpp.o

.group          0x00000000        0x8
 .group         0x00000000        0x8 ../systemlib/mixer/mixer_multirotor.cpp.o

.group          0x00000000        0x8
 .group         0x00000000        0x8 ../systemlib/pwm_limit/pwm_limit.c.o

.group          0x00000000        0x8
 .group         0x00000000        0x8 serial.c.o

.group          0x00000000        0x8
 .group         0x00000000        0x8 serial.c.o

.group          0x00000000        0x8
 .group         0x00000000        0x8 ../systemlib/hx_stream.c.o

.debug
 *(.debug)

.line
 *(.line)

.debug_srcinfo
 *(.debug_srcinfo)

.debug_sfnames
 *(.debug_sfnames)

.debug_aranges  0x00000000      0x4e0
 *(.debug_aranges)
 .debug_aranges
                0x00000000       0x28 adc.c.o
 .debug_aranges
                0x00000028       0x28 controls.c.o
 .debug_aranges
                0x00000050       0x38 px4io.c.o
 .debug_aranges
                0x00000088       0x30 registers.c.o
 .debug_aranges
                0x000000b8       0x38 safety.c.o
 .debug_aranges
                0x000000f0       0x38 ../../lib/rc/sbus.c.o
 .debug_aranges
                0x00000128       0x38 ../../lib/rc/dsm.c.o
 .debug_aranges
                0x00000160       0x20 ../systemlib/up_cxxinitialize.c.o
 .debug_aranges
                0x00000180       0x90 ../systemlib/perf_counter.c.o
 .debug_aranges
                0x00000210       0x40 mixer.cpp.o
 .debug_aranges
                0x00000250       0x78 ../systemlib/mixer/mixer.cpp.o
 .debug_aranges
                0x000002c8       0x60 ../systemlib/mixer/mixer_group.cpp.o
 .debug_aranges
                0x00000328       0x48 ../systemlib/mixer/mixer_multirotor.cpp.o
 .debug_aranges
                0x00000370       0x68 ../systemlib/mixer/mixer_simple.cpp.o
 .debug_aranges
                0x000003d8       0x28 ../systemlib/pwm_limit/pwm_limit.c.o
 .debug_aranges
                0x00000400       0x28 ../../lib/rc/st24.c.o
 .debug_aranges
                0x00000428       0x30 ../../lib/rc/sumd.c.o
 .debug_aranges
                0x00000458       0x30 serial.c.o
 .debug_aranges
                0x00000488       0x58 ../systemlib/hx_stream.c.o

.debug_pubnames
 *(.debug_pubnames)

.debug_info     0x00000000     0xbbe6
 *(.debug_info)
 .debug_info    0x00000000      0x3e5 adc.c.o
 .debug_info    0x000003e5      0xb34 controls.c.o
 .debug_info    0x00000f19      0xdd5 px4io.c.o
 .debug_info    0x00001cee      0xa62 registers.c.o
 .debug_info    0x00002750      0x4ed safety.c.o
 .debug_info    0x00002c3d      0x785 ../../lib/rc/sbus.c.o
 .debug_info    0x000033c2      0xa68 ../../lib/rc/dsm.c.o
 .debug_info    0x00003e2a       0xf2 ../systemlib/up_cxxinitialize.c.o
 .debug_info    0x00003f1c      0xdb2 ../systemlib/perf_counter.c.o
 .debug_info    0x00004cce      0xdb2 mixer.cpp.o
 .debug_info    0x00005a80      0xa41 ../systemlib/mixer/mixer.cpp.o
 .debug_info    0x000064c1      0xbfb ../systemlib/mixer/mixer_group.cpp.o
 .debug_info    0x000070bc     0x18e4 ../systemlib/mixer/mixer_multirotor.cpp.o
 .debug_info    0x000089a0     0x10e2 ../systemlib/mixer/mixer_simple.cpp.o
 .debug_info    0x00009a82      0x3f8 ../systemlib/pwm_limit/pwm_limit.c.o
 .debug_info    0x00009e7a      0x45e ../../lib/rc/st24.c.o
 .debug_info    0x0000a2d8      0x668 ../../lib/rc/sumd.c.o
 .debug_info    0x0000a940      0xb4a serial.c.o
 .debug_info    0x0000b48a      0x75c ../systemlib/hx_stream.c.o

.debug_abbrev   0x00000000     0x37a5
 *(.debug_abbrev)
 .debug_abbrev  0x00000000      0x182 adc.c.o
 .debug_abbrev  0x00000182      0x2fd controls.c.o
 .debug_abbrev  0x0000047f      0x359 px4io.c.o
 .debug_abbrev  0x000007d8      0x29b registers.c.o
 .debug_abbrev  0x00000a73      0x207 safety.c.o
 .debug_abbrev  0x00000c7a      0x247 ../../lib/rc/sbus.c.o
 .debug_abbrev  0x00000ec1      0x347 ../../lib/rc/dsm.c.o
 .debug_abbrev  0x00001208       0x89 ../systemlib/up_cxxinitialize.c.o
 .debug_abbrev  0x00001291      0x3a8 ../systemlib/perf_counter.c.o
 .debug_abbrev  0x00001639      0x3b2 mixer.cpp.o
 .debug_abbrev  0x000019eb      0x3fe ../systemlib/mixer/mixer.cpp.o
 .debug_abbrev  0x00001de9      0x3ea ../systemlib/mixer/mixer_group.cpp.o
 .debug_abbrev  0x000021d3      0x550 ../systemlib/mixer/mixer_multirotor.cpp.o
 .debug_abbrev  0x00002723      0x572 ../systemlib/mixer/mixer_simple.cpp.o
 .debug_abbrev  0x00002c95      0x177 ../systemlib/pwm_limit/pwm_limit.c.o
 .debug_abbrev  0x00002e0c      0x196 ../../lib/rc/st24.c.o
 .debug_abbrev  0x00002fa2      0x1d5 ../../lib/rc/sumd.c.o
 .debug_abbrev  0x00003177      0x2e4 serial.c.o
 .debug_abbrev  0x0000345b      0x34a ../systemlib/hx_stream.c.o

.debug_line     0x00000000    0x11333
 *(.debug_line .debug_line.* .debug_line_end)
 .debug_line    0x00000000     0x10ca adc.c.o
 .debug_line    0x000010ca     0x1429 controls.c.o
 .debug_line    0x000024f3     0x129d px4io.c.o
 .debug_line    0x00003790     0x153a registers.c.o
 .debug_line    0x00004cca      0xd8e safety.c.o
 .debug_line    0x00005a58      0x4fa ../../lib/rc/sbus.c.o
 .debug_line    0x00005f52     0x10ba ../../lib/rc/dsm.c.o
 .debug_line    0x0000700c      0x2af ../systemlib/up_cxxinitialize.c.o
 .debug_line    0x000072bb      0xc60 ../systemlib/perf_counter.c.o
 .debug_line    0x00007f1b     0x19e5 mixer.cpp.o
 .debug_line    0x00009900     0x1105 ../systemlib/mixer/mixer.cpp.o
 .debug_line    0x0000aa05     0x10cc ../systemlib/mixer/mixer_group.cpp.o
 .debug_line    0x0000bad1     0x12c6 ../systemlib/mixer/mixer_multirotor.cpp.o
 .debug_line    0x0000cd97     0x1197 ../systemlib/mixer/mixer_simple.cpp.o
 .debug_line    0x0000df2e      0x893 ../systemlib/pwm_limit/pwm_limit.c.o
 .debug_line    0x0000e7c1      0x7e5 ../../lib/rc/st24.c.o
 .debug_line    0x0000efa6      0x7b6 ../../lib/rc/sumd.c.o
 .debug_line    0x0000f75c     0x11ba serial.c.o
 .debug_line    0x00010916      0xa1d ../systemlib/hx_stream.c.o

.debug_frame    0x00000000      0xf50
 *(.debug_frame)
 .debug_frame   0x00000000       0x54 adc.c.o
 .debug_frame   0x00000054       0x60 controls.c.o
 .debug_frame   0x000000b4       0xe0 px4io.c.o
 .debug_frame   0x00000194       0xb0 registers.c.o
 .debug_frame   0x00000244       0x70 safety.c.o
 .debug_frame   0x000002b4       0xb0 ../../lib/rc/sbus.c.o
 .debug_frame   0x00000364       0xf0 ../../lib/rc/dsm.c.o
 .debug_frame   0x00000454       0x30 ../systemlib/up_cxxinitialize.c.o
 .debug_frame   0x00000484      0x280 ../systemlib/perf_counter.c.o
 .debug_frame   0x00000704       0xfc mixer.cpp.o
 .debug_frame   0x00000800      0x138 ../systemlib/mixer/mixer.cpp.o
 .debug_frame   0x00000938       0xfc ../systemlib/mixer/mixer_group.cpp.o
 .debug_frame   0x00000a34       0xd0 ../systemlib/mixer/mixer_multirotor.cpp.o
 .debug_frame   0x00000b04      0x1a0 ../systemlib/mixer/mixer_simple.cpp.o
 .debug_frame   0x00000ca4       0x50 ../systemlib/pwm_limit/pwm_limit.c.o
 .debug_frame   0x00000cf4       0x50 ../../lib/rc/st24.c.o
 .debug_frame   0x00000d44       0x80 ../../lib/rc/sumd.c.o
 .debug_frame   0x00000dc4       0x9c serial.c.o
 .debug_frame   0x00000e60       0xf0 ../systemlib/hx_stream.c.o

.debug_str      0x00000000   0x1e5e9e
 *(.debug_str)
 .debug_str     0x00000000    0x2ef15 adc.c.o
 .debug_str     0x0002ef15    0x2ee55 controls.c.o
 .debug_str     0x0005dd6a    0x314ef px4io.c.o
 .debug_str     0x0008f259    0x2f7f3 registers.c.o
 .debug_str     0x000bea4c    0x2af1c safety.c.o
 .debug_str     0x000e9968     0x5b44 ../../lib/rc/sbus.c.o
 .debug_str     0x000ef4ac    0x2c760 ../../lib/rc/dsm.c.o
 .debug_str     0x0011bc0c     0x47c6 ../systemlib/up_cxxinitialize.c.o
 .debug_str     0x001203d2     0xd6d2 ../systemlib/perf_counter.c.o
 .debug_str     0x0012daa4    0x2fa9e mixer.cpp.o
 .debug_str     0x0015d542     0xdc5e ../systemlib/mixer/mixer.cpp.o
 .debug_str     0x0016b1a0     0xdaf6 ../systemlib/mixer/mixer_group.cpp.o
 .debug_str     0x00178c96     0xf2f0 ../systemlib/mixer/mixer_multirotor.cpp.o
 .debug_str     0x00187f86     0xde31 ../systemlib/mixer/mixer_simple.cpp.o
 .debug_str     0x00195db7     0x801e ../systemlib/pwm_limit/pwm_limit.c.o
 .debug_str     0x0019ddd5     0x6ecd ../../lib/rc/st24.c.o
 .debug_str     0x001a4ca2     0x6ef5 ../../lib/rc/sumd.c.o
 .debug_str     0x001abb97    0x2f375 serial.c.o
 .debug_str     0x001daf0c     0xaf92 ../systemlib/hx_stream.c.o

.debug_loc      0x00000000     0x88c5
 *(.debug_loc)
 .debug_loc     0x00000000       0x4e adc.c.o
 .debug_loc     0x0000004e      0x6cb controls.c.o
 .debug_loc     0x00000719      0x343 px4io.c.o
 .debug_loc     0x00000a5c     0x1d5d registers.c.o
 .debug_loc     0x000027b9       0xd5 safety.c.o
 .debug_loc     0x0000288e      0x5f5 ../../lib/rc/sbus.c.o
 .debug_loc     0x00002e83     0x139b ../../lib/rc/dsm.c.o
 .debug_loc     0x0000421e       0x49 ../systemlib/up_cxxinitialize.c.o
 .debug_loc     0x00004267      0xa02 ../systemlib/perf_counter.c.o
 .debug_loc     0x00004c69      0x5dc mixer.cpp.o
 .debug_loc     0x00005245      0x37e ../systemlib/mixer/mixer.cpp.o
 .debug_loc     0x000055c3      0x538 ../systemlib/mixer/mixer_group.cpp.o
 .debug_loc     0x00005afb      0xc56 ../systemlib/mixer/mixer_multirotor.cpp.o
 .debug_loc     0x00006751      0x8a9 ../systemlib/mixer/mixer_simple.cpp.o
 .debug_loc     0x00006ffa      0x495 ../systemlib/pwm_limit/pwm_limit.c.o
 .debug_loc     0x0000748f      0x69f ../../lib/rc/st24.c.o
 .debug_loc     0x00007b2e      0x6ae ../../lib/rc/sumd.c.o
 .debug_loc     0x000081dc      0x306 serial.c.o
 .debug_loc     0x000084e2      0x3e3 ../systemlib/hx_stream.c.o

.debug_macinfo
 *(.debug_macinfo)

.debug_weaknames
 *(.debug_weaknames)

.debug_funcnames
 *(.debug_funcnames)

.debug_typenames
 *(.debug_typenames)

.debug_varnames
 *(.debug_varnames)

.debug_pubtypes
 *(.debug_pubtypes)

.debug_ranges   0x00000000     0x1360
 *(.debug_ranges)
 .debug_ranges  0x00000000       0x18 adc.c.o
 .debug_ranges  0x00000018      0x1a8 controls.c.o
 .debug_ranges  0x000001c0       0xd0 px4io.c.o
 .debug_ranges  0x00000290      0x160 registers.c.o
 .debug_ranges  0x000003f0       0x28 safety.c.o
 .debug_ranges  0x00000418       0xf0 ../../lib/rc/sbus.c.o
 .debug_ranges  0x00000508      0x1b8 ../../lib/rc/dsm.c.o
 .debug_ranges  0x000006c0       0x28 ../systemlib/up_cxxinitialize.c.o
 .debug_ranges  0x000006e8      0x188 ../systemlib/perf_counter.c.o
 .debug_ranges  0x00000870       0xe8 mixer.cpp.o
 .debug_ranges  0x00000958       0xe8 ../systemlib/mixer/mixer.cpp.o
 .debug_ranges  0x00000a40      0x150 ../systemlib/mixer/mixer_group.cpp.o
 .debug_ranges  0x00000b90      0x2a0 ../systemlib/mixer/mixer_multirotor.cpp.o
 .debug_ranges  0x00000e30      0x1f0 ../systemlib/mixer/mixer_simple.cpp.o
 .debug_ranges  0x00001020       0x98 ../systemlib/pwm_limit/pwm_limit.c.o
 .debug_ranges  0x000010b8       0x48 ../../lib/rc/st24.c.o
 .debug_ranges  0x00001100       0x40 ../../lib/rc/sumd.c.o
 .debug_ranges  0x00001140      0x110 serial.c.o
 .debug_ranges  0x00001250      0x110 ../systemlib/hx_stream.c.o

.debug_macro    0x00000000     0x4652
 *(.debug_macro)
 .debug_macro   0x00000000      0x5c1 adc.c.o
 .debug_macro   0x000005c1      0x57b controls.c.o
 .debug_macro   0x00000b3c      0x5cb px4io.c.o
 .debug_macro   0x00001107      0x58f registers.c.o
 .debug_macro   0x00001696      0x411 safety.c.o
 .debug_macro   0x00001aa7      0x123 ../../lib/rc/sbus.c.o
 .debug_macro   0x00001bca      0x498 ../../lib/rc/dsm.c.o
 .debug_macro   0x00002062       0x7e ../systemlib/up_cxxinitialize.c.o
 .debug_macro   0x000020e0      0x2c3 ../systemlib/perf_counter.c.o
 .debug_macro   0x000023a3      0x654 mixer.cpp.o
 .debug_macro   0x000029f7      0x3bd ../systemlib/mixer/mixer.cpp.o
 .debug_macro   0x00002db4      0x3b6 ../systemlib/mixer/mixer_group.cpp.o
 .debug_macro   0x0000316a      0x3cf ../systemlib/mixer/mixer_multirotor.cpp.o
 .debug_macro   0x00003539      0x3bf ../systemlib/mixer/mixer_simple.cpp.o
 .debug_macro   0x000038f8      0x216 ../systemlib/pwm_limit/pwm_limit.c.o
 .debug_macro   0x00003b0e      0x1b7 ../../lib/rc/st24.c.o
 .debug_macro   0x00003cc5      0x1b7 ../../lib/rc/sumd.c.o
 .debug_macro   0x00003e7c      0x563 serial.c.o
 .debug_macro   0x000043df      0x273 ../systemlib/hx_stream.c.o

.stack
 *(.stack)

.ARM.attributes
                0x00000000       0x2f
 *(.ARM.attributes)
 .ARM.attributes
                0x00000000       0x2f adc.c.o
 .ARM.attributes
                0x0000002f       0x2f controls.c.o
 .ARM.attributes
                0x0000005e       0x2f px4io.c.o
 .ARM.attributes
                0x0000008d       0x2f registers.c.o
 .ARM.attributes
                0x000000bc       0x2f safety.c.o
 .ARM.attributes
                0x000000eb       0x2f ../../lib/rc/sbus.c.o
 .ARM.attributes
                0x0000011a       0x2f ../../lib/rc/dsm.c.o
 .ARM.attributes
                0x00000149       0x2f ../systemlib/up_cxxinitialize.c.o
 .ARM.attributes
                0x00000178       0x2f ../systemlib/perf_counter.c.o
 .ARM.attributes
                0x000001a7       0x2f mixer.cpp.o
 .ARM.attributes
                0x000001d6       0x2f ../systemlib/mixer/mixer.cpp.o
 .ARM.attributes
                0x00000205       0x2f ../systemlib/mixer/mixer_group.cpp.o
 .ARM.attributes
                0x00000234       0x2f ../systemlib/mixer/mixer_multirotor.cpp.o
 .ARM.attributes
                0x00000263       0x2f ../systemlib/mixer/mixer_simple.cpp.o
 .ARM.attributes
                0x00000292       0x2f ../systemlib/pwm_limit/pwm_limit.c.o
 .ARM.attributes
                0x000002c1       0x2f ../../lib/rc/st24.c.o
 .ARM.attributes
                0x000002f0       0x2f ../../lib/rc/sumd.c.o
 .ARM.attributes
                0x0000031f       0x2f serial.c.o
 .ARM.attributes
                0x0000034e       0x2f ../systemlib/hx_stream.c.o
 *(.gnu.attributes)

.note.gnu.arm.ident
 *(.note.gnu.arm.ident)
OUTPUT(/home/ares/work2/ardupilot/modules/PX4Firmware/Build/px4io-v2_default.build//home/ares/work2/ardupilot/modules/PX4Firmware/src/modules/px4iofirmware/module.pre.o elf32-littlearm)

.debug_macro    0x00000000      0x874
 .debug_macro   0x00000000      0x874 adc.c.o

.debug_macro    0x00000000       0x22
 .debug_macro   0x00000000       0x22 adc.c.o

.debug_macro    0x00000000      0x55e
 .debug_macro   0x00000000      0x55e adc.c.o

.debug_macro    0x00000000       0xc9
 .debug_macro   0x00000000       0xc9 adc.c.o

.debug_macro    0x00000000       0x10
 .debug_macro   0x00000000       0x10 adc.c.o

.debug_macro    0x00000000       0x88
 .debug_macro   0x00000000       0x88 adc.c.o

.debug_macro    0x00000000      0x14e
 .debug_macro   0x00000000      0x14e adc.c.o

.debug_macro    0x00000000      0x125
 .debug_macro   0x00000000      0x125 adc.c.o

.debug_macro    0x00000000       0x6f
 .debug_macro   0x00000000       0x6f adc.c.o

.debug_macro    0x00000000       0x22
 .debug_macro   0x00000000       0x22 adc.c.o

.debug_macro    0x00000000       0x4c
 .debug_macro   0x00000000       0x4c adc.c.o

.debug_macro    0x00000000       0x49
 .debug_macro   0x00000000       0x49 adc.c.o

.debug_macro    0x00000000       0xfa
 .debug_macro   0x00000000       0xfa adc.c.o

.debug_macro    0x00000000       0x1d
 .debug_macro   0x00000000       0x1d adc.c.o

.debug_macro    0x00000000       0x28
 .debug_macro   0x00000000       0x28 adc.c.o

.debug_macro    0x00000000       0xd1
 .debug_macro   0x00000000       0xd1 adc.c.o

.debug_macro    0x00000000       0x98
 .debug_macro   0x00000000       0x98 adc.c.o

.debug_macro    0x00000000       0x16
 .debug_macro   0x00000000       0x16 adc.c.o

.debug_macro    0x00000000       0x59
 .debug_macro   0x00000000       0x59 adc.c.o

.debug_macro    0x00000000      0x114
 .debug_macro   0x00000000      0x114 adc.c.o

.debug_macro    0x00000000       0x46
 .debug_macro   0x00000000       0x46 adc.c.o

.debug_macro    0x00000000      0x1a2
 .debug_macro   0x00000000      0x1a2 adc.c.o

.debug_macro    0x00000000       0x10
 .debug_macro   0x00000000       0x10 adc.c.o

.debug_macro    0x00000000       0xbd
 .debug_macro   0x00000000       0xbd adc.c.o

.debug_macro    0x00000000       0x8a
 .debug_macro   0x00000000       0x8a adc.c.o

.debug_macro    0x00000000       0x10
 .debug_macro   0x00000000       0x10 adc.c.o

.debug_macro    0x00000000       0x10
 .debug_macro   0x00000000       0x10 adc.c.o

.debug_macro    0x00000000       0x39
 .debug_macro   0x00000000       0x39 adc.c.o

.debug_macro    0x00000000       0xba
 .debug_macro   0x00000000       0xba adc.c.o

.debug_macro    0x00000000       0x56
 .debug_macro   0x00000000       0x56 adc.c.o

.debug_macro    0x00000000       0x16
 .debug_macro   0x00000000       0x16 adc.c.o

.debug_macro    0x00000000       0x19
 .debug_macro   0x00000000       0x19 adc.c.o

.debug_macro    0x00000000       0xa1
 .debug_macro   0x00000000       0xa1 adc.c.o

.debug_macro    0x00000000       0x28
 .debug_macro   0x00000000       0x28 adc.c.o

.debug_macro    0x00000000      0x339
 .debug_macro   0x00000000      0x339 adc.c.o

.debug_macro    0x00000000      0x1d0
 .debug_macro   0x00000000      0x1d0 adc.c.o

.debug_macro    0x00000000      0x57d
 .debug_macro   0x00000000      0x57d adc.c.o

.debug_macro    0x00000000       0x71
 .debug_macro   0x00000000       0x71 adc.c.o

.debug_macro    0x00000000      0x1a4
 .debug_macro   0x00000000      0x1a4 adc.c.o

.debug_macro    0x00000000      0x570
 .debug_macro   0x00000000      0x570 adc.c.o

.debug_macro    0x00000000       0x10
 .debug_macro   0x00000000       0x10 adc.c.o

.debug_macro    0x00000000       0xbe
 .debug_macro   0x00000000       0xbe adc.c.o

.debug_macro    0x00000000      0x6f0
 .debug_macro   0x00000000      0x6f0 adc.c.o

.debug_macro    0x00000000       0x58
 .debug_macro   0x00000000       0x58 adc.c.o

.debug_macro    0x00000000       0xf4
 .debug_macro   0x00000000       0xf4 adc.c.o

.debug_macro    0x00000000       0x16
 .debug_macro   0x00000000       0x16 adc.c.o

.debug_macro    0x00000000       0x1d
 .debug_macro   0x00000000       0x1d adc.c.o

.debug_macro    0x00000000      0x139
 .debug_macro   0x00000000      0x139 adc.c.o

.debug_macro    0x00000000      0x563
 .debug_macro   0x00000000      0x563 adc.c.o

.debug_macro    0x00000000      0x675
 .debug_macro   0x00000000      0x675 adc.c.o

.debug_macro    0x00000000      0x172
 .debug_macro   0x00000000      0x172 adc.c.o

.debug_macro    0x00000000       0x9c
 .debug_macro   0x00000000       0x9c adc.c.o

.debug_macro    0x00000000      0x25c
 .debug_macro   0x00000000      0x25c adc.c.o

.debug_macro    0x00000000       0x9b
 .debug_macro   0x00000000       0x9b adc.c.o

.debug_macro    0x00000000       0x16
 .debug_macro   0x00000000       0x16 adc.c.o

.debug_macro    0x00000000       0x34
 .debug_macro   0x00000000       0x34 adc.c.o

.debug_macro    0x00000000      0x669
 .debug_macro   0x00000000      0x669 adc.c.o

.debug_macro    0x00000000       0x17
 .debug_macro   0x00000000       0x17 adc.c.o

.debug_macro    0x00000000       0xd0
 .debug_macro   0x00000000       0xd0 adc.c.o

.debug_macro    0x00000000      0x120
 .debug_macro   0x00000000      0x120 adc.c.o

.debug_macro    0x00000000       0x22
 .debug_macro   0x00000000       0x22 adc.c.o

.debug_macro    0x00000000      0x596
 .debug_macro   0x00000000      0x596 adc.c.o

.debug_macro    0x00000000       0x16
 .debug_macro   0x00000000       0x16 adc.c.o

.debug_macro    0x00000000      0x17b
 .debug_macro   0x00000000      0x17b adc.c.o

.debug_macro    0x00000000       0x16
 .debug_macro   0x00000000       0x16 adc.c.o

.debug_macro    0x00000000     0x1278
 .debug_macro   0x00000000     0x1278 adc.c.o

.debug_macro    0x00000000       0x53
 .debug_macro   0x00000000       0x53 adc.c.o

.debug_macro    0x00000000      0x26d
 .debug_macro   0x00000000      0x26d adc.c.o

.debug_macro    0x00000000       0xc7
 .debug_macro   0x00000000       0xc7 adc.c.o

.debug_macro    0x00000000       0x1c
 .debug_macro   0x00000000       0x1c adc.c.o

.debug_macro    0x00000000       0x9a
 .debug_macro   0x00000000       0x9a adc.c.o

.debug_macro    0x00000000      0x1cf
 .debug_macro   0x00000000      0x1cf adc.c.o

.debug_macro    0x00000000      0x16c
 .debug_macro   0x00000000      0x16c adc.c.o

.debug_macro    0x00000000      0x413
 .debug_macro   0x00000000      0x413 adc.c.o

.debug_macro    0x00000000       0xe7
 .debug_macro   0x00000000       0xe7 adc.c.o

.debug_macro    0x00000000       0x1d
 .debug_macro   0x00000000       0x1d adc.c.o

.debug_macro    0x00000000       0xdf
 .debug_macro   0x00000000       0xdf adc.c.o

.debug_macro    0x00000000      0x336
 .debug_macro   0x00000000      0x336 adc.c.o

.debug_macro    0x00000000       0x16
 .debug_macro   0x00000000       0x16 adc.c.o

.debug_macro    0x00000000      0x13f
 .debug_macro   0x00000000      0x13f adc.c.o

.debug_macro    0x00000000       0x1c
 .debug_macro   0x00000000       0x1c adc.c.o

.debug_macro    0x00000000       0x12
 .debug_macro   0x00000000       0x12 adc.c.o

.debug_macro    0x00000000       0x10
 .debug_macro   0x00000000       0x10 adc.c.o

.debug_macro    0x00000000       0x2e
 .debug_macro   0x00000000       0x2e adc.c.o

.debug_macro    0x00000000       0x22
 .debug_macro   0x00000000       0x22 adc.c.o

.debug_macro    0x00000000       0x44
 .debug_macro   0x00000000       0x44 adc.c.o

.debug_macro    0x00000000      0x29d
 .debug_macro   0x00000000      0x29d adc.c.o

.debug_macro    0x00000000       0x58
 .debug_macro   0x00000000       0x58 adc.c.o

.debug_macro    0x00000000       0x4d
 .debug_macro   0x00000000       0x4d adc.c.o

.debug_macro    0x00000000       0xd6
 .debug_macro   0x00000000       0xd6 adc.c.o

.debug_macro    0x00000000       0x22
 .debug_macro   0x00000000       0x22 adc.c.o

.debug_macro    0x00000000       0x29
 .debug_macro   0x00000000       0x29 adc.c.o

.debug_macro    0x00000000       0x2b
 .debug_macro   0x00000000       0x2b adc.c.o

.debug_macro    0x00000000      0x183
 .debug_macro   0x00000000      0x183 adc.c.o

.debug_macro    0x00000000       0x10
 .debug_macro   0x00000000       0x10 adc.c.o

.debug_macro    0x00000000       0x5a
 .debug_macro   0x00000000       0x5a adc.c.o

.debug_macro    0x00000000       0xca
 .debug_macro   0x00000000       0xca adc.c.o

.debug_macro    0x00000000      0x10f
 .debug_macro   0x00000000      0x10f adc.c.o

.debug_macro    0x00000000      0x430
 .debug_macro   0x00000000      0x430 adc.c.o

.debug_macro    0x00000000       0x16
 .debug_macro   0x00000000       0x16 adc.c.o

.debug_macro    0x00000000       0x22
 .debug_macro   0x00000000       0x22 adc.c.o

.debug_macro    0x00000000      0x24e
 .debug_macro   0x00000000      0x24e adc.c.o

.debug_macro    0x00000000       0xd7
 .debug_macro   0x00000000       0xd7 adc.c.o

.debug_macro    0x00000000       0x1c
 .debug_macro   0x00000000       0x1c controls.c.o

.debug_macro    0x00000000       0x16
 .debug_macro   0x00000000       0x16 controls.c.o

.debug_macro    0x00000000      0x100
 .debug_macro   0x00000000      0x100 controls.c.o

.debug_macro    0x00000000       0x46
 .debug_macro   0x00000000       0x46 controls.c.o

.debug_macro    0x00000000       0x22
 .debug_macro   0x00000000       0x22 controls.c.o

.debug_macro    0x00000000       0x3a
 .debug_macro   0x00000000       0x3a controls.c.o

.debug_macro    0x00000000       0x28
 .debug_macro   0x00000000       0x28 controls.c.o

.debug_macro    0x00000000       0x1c
 .debug_macro   0x00000000       0x1c controls.c.o

.debug_macro    0x00000000       0x16
 .debug_macro   0x00000000       0x16 controls.c.o

.debug_macro    0x00000000       0x28
 .debug_macro   0x00000000       0x28 controls.c.o

.debug_macro    0x00000000       0xf5
 .debug_macro   0x00000000       0xf5 controls.c.o

.debug_macro    0x00000000       0x69
 .debug_macro   0x00000000       0x69 px4io.c.o

.debug_macro    0x00000000       0x5e
 .debug_macro   0x00000000       0x5e px4io.c.o

.debug_macro    0x00000000      0x6c1
 .debug_macro   0x00000000      0x6c1 px4io.c.o

.debug_macro    0x00000000       0x22
 .debug_macro   0x00000000       0x22 px4io.c.o

.debug_macro    0x00000000       0x59
 .debug_macro   0x00000000       0x59 px4io.c.o

.debug_macro    0x00000000       0x16
 .debug_macro   0x00000000       0x16 px4io.c.o

.debug_macro    0x00000000       0x18
 .debug_macro   0x00000000       0x18 px4io.c.o

.debug_macro    0x00000000       0x10
 .debug_macro   0x00000000       0x10 px4io.c.o

.debug_macro    0x00000000      0x13e
 .debug_macro   0x00000000      0x13e px4io.c.o

.debug_macro    0x00000000       0x58
 .debug_macro   0x00000000       0x58 registers.c.o

.debug_macro    0x00000000       0x4c
 .debug_macro   0x00000000       0x4c safety.c.o

.debug_macro    0x00000000      0x147
 .debug_macro   0x00000000      0x147 ../../lib/rc/sbus.c.o

.debug_macro    0x00000000      0x333
 .debug_macro   0x00000000      0x333 ../../lib/rc/sbus.c.o

.debug_macro    0x00000000      0x14d
 .debug_macro   0x00000000      0x14d ../../lib/rc/dsm.c.o

.debug_macro    0x00000000      0x249
 .debug_macro   0x00000000      0x249 ../systemlib/perf_counter.c.o

.debug_macro    0x00000000       0x58
 .debug_macro   0x00000000       0x58 ../systemlib/perf_counter.c.o

.debug_macro    0x00000000       0x2e
 .debug_macro   0x00000000       0x2e ../systemlib/perf_counter.c.o

.debug_macro    0x00000000       0x9c
 .debug_macro   0x00000000       0x9c ../systemlib/perf_counter.c.o

.debug_macro    0x00000000      0x28f
 .debug_macro   0x00000000      0x28f ../systemlib/perf_counter.c.o

.debug_macro    0x00000000      0x100
 .debug_macro   0x00000000      0x100 ../systemlib/perf_counter.c.o

.debug_macro    0x00000000      0x8e0
 .debug_macro   0x00000000      0x8e0 mixer.cpp.o

.debug_macro    0x00000000       0x22
 .debug_macro   0x00000000       0x22 mixer.cpp.o

.debug_macro    0x00000000       0xc9
 .debug_macro   0x00000000       0xc9 mixer.cpp.o

.debug_macro    0x00000000       0x63
 .debug_macro   0x00000000       0x63 mixer.cpp.o

.debug_macro    0x00000000       0x22
 .debug_macro   0x00000000       0x22 mixer.cpp.o

.debug_macro    0x00000000       0x18
 .debug_macro   0x00000000       0x18 mixer.cpp.o

.debug_macro    0x00000000      0x2a4
 .debug_macro   0x00000000      0x2a4 mixer.cpp.o

.debug_macro    0x00000000       0x4c
 .debug_macro   0x00000000       0x4c mixer.cpp.o

.debug_macro    0x00000000       0x49
 .debug_macro   0x00000000       0x49 mixer.cpp.o

.debug_macro    0x00000000       0xfa
 .debug_macro   0x00000000       0xfa mixer.cpp.o

.debug_macro    0x00000000       0x1d
 .debug_macro   0x00000000       0x1d mixer.cpp.o

.debug_macro    0x00000000       0x28
 .debug_macro   0x00000000       0x28 mixer.cpp.o

.debug_macro    0x00000000       0xd1
 .debug_macro   0x00000000       0xd1 mixer.cpp.o

.debug_macro    0x00000000       0x16
 .debug_macro   0x00000000       0x16 mixer.cpp.o

.debug_macro    0x00000000       0x59
 .debug_macro   0x00000000       0x59 mixer.cpp.o

.debug_macro    0x00000000      0x1a2
 .debug_macro   0x00000000      0x1a2 mixer.cpp.o

.debug_macro    0x00000000       0x10
 .debug_macro   0x00000000       0x10 mixer.cpp.o

.debug_macro    0x00000000       0x8a
 .debug_macro   0x00000000       0x8a mixer.cpp.o

.debug_macro    0x00000000       0x10
 .debug_macro   0x00000000       0x10 mixer.cpp.o

.debug_macro    0x00000000       0x10
 .debug_macro   0x00000000       0x10 mixer.cpp.o

.debug_macro    0x00000000       0x39
 .debug_macro   0x00000000       0x39 mixer.cpp.o

.debug_macro    0x00000000       0xba
 .debug_macro   0x00000000       0xba mixer.cpp.o
