
Memory Configuration

Name             Origin             Length             Attributes
*default*        0x00000000         0xffffffff

Linker script and memory map

LOAD reboot.c.o

.interp
 *(.interp)

.note.gnu.build-id
 *(.note.gnu.build-id)

.hash
 *(.hash)

.gnu.hash
 *(.gnu.hash)

.dynsym
 *(.dynsym)

.dynstr
 *(.dynstr)

.gnu.version
 *(.gnu.version)

.gnu.version_d
 *(.gnu.version_d)

.gnu.version_r
 *(.gnu.version_r)

.rel.init
 *(.rel.init)

.rela.init
 *(.rela.init)

.rel.text
 *(.rel.text)

.rela.text
 *(.rela.text)

.rel.fini
 *(.rel.fini)

.rela.fini
 *(.rela.fini)

.rel.rodata
 *(.rel.rodata)

.rela.rodata
 *(.rela.rodata)

.rel.data.rel.ro
 *(.rel.data.rel.ro)

.rela.data.rel.ro
 *(.rela.data.rel.ro)

.rel.data
 *(.rel.data)

.rela.data
 *(.rela.data)

.rel.tdata
 *(.rel.tdata)

.rela.tdata
 *(.rela.tdata)

.rel.tbss
 *(.rel.tbss)

.rela.tbss
 *(.rela.tbss)

.rel.ctors
 *(.rel.ctors)

.rela.ctors
 *(.rela.ctors)

.rel.dtors
 *(.rel.dtors)

.rela.dtors
 *(.rela.dtors)

.rel.got
 *(.rel.got)

.rela.got
 *(.rela.got)

.rel.bss
 *(.rel.bss)

.rela.bss
 *(.rela.bss)

.rel.iplt
 *(.rel.iplt)

.rela.iplt
 *(.rela.iplt)

.rel.plt
 *(.rel.plt)

.rela.plt
 *(.rela.plt)

.init
 *(SORT(.init))

.plt
 *(.plt)

.iplt
 *(.iplt)

.text           0x00000000        0x0
 *(.text .stub)
 .text          0x00000000        0x0 reboot.c.o
 *(.gnu.warning)

.text.reboot_main
                0x00000000       0x54
 .text.reboot_main
                0x00000000       0x54 reboot.c.o
                0x00000000                reboot_main

.fini
 *(SORT(.fini))

.rodata
 *(.rodata)

.rodata.str1.1  0x00000000       0x3e
 .rodata.str1.1
                0x00000000       0x3e reboot.c.o

.rodata1
 *(.rodata1)

.ARM.extab
 *(.ARM.extab)

.ARM.exidx
 *(.ARM.exidx)

.eh_frame_hdr
 *(.eh_frame_hdr)

.eh_frame
 *(.eh_frame)

.gcc_except_table
 *(.gcc_except_table .gcc_except_table.*)

.exception_ranges
 *(.exception_ranges .exception_ranges*)

.eh_frame
 *(.eh_frame)

.gcc_except_table
 *(.gcc_except_table .gcc_except_table.*)

.exception_ranges
 *(.exception_ranges .exception_ranges*)

.tdata
 *(.tdata)

.tbss
 *(.tbss)

.preinit_array
 *(.preinit_array)

.jcr
 *(.jcr)

.dynamic
 *(.dynamic)

.got
 *(.got.plt)
 *(.igot.plt)
 *(.got)
 *(.igot)

.data           0x00000000        0x0
 *(.data)
 .data          0x00000000        0x0 reboot.c.o

.data1
 *(.data1)

.bss            0x00000000        0x0
 *(.dynbss)
 *(.bss)
 .bss           0x00000000        0x0 reboot.c.o
 *(COMMON)

.stab
 *(.stab)

.stabstr
 *(.stabstr)

.stab.excl
 *(.stab.excl)

.stab.exclstr
 *(.stab.exclstr)

.stab.index
 *(.stab.index)

.stab.indexstr
 *(.stab.indexstr)

.comment        0x00000000       0x71
 *(.comment)
 .comment       0x00000000       0x71 reboot.c.o

.group          0x00000000        0x8
 .group         0x00000000        0x8 reboot.c.o

.group          0x00000000        0x8
 .group         0x00000000        0x8 reboot.c.o

.group          0x00000000        0x8
 .group         0x00000000        0x8 reboot.c.o

.group          0x00000000        0x8
 .group         0x00000000        0x8 reboot.c.o

.group          0x00000000        0x8
 .group         0x00000000        0x8 reboot.c.o

.group          0x00000000        0x8
 .group         0x00000000        0x8 reboot.c.o

.group          0x00000000        0x8
 .group         0x00000000        0x8 reboot.c.o

.group          0x00000000        0x8
 .group         0x00000000        0x8 reboot.c.o

.group          0x00000000        0x8
 .group         0x00000000        0x8 reboot.c.o

.group          0x00000000        0x8
 .group         0x00000000        0x8 reboot.c.o

.group          0x00000000        0x8
 .group         0x00000000        0x8 reboot.c.o

.group          0x00000000        0x8
 .group         0x00000000        0x8 reboot.c.o

.group          0x00000000        0x8
 .group         0x00000000        0x8 reboot.c.o

.group          0x00000000        0x8
 .group         0x00000000        0x8 reboot.c.o

.group          0x00000000        0x8
 .group         0x00000000        0x8 reboot.c.o

.group          0x00000000        0x8
 .group         0x00000000        0x8 reboot.c.o

.group          0x00000000        0x8
 .group         0x00000000        0x8 reboot.c.o

.group          0x00000000        0x8
 .group         0x00000000        0x8 reboot.c.o

.group          0x00000000        0x8
 .group         0x00000000        0x8 reboot.c.o

.group          0x00000000        0x8
 .group         0x00000000        0x8 reboot.c.o

.group          0x00000000        0x8
 .group         0x00000000        0x8 reboot.c.o

.group          0x00000000        0x8
 .group         0x00000000        0x8 reboot.c.o

.group          0x00000000        0x8
 .group         0x00000000        0x8 reboot.c.o

.group          0x00000000        0x8
 .group         0x00000000        0x8 reboot.c.o

.group          0x00000000        0x8
 .group         0x00000000        0x8 reboot.c.o

.group          0x00000000        0x8
 .group         0x00000000        0x8 reboot.c.o

.group          0x00000000        0x8
 .group         0x00000000        0x8 reboot.c.o

.group          0x00000000        0x8
 .group         0x00000000        0x8 reboot.c.o

.group          0x00000000        0x8
 .group         0x00000000        0x8 reboot.c.o

.group          0x00000000        0x8
 .group         0x00000000        0x8 reboot.c.o

.group          0x00000000        0x8
 .group         0x00000000        0x8 reboot.c.o

.group          0x00000000        0x8
 .group         0x00000000        0x8 reboot.c.o

.group          0x00000000        0x8
 .group         0x00000000        0x8 reboot.c.o

.group          0x00000000        0x8
 .group         0x00000000        0x8 reboot.c.o

.group          0x00000000        0x8
 .group         0x00000000        0x8 reboot.c.o

.group          0x00000000        0x8
 .group         0x00000000        0x8 reboot.c.o

.group          0x00000000        0x8
 .group         0x00000000        0x8 reboot.c.o

.group          0x00000000        0x8
 .group         0x00000000        0x8 reboot.c.o

.group          0x00000000        0x8
 .group         0x00000000        0x8 reboot.c.o

.group          0x00000000        0x8
 .group         0x00000000        0x8 reboot.c.o

.group          0x00000000        0x8
 .group         0x00000000        0x8 reboot.c.o

.group          0x00000000        0x8
 .group         0x00000000        0x8 reboot.c.o

.group          0x00000000        0x8
 .group         0x00000000        0x8 reboot.c.o

.group          0x00000000        0x8
 .group         0x00000000        0x8 reboot.c.o

.debug
 *(.debug)

.line
 *(.line)

.debug_srcinfo
 *(.debug_srcinfo)

.debug_sfnames
 *(.debug_sfnames)

.debug_aranges  0x00000000       0x20
 *(.debug_aranges)
 .debug_aranges
                0x00000000       0x20 reboot.c.o

.debug_pubnames
 *(.debug_pubnames)

.debug_info     0x00000000      0x1f0
 *(.debug_info)
 .debug_info    0x00000000      0x1f0 reboot.c.o

.debug_abbrev   0x00000000      0x10e
 *(.debug_abbrev)
 .debug_abbrev  0x00000000      0x10e reboot.c.o

.debug_line     0x00000000      0x898
 *(.debug_line .debug_line.* .debug_line_end)
 .debug_line    0x00000000      0x898 reboot.c.o

.debug_frame    0x00000000       0x2c
 *(.debug_frame)
 .debug_frame   0x00000000       0x2c reboot.c.o

.debug_str      0x00000000     0xb1a4
 *(.debug_str)
 .debug_str     0x00000000     0xb1a4 reboot.c.o

.debug_loc      0x00000000       0x7b
 *(.debug_loc)
 .debug_loc     0x00000000       0x7b reboot.c.o

.debug_macinfo
 *(.debug_macinfo)

.debug_weaknames
 *(.debug_weaknames)

.debug_funcnames
 *(.debug_funcnames)

.debug_typenames
 *(.debug_typenames)

.debug_varnames
 *(.debug_varnames)

.debug_pubtypes
 *(.debug_pubtypes)

.debug_ranges   0x00000000       0x10
 *(.debug_ranges)
 .debug_ranges  0x00000000       0x10 reboot.c.o

.debug_macro    0x00000000      0x23c
 *(.debug_macro)
 .debug_macro   0x00000000      0x23c reboot.c.o

.stack
 *(.stack)

.ARM.attributes
                0x00000000       0x35
 *(.ARM.attributes)
 .ARM.attributes
                0x00000000       0x35 reboot.c.o
 *(.gnu.attributes)

.note.gnu.arm.ident
 *(.note.gnu.arm.ident)
OUTPUT(/home/ares/work2/ardupilot/modules/PX4Firmware/Build/px4fmu-v2_APM.build//home/ares/work2/ardupilot/modules/PX4Firmware/src/systemcmds/reboot/module.pre.o elf32-littlearm)

.debug_macro    0x00000000      0x8ce
 .debug_macro   0x00000000      0x8ce reboot.c.o

.debug_macro    0x00000000       0x22
 .debug_macro   0x00000000       0x22 reboot.c.o

.debug_macro    0x00000000      0x8b4
 .debug_macro   0x00000000      0x8b4 reboot.c.o

.debug_macro    0x00000000       0xc9
 .debug_macro   0x00000000       0xc9 reboot.c.o

.debug_macro    0x00000000       0x10
 .debug_macro   0x00000000       0x10 reboot.c.o

.debug_macro    0x00000000       0x88
 .debug_macro   0x00000000       0x88 reboot.c.o

.debug_macro    0x00000000      0x14e
 .debug_macro   0x00000000      0x14e reboot.c.o

.debug_macro    0x00000000      0x125
 .debug_macro   0x00000000      0x125 reboot.c.o

.debug_macro    0x00000000       0x1c
 .debug_macro   0x00000000       0x1c reboot.c.o

.debug_macro    0x00000000       0x10
 .debug_macro   0x00000000       0x10 reboot.c.o

.debug_macro    0x00000000       0x2e
 .debug_macro   0x00000000       0x2e reboot.c.o

.debug_macro    0x00000000       0x6f
 .debug_macro   0x00000000       0x6f reboot.c.o

.debug_macro    0x00000000       0x12
 .debug_macro   0x00000000       0x12 reboot.c.o

.debug_macro    0x00000000       0x22
 .debug_macro   0x00000000       0x22 reboot.c.o

.debug_macro    0x00000000       0x44
 .debug_macro   0x00000000       0x44 reboot.c.o

.debug_macro    0x00000000      0x29d
 .debug_macro   0x00000000      0x29d reboot.c.o

.debug_macro    0x00000000       0x58
 .debug_macro   0x00000000       0x58 reboot.c.o

.debug_macro    0x00000000       0x4c
 .debug_macro   0x00000000       0x4c reboot.c.o

.debug_macro    0x00000000       0x49
 .debug_macro   0x00000000       0x49 reboot.c.o

.debug_macro    0x00000000      0x106
 .debug_macro   0x00000000      0x106 reboot.c.o

.debug_macro    0x00000000       0x23
 .debug_macro   0x00000000       0x23 reboot.c.o

.debug_macro    0x00000000       0x28
 .debug_macro   0x00000000       0x28 reboot.c.o

.debug_macro    0x00000000       0xd1
 .debug_macro   0x00000000       0xd1 reboot.c.o

.debug_macro    0x00000000       0x98
 .debug_macro   0x00000000       0x98 reboot.c.o

.debug_macro    0x00000000       0x16
 .debug_macro   0x00000000       0x16 reboot.c.o

.debug_macro    0x00000000       0x59
 .debug_macro   0x00000000       0x59 reboot.c.o

.debug_macro    0x00000000      0x11b
 .debug_macro   0x00000000      0x11b reboot.c.o

.debug_macro    0x00000000       0x46
 .debug_macro   0x00000000       0x46 reboot.c.o

.debug_macro    0x00000000      0x27f
 .debug_macro   0x00000000      0x27f reboot.c.o

.debug_macro    0x00000000       0x10
 .debug_macro   0x00000000       0x10 reboot.c.o

.debug_macro    0x00000000      0x195
 .debug_macro   0x00000000      0x195 reboot.c.o

.debug_macro    0x00000000       0x8a
 .debug_macro   0x00000000       0x8a reboot.c.o

.debug_macro    0x00000000       0x10
 .debug_macro   0x00000000       0x10 reboot.c.o

.debug_macro    0x00000000       0x10
 .debug_macro   0x00000000       0x10 reboot.c.o

.debug_macro    0x00000000       0x39
 .debug_macro   0x00000000       0x39 reboot.c.o

.debug_macro    0x00000000       0xb4
 .debug_macro   0x00000000       0xb4 reboot.c.o

.debug_macro    0x00000000       0x41
 .debug_macro   0x00000000       0x41 reboot.c.o

.debug_macro    0x00000000       0x4d
 .debug_macro   0x00000000       0x4d reboot.c.o

.debug_macro    0x00000000       0x22
 .debug_macro   0x00000000       0x22 reboot.c.o

.debug_macro    0x00000000       0x29
 .debug_macro   0x00000000       0x29 reboot.c.o

.debug_macro    0x00000000       0x2b
 .debug_macro   0x00000000       0x2b reboot.c.o

.debug_macro    0x00000000      0x183
 .debug_macro   0x00000000      0x183 reboot.c.o

.debug_macro    0x00000000       0x5a
 .debug_macro   0x00000000       0x5a reboot.c.o

.debug_macro    0x00000000       0xd6
 .debug_macro   0x00000000       0xd6 reboot.c.o
