
Discarded input sections

 .group         0x00000000        0x8 uORBTest_UnitTest.cpp.o
 .group         0x00000000        0x8 uORBTest_UnitTest.cpp.o
 .group         0x00000000        0x8 uORBTest_UnitTest.cpp.o
 .group         0x00000000        0x8 uORBTest_UnitTest.cpp.o
 .group         0x00000000        0x8 uORBTest_UnitTest.cpp.o
 .group         0x00000000        0x8 uORBTest_UnitTest.cpp.o
 .group         0x00000000        0x8 uORBTest_UnitTest.cpp.o
 .group         0x00000000        0x8 uORBTest_UnitTest.cpp.o
 .group         0x00000000        0x8 uORBTest_UnitTest.cpp.o
 .group         0x00000000        0x8 uORBTest_UnitTest.cpp.o
 .group         0x00000000        0x8 uORBTest_UnitTest.cpp.o
 .group         0x00000000        0x8 uORBTest_UnitTest.cpp.o
 .group         0x00000000        0x8 uORBTest_UnitTest.cpp.o
 .group         0x00000000        0x8 uORBTest_UnitTest.cpp.o
 .group         0x00000000        0x8 uORBTest_UnitTest.cpp.o
 .group         0x00000000        0x8 uORBTest_UnitTest.cpp.o
 .group         0x00000000        0x8 uORBTest_UnitTest.cpp.o
 .group         0x00000000        0x8 uORBTest_UnitTest.cpp.o
 .group         0x00000000        0x8 uORBTest_UnitTest.cpp.o
 .group         0x00000000        0x8 uORBTest_UnitTest.cpp.o
 .group         0x00000000        0x8 uORBTest_UnitTest.cpp.o
 .group         0x00000000        0x8 uORBTest_UnitTest.cpp.o
 .group         0x00000000        0x8 uORBTest_UnitTest.cpp.o
 .group         0x00000000        0x8 uORBTest_UnitTest.cpp.o
 .group         0x00000000        0x8 uORBTest_UnitTest.cpp.o
 .group         0x00000000        0x8 uORBTest_UnitTest.cpp.o
 .group         0x00000000        0x8 uORBTest_UnitTest.cpp.o
 .group         0x00000000        0x8 uORBTest_UnitTest.cpp.o
 .group         0x00000000        0x8 uORBTest_UnitTest.cpp.o
 .group         0x00000000        0x8 uORBTest_UnitTest.cpp.o
 .group         0x00000000        0x8 uORBTest_UnitTest.cpp.o
 .group         0x00000000        0x8 uORBTest_UnitTest.cpp.o
 .group         0x00000000        0x8 uORBTest_UnitTest.cpp.o
 .group         0x00000000        0x8 uORBTest_UnitTest.cpp.o
 .group         0x00000000        0x8 uORBTest_UnitTest.cpp.o
 .group         0x00000000        0x8 uORBTest_UnitTest.cpp.o
 .group         0x00000000        0x8 uORBTest_UnitTest.cpp.o
 .group         0x00000000        0x8 uORBTest_UnitTest.cpp.o
 .group         0x00000000        0x8 uORBTest_UnitTest.cpp.o
 .group         0x00000000        0x8 uORBTest_UnitTest.cpp.o
 .group         0x00000000        0x8 uORBTest_UnitTest.cpp.o
 .group         0x00000000        0x8 uORBTest_UnitTest.cpp.o
 .group         0x00000000        0x8 uORBTest_UnitTest.cpp.o
 .group         0x00000000        0x8 uORBTest_UnitTest.cpp.o
 .group         0x00000000        0x8 uORBTest_UnitTest.cpp.o
 .group         0x00000000        0x8 uORBTest_UnitTest.cpp.o
 .group         0x00000000        0x8 uORBTest_UnitTest.cpp.o
 .group         0x00000000        0x8 uORBTest_UnitTest.cpp.o
 .group         0x00000000        0x8 uORBTest_UnitTest.cpp.o
 .group         0x00000000        0x8 uORBTest_UnitTest.cpp.o
 .group         0x00000000        0x8 uORBTest_UnitTest.cpp.o
 .group         0x00000000        0x8 uORBTest_UnitTest.cpp.o
 .debug_macro   0x00000000      0x940 uORBTest_UnitTest.cpp.o
 .debug_macro   0x00000000       0x22 uORBTest_UnitTest.cpp.o
 .debug_macro   0x00000000      0x8b4 uORBTest_UnitTest.cpp.o
 .debug_macro   0x00000000       0x2e uORBTest_UnitTest.cpp.o
 .debug_macro   0x00000000       0xc9 uORBTest_UnitTest.cpp.o
 .debug_macro   0x00000000       0x10 uORBTest_UnitTest.cpp.o
 .debug_macro   0x00000000       0x88 uORBTest_UnitTest.cpp.o
 .debug_macro   0x00000000      0x14e uORBTest_UnitTest.cpp.o
 .debug_macro   0x00000000      0x125 uORBTest_UnitTest.cpp.o
 .debug_macro   0x00000000       0x22 uORBTest_UnitTest.cpp.o
 .debug_macro   0x00000000       0x44 uORBTest_UnitTest.cpp.o
 .debug_macro   0x00000000      0x2a4 uORBTest_UnitTest.cpp.o
 .debug_macro   0x00000000       0x58 uORBTest_UnitTest.cpp.o
 .debug_macro   0x00000000       0x4c uORBTest_UnitTest.cpp.o
 .debug_macro   0x00000000       0x49 uORBTest_UnitTest.cpp.o
 .debug_macro   0x00000000      0x106 uORBTest_UnitTest.cpp.o
 .debug_macro   0x00000000       0x23 uORBTest_UnitTest.cpp.o
 .debug_macro   0x00000000       0x28 uORBTest_UnitTest.cpp.o
 .debug_macro   0x00000000       0xd1 uORBTest_UnitTest.cpp.o
 .debug_macro   0x00000000       0x98 uORBTest_UnitTest.cpp.o
 .debug_macro   0x00000000       0x16 uORBTest_UnitTest.cpp.o
 .debug_macro   0x00000000       0x59 uORBTest_UnitTest.cpp.o
 .debug_macro   0x00000000      0x11b uORBTest_UnitTest.cpp.o
 .debug_macro   0x00000000       0x46 uORBTest_UnitTest.cpp.o
 .debug_macro   0x00000000      0x27f uORBTest_UnitTest.cpp.o
 .debug_macro   0x00000000       0x10 uORBTest_UnitTest.cpp.o
 .debug_macro   0x00000000      0x195 uORBTest_UnitTest.cpp.o
 .debug_macro   0x00000000       0x8a uORBTest_UnitTest.cpp.o
[...]
Memory Configuration

Name             Origin             Length             Attributes
*default*        0x00000000         0xffffffff

Linker script and memory map

LOAD uORBDevices_nuttx.cpp.o
LOAD uORBTest_UnitTest.cpp.o
LOAD uORBManager_nuttx.cpp.o
LOAD objects_common.cpp.o
LOAD Publication.cpp.o
LOAD Subscription.cpp.o
LOAD uORBUtils.cpp.o
LOAD uORB.cpp.o
LOAD uORBMain.cpp.o

.interp
 *(.interp)

.note.gnu.build-id
 *(.note.gnu.build-id)

.hash
 *(.hash)

.gnu.hash
 *(.gnu.hash)

.dynsym
 *(.dynsym)

.dynstr
 *(.dynstr)

.gnu.version
 *(.gnu.version)

.gnu.version_d
 *(.gnu.version_d)

.gnu.version_r
 *(.gnu.version_r)

.rel.init
 *(.rel.init)

.rela.init
 *(.rela.init)

.rel.text
 *(.rel.text)

.rela.text
 *(.rela.text)

.rel.fini
 *(.rel.fini)

.rela.fini
 *(.rela.fini)

.rel.rodata
 *(.rel.rodata)

.rela.rodata
 *(.rela.rodata)

.rel.data.rel.ro
 *(.rel.data.rel.ro)

.rela.data.rel.ro
 *(.rela.data.rel.ro)

.rel.data
 *(.rel.data)

.rela.data
 *(.rela.data)

.rel.tdata
 *(.rel.tdata)

.rela.tdata
 *(.rela.tdata)

.rel.tbss
 *(.rel.tbss)

.rela.tbss
 *(.rela.tbss)

.rel.ctors
 *(.rel.ctors)

.rela.ctors
 *(.rela.ctors)

.rel.dtors
 *(.rel.dtors)

.rela.dtors
 *(.rela.dtors)

.rel.got
 *(.rel.got)

.rela.got
 *(.rela.got)

.rel.bss
 *(.rel.bss)

.rela.bss
 *(.rela.bss)

.rel.iplt
 *(.rel.iplt)

.rela.iplt
 *(.rela.iplt)

.rel.plt
 *(.rel.plt)

.rela.plt
 *(.rela.plt)

.init
 *(SORT(.init))

.plt
 *(.plt)

.iplt
 *(.iplt)

.text           0x00000000        0x0
 *(.text .stub)
 .text          0x00000000        0x0 uORBDevices_nuttx.cpp.o
 .text          0x00000000        0x0 uORBTest_UnitTest.cpp.o
 .text          0x00000000        0x0 uORBManager_nuttx.cpp.o
 .text          0x00000000        0x0 objects_common.cpp.o
 .text          0x00000000        0x0 Publication.cpp.o
 .text          0x00000000        0x0 Subscription.cpp.o
 .text          0x00000000        0x0 uORBUtils.cpp.o
 .text          0x00000000        0x0 uORB.cpp.o
 .text          0x00000000        0x0 uORBMain.cpp.o
 *(.gnu.warning)

.text._ZN4uORB10DeviceNodeD2Ev
                0x00000000       0x20
 .text._ZN4uORB10DeviceNodeD2Ev
                0x00000000       0x20 uORBDevices_nuttx.cpp.o
                0x00000000                uORB::DeviceNode::~DeviceNode()
                0x00000000                uORB::DeviceNode::~DeviceNode()

.text._ZN4uORB12DeviceMasterD2Ev
                0x00000000       0x14
 .text._ZN4uORB12DeviceMasterD2Ev
                0x00000000       0x14 uORBDevices_nuttx.cpp.o
                0x00000000                uORB::DeviceMaster::~DeviceMaster()
                0x00000000                uORB::DeviceMaster::~DeviceMaster()

.text._ZN4uORB10DeviceNodeD0Ev
                0x00000000       0x12
 .text._ZN4uORB10DeviceNodeD0Ev
                0x00000000       0x12 uORBDevices_nuttx.cpp.o
                0x00000000                uORB::DeviceNode::~DeviceNode()

.text._ZN4uORB12DeviceMasterD0Ev
                0x00000000       0x12
 .text._ZN4uORB12DeviceMasterD0Ev
                0x00000000       0x12 uORBDevices_nuttx.cpp.o
                0x00000000                uORB::DeviceMaster::~DeviceMaster()

.text._ZN4uORB10DeviceNode4readEP4filePcj
                0x00000000       0x4e
 .text._ZN4uORB10DeviceNode4readEP4filePcj
                0x00000000       0x4e uORBDevices_nuttx.cpp.o
                0x00000000                uORB::DeviceNode::read(file*, char*, unsigned int)

.text._ZN4uORB6ORBMapD2Ev
                0x00000000       0x42
 .text._ZN4uORB6ORBMapD2Ev
                0x00000000       0x42 uORBDevices_nuttx.cpp.o
                0x00000000                uORB::ORBMap::~ORBMap()
                0x00000000                uORB::ORBMap::~ORBMap()

.text._ZN6device6Device4lockEv
                0x00000000       0x12
 .text._ZN6device6Device4lockEv
                0x00000000       0x12 uORBDevices_nuttx.cpp.o
                0x00000000                device::Device::lock()

.text._ZN4uORB10DeviceNode5writeEP4filePKcj
                0x00000000       0x88
 .text._ZN4uORB10DeviceNode5writeEP4filePKcj
                0x00000000       0x88 uORBDevices_nuttx.cpp.o
                0x00000000                uORB::DeviceNode::write(file*, char const*, unsigned int)

.text._ZN4uORB10DeviceNodeC2EPK12orb_metadataPKcS5_i
                0x00000000       0x44
 .text._ZN4uORB10DeviceNodeC2EPK12orb_metadataPKcS5_i
                0x00000000       0x44 uORBDevices_nuttx.cpp.o
                0x00000000                uORB::DeviceNode::DeviceNode(orb_metadata const*, char const*, char const*, int)
                0x00000000                uORB::DeviceNode::DeviceNode(orb_metadata const*, char const*, char const*, int)

.text._ZN4uORB10DeviceNode7publishEPK12orb_metadataPvPKv
                0x00000000       0x68
 .text._ZN4uORB10DeviceNode7publishEPK12orb_metadataPvPKv
                0x00000000       0x68 uORBDevices_nuttx.cpp.o
                0x00000000                uORB::DeviceNode::publish(orb_metadata const*, void*, void const*)

.text._ZN4uORB10DeviceNode15appears_updatedEPNS0_14SubscriberDataE
                0x00000000       0x64
 .text._ZN4uORB10DeviceNode15appears_updatedEPNS0_14SubscriberDataE
                0x00000000       0x64 uORBDevices_nuttx.cpp.o
                0x00000000                uORB::DeviceNode::appears_updated(uORB::DeviceNode::SubscriberData*)

.text._ZN4uORB10DeviceNode10poll_stateEP4file
                0x00000000        0x6
 .text._ZN4uORB10DeviceNode10poll_stateEP4file
                0x00000000        0x6 uORBDevices_nuttx.cpp.o
                0x00000000                uORB::DeviceNode::poll_state(file*)

.text._ZN4uORB10DeviceNode15poll_notify_oneEP6pollfdh
                0x00000000       0x22
 .text._ZN4uORB10DeviceNode15poll_notify_oneEP6pollfdh
                0x00000000       0x22 uORBDevices_nuttx.cpp.o
                0x00000000                uORB::DeviceNode::poll_notify_one(pollfd*, unsigned char)

.text._ZN4uORB10DeviceNode15update_deferredEv
                0x00000000        0x8
 .text._ZN4uORB10DeviceNode15update_deferredEv
                0x00000000        0x8 uORBDevices_nuttx.cpp.o
                0x00000000                uORB::DeviceNode::update_deferred()

.text._ZN4uORB10DeviceNode26update_deferred_trampolineEPv
                0x00000000        0x4
 .text._ZN4uORB10DeviceNode26update_deferred_trampolineEPv
                0x00000000        0x4 uORBDevices_nuttx.cpp.o
                0x00000000                uORB::DeviceNode::update_deferred_trampoline(void*)

.text._ZN4uORB10DeviceNode23add_internal_subscriberEv
                0x00000000       0x2c
 .text._ZN4uORB10DeviceNode23add_internal_subscriberEv
                0x00000000       0x2c uORBDevices_nuttx.cpp.o
                0x00000000                uORB::DeviceNode::add_internal_subscriber()

.text._ZN4uORB10DeviceNode4openEP4file
                0x00000000       0x80
 .text._ZN4uORB10DeviceNode4openEP4file
                0x00000000       0x80 uORBDevices_nuttx.cpp.o
                0x00000000                uORB::DeviceNode::open(file*)

.text._ZN4uORB10DeviceNode26remove_internal_subscriberEv
                0x00000000       0x28
 .text._ZN4uORB10DeviceNode26remove_internal_subscriberEv
                0x00000000       0x28 uORBDevices_nuttx.cpp.o
                0x00000000                uORB::DeviceNode::remove_internal_subscriber()

.text._ZN4uORB10DeviceNode5closeEP4file
                0x00000000       0x3e
 .text._ZN4uORB10DeviceNode5closeEP4file
                0x00000000       0x3e uORBDevices_nuttx.cpp.o
                0x00000000                uORB::DeviceNode::close(file*)

.text._ZN4uORB10DeviceNode12is_publishedEv
                0x00000000        0x6
 .text._ZN4uORB10DeviceNode12is_publishedEv
                0x00000000        0x6 uORBDevices_nuttx.cpp.o
                0x00000000                uORB::DeviceNode::is_published()

.text._ZN4uORB10DeviceNode24process_add_subscriptionEi
                0x00000000       0x20
 .text._ZN4uORB10DeviceNode24process_add_subscriptionEi
                0x00000000       0x20 uORBDevices_nuttx.cpp.o
                0x00000000                uORB::DeviceNode::process_add_subscription(int)

.text._ZN4uORB10DeviceNode27process_remove_subscriptionEv
                0x00000000        0x4
 .text._ZN4uORB10DeviceNode27process_remove_subscriptionEv
                0x00000000        0x4 uORBDevices_nuttx.cpp.o
                0x00000000                uORB::DeviceNode::process_remove_subscription()

.text._ZN4uORB10DeviceNode24process_received_messageEiPh
                0x00000000       0x50
 .text._ZN4uORB10DeviceNode24process_received_messageEiPh
                0x00000000       0x50 uORBDevices_nuttx.cpp.o
                0x00000000                uORB::DeviceNode::process_received_message(int, unsigned char*)

.text._ZN4uORB12DeviceMasterC2ENS_6FlavorE
                0x00000000       0x40
 .text._ZN4uORB12DeviceMasterC2ENS_6FlavorE
                0x00000000       0x40 uORBDevices_nuttx.cpp.o
                0x00000000                uORB::DeviceMaster::DeviceMaster(uORB::Flavor)
                0x00000000                uORB::DeviceMaster::DeviceMaster(uORB::Flavor)

.text._ZN4uORB12DeviceMaster13GetDeviceNodeEPKc
                0x00000000       0x3c
 .text._ZN4uORB12DeviceMaster13GetDeviceNodeEPKc
                0x00000000       0x3c uORBDevices_nuttx.cpp.o
                0x00000000                uORB::DeviceMaster::GetDeviceNode(char const*)

.text.startup._GLOBAL__sub_I__ZN4uORB12DeviceMaster9_node_mapE
                0x00000000       0x1c
 .text.startup._GLOBAL__sub_I__ZN4uORB12DeviceMaster9_node_mapE
                0x00000000       0x1c uORBDevices_nuttx.cpp.o

.text._ZN4uORB10DeviceNode5ioctlEP4fileim
                0x00000000       0x4a
 .text._ZN4uORB10DeviceNode5ioctlEP4fileim
                0x00000000       0x4a uORBDevices_nuttx.cpp.o
                0x00000000                uORB::DeviceNode::ioctl(file*, int, unsigned long)

.text._ZN4uORB12DeviceMaster5ioctlEP4fileim
                0x00000000      0x144
 .text._ZN4uORB12DeviceMaster5ioctlEP4fileim
                0x00000000      0x144 uORBDevices_nuttx.cpp.o
                0x00000000                uORB::DeviceMaster::ioctl(file*, int, unsigned long)

.text._ZN8uORBTest8UnitTestD2Ev
                0x00000000        0x2
 .text._ZN8uORBTest8UnitTestD2Ev
                0x00000000        0x2 uORBTest_UnitTest.cpp.o
                0x00000000                uORBTest::UnitTest::~UnitTest()
                0x00000000                uORBTest::UnitTest::~UnitTest()

.text._ZN8uORBTest8UnitTest8instanceEv
                0x00000000       0x34
 .text._ZN8uORBTest8UnitTest8instanceEv
                0x00000000       0x34 uORBTest_UnitTest.cpp.o
                0x00000000                uORBTest::UnitTest::instance()

.text._ZN8uORBTest8UnitTest18pubsublatency_mainEv
                0x00000000      0x1c4
 .text._ZN8uORBTest8UnitTest18pubsublatency_mainEv
                0x00000000      0x1c4 uORBTest_UnitTest.cpp.o
                0x00000000                uORBTest::UnitTest::pubsublatency_main()

.text._ZN8uORBTest8UnitTest22pubsubtest_threadEntryEPKPc
                0x00000000        0xe
 .text._ZN8uORBTest8UnitTest22pubsubtest_threadEntryEPKPc
                0x00000000        0xe uORBTest_UnitTest.cpp.o
                0x00000000                uORBTest::UnitTest::pubsubtest_threadEntry(char* const*)

.text._ZN8uORBTest8UnitTest4infoEv
                0x00000000        0x4
 .text._ZN8uORBTest8UnitTest4infoEv
                0x00000000        0x4 uORBTest_UnitTest.cpp.o
                0x00000000                uORBTest::UnitTest::info()

.text._ZN8uORBTest8UnitTest9test_failEPKcz
                0x00000000       0x54
 .text._ZN8uORBTest8UnitTest9test_failEPKcz
                0x00000000       0x54 uORBTest_UnitTest.cpp.o
                0x00000000                uORBTest::UnitTest::test_fail(char const*, ...)

.text._ZN8uORBTest8UnitTest9test_noteEPKcz
                0x00000000       0x50
 .text._ZN8uORBTest8UnitTest9test_noteEPKcz
                0x00000000       0x50 uORBTest_UnitTest.cpp.o
                0x00000000                uORBTest::UnitTest::test_note(char const*, ...)

.text._ZN8uORBTest8UnitTest11test_singleEv
                0x00000000      0x16c
 .text._ZN8uORBTest8UnitTest11test_singleEv
                0x00000000      0x16c uORBTest_UnitTest.cpp.o
                0x00000000                uORBTest::UnitTest::test_single()

.text._ZN8uORBTest8UnitTest19test_multi_reversedEv
                0x00000000      0x138
 .text._ZN8uORBTest8UnitTest19test_multi_reversedEv
                0x00000000      0x138 uORBTest_UnitTest.cpp.o
                0x00000000                uORBTest::UnitTest::test_multi_reversed()

.text._ZN8uORBTest8UnitTest12latency_testI8orb_testEEiPK12orb_metadatab
                0x00000000       0xa0
 .text._ZN8uORBTest8UnitTest12latency_testI8orb_testEEiPK12orb_metadatab
                0x00000000       0xa0 uORBTest_UnitTest.cpp.o
                0x00000000                int uORBTest::UnitTest::latency_test<orb_test>(orb_metadata const*, bool)

.text._ZN8uORBTest8UnitTest10test_multiEv
                0x00000000      0x184
 .text._ZN8uORBTest8UnitTest10test_multiEv
                0x00000000      0x184 uORBTest_UnitTest.cpp.o
                0x00000000                uORBTest::UnitTest::test_multi()

.text._ZN8uORBTest8UnitTest4testEv
                0x00000000       0x1e
 .text._ZN8uORBTest8UnitTest4testEv
                0x00000000       0x1e uORBTest_UnitTest.cpp.o
                0x00000000                uORBTest::UnitTest::test()

.text._ZN4uORB7Manager24process_received_messageEPKciPh
                0x00000000       0x4c
 .text._ZN4uORB7Manager24process_received_messageEPKciPh
                0x00000000       0x4c uORBManager_nuttx.cpp.o
                0x00000000                uORB::Manager::process_received_message(char const*, int, unsigned char*)

.text._ZN4uORB7Manager24process_add_subscriptionEPKci
                0x00000000       0x8c
 .text._ZN4uORB7Manager24process_add_subscriptionEPKci
                0x00000000       0x8c uORBManager_nuttx.cpp.o
                0x00000000                uORB::Manager::process_add_subscription(char const*, int)

.text._ZN6ORBSet5eraseEPKc
                0x00000000       0x60
 .text._ZN6ORBSet5eraseEPKc
                0x00000000       0x60 uORBManager_nuttx.cpp.o
                0x00000000                ORBSet::erase(char const*)

.text._ZN4uORB7Manager27process_remove_subscriptionEPKc
                0x00000000       0x5c
 .text._ZN4uORB7Manager27process_remove_subscriptionEPKc
                0x00000000       0x5c uORBManager_nuttx.cpp.o
                0x00000000                uORB::Manager::process_remove_subscription(char const*)

.text._ZN4uORB7ManagerC2Ev
                0x00000000       0x14
 .text._ZN4uORB7ManagerC2Ev
                0x00000000       0x14 uORBManager_nuttx.cpp.o
                0x00000000                uORB::Manager::Manager()
                0x00000000                uORB::Manager::Manager()

.text._ZN4uORB7Manager12get_instanceEv
                0x00000000       0x20
 .text._ZN4uORB7Manager12get_instanceEv
                0x00000000       0x20 uORBManager_nuttx.cpp.o
                0x00000000                uORB::Manager::get_instance()

.text._ZN4uORB7Manager10orb_existsEPK12orb_metadatai
                0x00000000       0x32
 .text._ZN4uORB7Manager10orb_existsEPK12orb_metadatai
                0x00000000       0x32 uORBManager_nuttx.cpp.o
                0x00000000                uORB::Manager::orb_exists(orb_metadata const*, int)

.text._ZN4uORB7Manager15orb_unsubscribeEi
                0x00000000        0x6
 .text._ZN4uORB7Manager15orb_unsubscribeEi
                0x00000000        0x6 uORBManager_nuttx.cpp.o
                0x00000000                uORB::Manager::orb_unsubscribe(int)

.text._ZN4uORB7Manager11orb_publishEPK12orb_metadataPvPKv
                0x00000000        0xa
 .text._ZN4uORB7Manager11orb_publishEPK12orb_metadataPvPKv
                0x00000000        0xa uORBManager_nuttx.cpp.o
                0x00000000                uORB::Manager::orb_publish(orb_metadata const*, void*, void const*)

.text._ZN4uORB7Manager8orb_copyEPK12orb_metadataiPv
                0x00000000       0x2a
 .text._ZN4uORB7Manager8orb_copyEPK12orb_metadataiPv
                0x00000000       0x2a uORBManager_nuttx.cpp.o
                0x00000000                uORB::Manager::orb_copy(orb_metadata const*, int, void*)

.text._ZN4uORB7Manager9orb_checkEiPb
                0x00000000        0xa
 .text._ZN4uORB7Manager9orb_checkEiPb
                0x00000000        0xa uORBManager_nuttx.cpp.o
                0x00000000                uORB::Manager::orb_check(int, bool*)

.text._ZN4uORB7Manager8orb_statEiPy
                0x00000000        0xa
 .text._ZN4uORB7Manager8orb_statEiPy
                0x00000000        0xa uORBManager_nuttx.cpp.o
                0x00000000                uORB::Manager::orb_stat(int, unsigned long long*)

.text._ZN4uORB7Manager12orb_priorityEiPi
                0x00000000        0xa
 .text._ZN4uORB7Manager12orb_priorityEiPi
                0x00000000        0xa uORBManager_nuttx.cpp.o
                0x00000000                uORB::Manager::orb_priority(int, int*)

.text._ZN4uORB7Manager16orb_set_intervalEij
                0x00000000       0x10
 .text._ZN4uORB7Manager16orb_set_intervalEij
                0x00000000       0x10 uORBManager_nuttx.cpp.o
                0x00000000                uORB::Manager::orb_set_interval(int, unsigned int)

.text._ZN4uORB7Manager14node_advertiseEPK12orb_metadataPii
                0x00000000       0x48
 .text._ZN4uORB7Manager14node_advertiseEPK12orb_metadataPii
                0x00000000       0x48 uORBManager_nuttx.cpp.o
                0x00000000                uORB::Manager::node_advertise(orb_metadata const*, int*, int)

.text._ZN4uORB7Manager9node_openENS_6FlavorEPK12orb_metadataPKvbPii
                0x00000000       0xb0
 .text._ZN4uORB7Manager9node_openENS_6FlavorEPK12orb_metadataPKvbPii
                0x00000000       0xb0 uORBManager_nuttx.cpp.o
                0x00000000                uORB::Manager::node_open(uORB::Flavor, orb_metadata const*, void const*, bool, int*, int)

.text._ZN4uORB7Manager19orb_advertise_multiEPK12orb_metadataPKvPii
                0x00000000       0x50
 .text._ZN4uORB7Manager19orb_advertise_multiEPK12orb_metadataPKvPii
                0x00000000       0x50 uORBManager_nuttx.cpp.o
                0x00000000                uORB::Manager::orb_advertise_multi(orb_metadata const*, void const*, int*, int)

.text._ZN4uORB7Manager13orb_advertiseEPK12orb_metadataPKv
                0x00000000       0x12
 .text._ZN4uORB7Manager13orb_advertiseEPK12orb_metadataPKv
                0x00000000       0x12 uORBManager_nuttx.cpp.o
                0x00000000                uORB::Manager::orb_advertise(orb_metadata const*, void const*)

.text._ZN4uORB7Manager13orb_subscribeEPK12orb_metadata
                0x00000000       0x1a
 .text._ZN4uORB7Manager13orb_subscribeEPK12orb_metadata
                0x00000000       0x1a uORBManager_nuttx.cpp.o
                0x00000000                uORB::Manager::orb_subscribe(orb_metadata const*)

.text._ZN4uORB7Manager19orb_subscribe_multiEPK12orb_metadataj
                0x00000000       0x22
 .text._ZN4uORB7Manager19orb_subscribe_multiEPK12orb_metadataj
                0x00000000       0x22 uORBManager_nuttx.cpp.o
                0x00000000                uORB::Manager::orb_subscribe_multi(orb_metadata const*, unsigned int)

.text._ZN4uORB7Manager21set_uorb_communicatorEPN16uORBCommunicator8IChannelE
                0x00000000       0x12
 .text._ZN4uORB7Manager21set_uorb_communicatorEPN16uORBCommunicator8IChannelE
                0x00000000       0x12 uORBManager_nuttx.cpp.o
                0x00000000                uORB::Manager::set_uorb_communicator(uORBCommunicator::IChannel*)

.text._ZN4uORB7Manager21get_uorb_communicatorEv
                0x00000000        0x4
 .text._ZN4uORB7Manager21get_uorb_communicatorEv
                0x00000000        0x4 uORBManager_nuttx.cpp.o
                0x00000000                uORB::Manager::get_uorb_communicator()

.text._ZN4uORB7Manager28is_remote_subscriber_presentEPKc
                0x00000000       0x1e
 .text._ZN4uORB7Manager28is_remote_subscriber_presentEPKc
                0x00000000       0x1e uORBManager_nuttx.cpp.o
                0x00000000                uORB::Manager::is_remote_subscriber_present(char const*)

.text._ZN4uORB15PublicationBaseD2Ev
                0x00000000        0x2
 .text._ZN4uORB15PublicationBaseD2Ev
                0x00000000        0x2 Publication.cpp.o
                0x00000000                uORB::PublicationBase::~PublicationBase()
                0x00000000                uORB::PublicationBase::~PublicationBase()

.text._ZN4uORB11PublicationI18vehicle_attitude_sED2Ev
                0x00000000        0x2
 .text._ZN4uORB11PublicationI18vehicle_attitude_sED2Ev
                0x00000000        0x2 Publication.cpp.o
                0x00000000                uORB::Publication<vehicle_attitude_s>::~Publication()
                0x00000000                uORB::Publication<vehicle_attitude_s>::~Publication()

.text._ZN4uORB11PublicationI18vehicle_attitude_sED1Ev
                0x00000000        0x8
 .text._ZN4uORB11PublicationI18vehicle_attitude_sED1Ev
                0x00000000        0x8 Publication.cpp.o
                0x00000000                non-virtual thunk to uORB::Publication<vehicle_attitude_s>::~Publication()

.text._ZN4uORB11PublicationI24vehicle_local_position_sED2Ev
                0x00000000        0x2
 .text._ZN4uORB11PublicationI24vehicle_local_position_sED2Ev
                0x00000000        0x2 Publication.cpp.o
                0x00000000                uORB::Publication<vehicle_local_position_s>::~Publication()
                0x00000000                uORB::Publication<vehicle_local_position_s>::~Publication()

.text._ZN4uORB11PublicationI24vehicle_local_position_sED1Ev
                0x00000000        0x8
 .text._ZN4uORB11PublicationI24vehicle_local_position_sED1Ev
                0x00000000        0x8 Publication.cpp.o
                0x00000000                non-virtual thunk to uORB::Publication<vehicle_local_position_s>::~Publication()

.text._ZN4uORB11PublicationI25vehicle_global_position_sED2Ev
                0x00000000        0x2
 .text._ZN4uORB11PublicationI25vehicle_global_position_sED2Ev
                0x00000000        0x2 Publication.cpp.o
                0x00000000                uORB::Publication<vehicle_global_position_s>::~Publication()
                0x00000000                uORB::Publication<vehicle_global_position_s>::~Publication()

.text._ZN4uORB11PublicationI25vehicle_global_position_sED1Ev
                0x00000000        0x8
 .text._ZN4uORB11PublicationI25vehicle_global_position_sED1Ev
                0x00000000        0x8 Publication.cpp.o
                0x00000000                non-virtual thunk to uORB::Publication<vehicle_global_position_s>::~Publication()

.text._ZN4uORB11PublicationI17debug_key_value_sED2Ev
                0x00000000        0x2
 .text._ZN4uORB11PublicationI17debug_key_value_sED2Ev
                0x00000000        0x2 Publication.cpp.o
                0x00000000                uORB::Publication<debug_key_value_s>::~Publication()
                0x00000000                uORB::Publication<debug_key_value_s>::~Publication()

.text._ZN4uORB11PublicationI17debug_key_value_sED1Ev
                0x00000000        0x8
 .text._ZN4uORB11PublicationI17debug_key_value_sED1Ev
                0x00000000        0x8 Publication.cpp.o
                0x00000000                non-virtual thunk to uORB::Publication<debug_key_value_s>::~Publication()

.text._ZN4uORB11PublicationI19actuator_controls_sED2Ev
                0x00000000        0x2
 .text._ZN4uORB11PublicationI19actuator_controls_sED2Ev
                0x00000000        0x2 Publication.cpp.o
                0x00000000                uORB::Publication<actuator_controls_s>::~Publication()
                0x00000000                uORB::Publication<actuator_controls_s>::~Publication()

.text._ZN4uORB11PublicationI19actuator_controls_sED1Ev
                0x00000000        0x8
 .text._ZN4uORB11PublicationI19actuator_controls_sED1Ev
                0x00000000        0x8 Publication.cpp.o
                0x00000000                non-virtual thunk to uORB::Publication<actuator_controls_s>::~Publication()

.text._ZN4uORB11PublicationI34vehicle_global_velocity_setpoint_sED2Ev
                0x00000000        0x2
 .text._ZN4uORB11PublicationI34vehicle_global_velocity_setpoint_sED2Ev
                0x00000000        0x2 Publication.cpp.o
                0x00000000                uORB::Publication<vehicle_global_velocity_setpoint_s>::~Publication()
                0x00000000                uORB::Publication<vehicle_global_velocity_setpoint_s>::~Publication()

.text._ZN4uORB11PublicationI34vehicle_global_velocity_setpoint_sED1Ev
                0x00000000        0x8
 .text._ZN4uORB11PublicationI34vehicle_global_velocity_setpoint_sED1Ev
                0x00000000        0x8 Publication.cpp.o
                0x00000000                non-virtual thunk to uORB::Publication<vehicle_global_velocity_setpoint_s>::~Publication()

.text._ZN4uORB11PublicationI27vehicle_attitude_setpoint_sED2Ev
                0x00000000        0x2
 .text._ZN4uORB11PublicationI27vehicle_attitude_setpoint_sED2Ev
                0x00000000        0x2 Publication.cpp.o
                0x00000000                uORB::Publication<vehicle_attitude_setpoint_s>::~Publication()
                0x00000000                uORB::Publication<vehicle_attitude_setpoint_s>::~Publication()

.text._ZN4uORB11PublicationI27vehicle_attitude_setpoint_sED1Ev
                0x00000000        0x8
 .text._ZN4uORB11PublicationI27vehicle_attitude_setpoint_sED1Ev
                0x00000000        0x8 Publication.cpp.o
                0x00000000                non-virtual thunk to uORB::Publication<vehicle_attitude_setpoint_s>::~Publication()

.text._ZN4uORB11PublicationI24vehicle_rates_setpoint_sED2Ev
                0x00000000        0x2
 .text._ZN4uORB11PublicationI24vehicle_rates_setpoint_sED2Ev
                0x00000000        0x2 Publication.cpp.o
                0x00000000                uORB::Publication<vehicle_rates_setpoint_s>::~Publication()
                0x00000000                uORB::Publication<vehicle_rates_setpoint_s>::~Publication()

.text._ZN4uORB11PublicationI24vehicle_rates_setpoint_sED1Ev
                0x00000000        0x8
 .text._ZN4uORB11PublicationI24vehicle_rates_setpoint_sED1Ev
                0x00000000        0x8 Publication.cpp.o
                0x00000000                non-virtual thunk to uORB::Publication<vehicle_rates_setpoint_s>::~Publication()

.text._ZN4uORB11PublicationI18actuator_outputs_sED2Ev
                0x00000000        0x2
 .text._ZN4uORB11PublicationI18actuator_outputs_sED2Ev
                0x00000000        0x2 Publication.cpp.o
                0x00000000                uORB::Publication<actuator_outputs_s>::~Publication()
                0x00000000                uORB::Publication<actuator_outputs_s>::~Publication()

.text._ZN4uORB11PublicationI18actuator_outputs_sED1Ev
                0x00000000        0x8
 .text._ZN4uORB11PublicationI18actuator_outputs_sED1Ev
                0x00000000        0x8 Publication.cpp.o
                0x00000000                non-virtual thunk to uORB::Publication<actuator_outputs_s>::~Publication()

.text._ZN4uORB11PublicationI17actuator_direct_sED2Ev
                0x00000000        0x2
 .text._ZN4uORB11PublicationI17actuator_direct_sED2Ev
                0x00000000        0x2 Publication.cpp.o
                0x00000000                uORB::Publication<actuator_direct_s>::~Publication()
                0x00000000                uORB::Publication<actuator_direct_s>::~Publication()

.text._ZN4uORB11PublicationI17actuator_direct_sED1Ev
                0x00000000        0x8
 .text._ZN4uORB11PublicationI17actuator_direct_sED1Ev
                0x00000000        0x8 Publication.cpp.o
                0x00000000                non-virtual thunk to uORB::Publication<actuator_direct_s>::~Publication()

.text._ZN4uORB11PublicationI10encoders_sED2Ev
                0x00000000        0x2
 .text._ZN4uORB11PublicationI10encoders_sED2Ev
                0x00000000        0x2 Publication.cpp.o
                0x00000000                uORB::Publication<encoders_s>::~Publication()
                0x00000000                uORB::Publication<encoders_s>::~Publication()

.text._ZN4uORB11PublicationI10encoders_sED1Ev
                0x00000000        0x8
 .text._ZN4uORB11PublicationI10encoders_sED1Ev
                0x00000000        0x8 Publication.cpp.o
                0x00000000                non-virtual thunk to uORB::Publication<encoders_s>::~Publication()

.text._ZN4uORB11PublicationI13tecs_status_sED2Ev
                0x00000000        0x2
 .text._ZN4uORB11PublicationI13tecs_status_sED2Ev
                0x00000000        0x2 Publication.cpp.o
                0x00000000                uORB::Publication<tecs_status_s>::~Publication()
                0x00000000                uORB::Publication<tecs_status_s>::~Publication()

.text._ZN4uORB11PublicationI13tecs_status_sED1Ev
                0x00000000        0x8
 .text._ZN4uORB11PublicationI13tecs_status_sED1Ev
                0x00000000        0x8 Publication.cpp.o
                0x00000000                non-virtual thunk to uORB::Publication<tecs_status_s>::~Publication()

.text._ZN4uORB11PublicationI13rc_channels_sED2Ev
                0x00000000        0x2
 .text._ZN4uORB11PublicationI13rc_channels_sED2Ev
                0x00000000        0x2 Publication.cpp.o
                0x00000000                uORB::Publication<rc_channels_s>::~Publication()
                0x00000000                uORB::Publication<rc_channels_s>::~Publication()

.text._ZN4uORB11PublicationI13rc_channels_sED1Ev
                0x00000000        0x8
 .text._ZN4uORB11PublicationI13rc_channels_sED1Ev
                0x00000000        0x8 Publication.cpp.o
                0x00000000                non-virtual thunk to uORB::Publication<rc_channels_s>::~Publication()

.text._ZN4uORB11PublicationI22filtered_bottom_flow_sED2Ev
                0x00000000        0x2
 .text._ZN4uORB11PublicationI22filtered_bottom_flow_sED2Ev
                0x00000000        0x2 Publication.cpp.o
                0x00000000                uORB::Publication<filtered_bottom_flow_s>::~Publication()
                0x00000000                uORB::Publication<filtered_bottom_flow_s>::~Publication()

.text._ZN4uORB11PublicationI22filtered_bottom_flow_sED1Ev
                0x00000000        0x8
 .text._ZN4uORB11PublicationI22filtered_bottom_flow_sED1Ev
                0x00000000        0x8 Publication.cpp.o
                0x00000000                non-virtual thunk to uORB::Publication<filtered_bottom_flow_s>::~Publication()

.text._ZN8ListNodeIPN4uORB15PublicationNodeEED2Ev
                0x00000000        0x2
 .text._ZN8ListNodeIPN4uORB15PublicationNodeEED2Ev
                0x00000000        0x2 Publication.cpp.o
                0x00000000                ListNode<uORB::PublicationNode*>::~ListNode()
                0x00000000                ListNode<uORB::PublicationNode*>::~ListNode()

.text._ZN4uORB15PublicationBaseD0Ev
                0x00000000        0xc
 .text._ZN4uORB15PublicationBaseD0Ev
                0x00000000        0xc Publication.cpp.o
                0x00000000                uORB::PublicationBase::~PublicationBase()

.text._ZN8ListNodeIPN4uORB15PublicationNodeEED0Ev
                0x00000000        0xc
 .text._ZN8ListNodeIPN4uORB15PublicationNodeEED0Ev
                0x00000000        0xc Publication.cpp.o
                0x00000000                ListNode<uORB::PublicationNode*>::~ListNode()

.text._ZN4uORB11PublicationI18vehicle_attitude_sED0Ev
                0x00000000       0x12
 .text._ZN4uORB11PublicationI18vehicle_attitude_sED0Ev
                0x00000000       0x12 Publication.cpp.o
                0x00000000                uORB::Publication<vehicle_attitude_s>::~Publication()
                0x0000000c                non-virtual thunk to uORB::Publication<vehicle_attitude_s>::~Publication()

.text._ZN4uORB11PublicationI24vehicle_local_position_sED0Ev
                0x00000000       0x12
 .text._ZN4uORB11PublicationI24vehicle_local_position_sED0Ev
                0x00000000       0x12 Publication.cpp.o
                0x00000000                uORB::Publication<vehicle_local_position_s>::~Publication()
                0x0000000c                non-virtual thunk to uORB::Publication<vehicle_local_position_s>::~Publication()

.text._ZN4uORB11PublicationI25vehicle_global_position_sED0Ev
                0x00000000       0x12
 .text._ZN4uORB11PublicationI25vehicle_global_position_sED0Ev
                0x00000000       0x12 Publication.cpp.o
                0x00000000                uORB::Publication<vehicle_global_position_s>::~Publication()
                0x0000000c                non-virtual thunk to uORB::Publication<vehicle_global_position_s>::~Publication()

.text._ZN4uORB11PublicationI17debug_key_value_sED0Ev
                0x00000000       0x12
 .text._ZN4uORB11PublicationI17debug_key_value_sED0Ev
                0x00000000       0x12 Publication.cpp.o
                0x00000000                uORB::Publication<debug_key_value_s>::~Publication()
                0x0000000c                non-virtual thunk to uORB::Publication<debug_key_value_s>::~Publication()

.text._ZN4uORB11PublicationI19actuator_controls_sED0Ev
                0x00000000       0x12
 .text._ZN4uORB11PublicationI19actuator_controls_sED0Ev
                0x00000000       0x12 Publication.cpp.o
                0x00000000                uORB::Publication<actuator_controls_s>::~Publication()
                0x0000000c                non-virtual thunk to uORB::Publication<actuator_controls_s>::~Publication()

.text._ZN4uORB11PublicationI34vehicle_global_velocity_setpoint_sED0Ev
                0x00000000       0x12
 .text._ZN4uORB11PublicationI34vehicle_global_velocity_setpoint_sED0Ev
                0x00000000       0x12 Publication.cpp.o
                0x00000000                uORB::Publication<vehicle_global_velocity_setpoint_s>::~Publication()
                0x0000000c                non-virtual thunk to uORB::Publication<vehicle_global_velocity_setpoint_s>::~Publication()

.text._ZN4uORB11PublicationI27vehicle_attitude_setpoint_sED0Ev
                0x00000000       0x12
 .text._ZN4uORB11PublicationI27vehicle_attitude_setpoint_sED0Ev
                0x00000000       0x12 Publication.cpp.o
                0x00000000                uORB::Publication<vehicle_attitude_setpoint_s>::~Publication()
                0x0000000c                non-virtual thunk to uORB::Publication<vehicle_attitude_setpoint_s>::~Publication()

.text._ZN4uORB11PublicationI24vehicle_rates_setpoint_sED0Ev
                0x00000000       0x12
 .text._ZN4uORB11PublicationI24vehicle_rates_setpoint_sED0Ev
                0x00000000       0x12 Publication.cpp.o
                0x00000000                uORB::Publication<vehicle_rates_setpoint_s>::~Publication()
                0x0000000c                non-virtual thunk to uORB::Publication<vehicle_rates_setpoint_s>::~Publication()

.text._ZN4uORB11PublicationI18actuator_outputs_sED0Ev
                0x00000000       0x12
 .text._ZN4uORB11PublicationI18actuator_outputs_sED0Ev
                0x00000000       0x12 Publication.cpp.o
                0x00000000                uORB::Publication<actuator_outputs_s>::~Publication()
                0x0000000c                non-virtual thunk to uORB::Publication<actuator_outputs_s>::~Publication()

.text._ZN4uORB11PublicationI17actuator_direct_sED0Ev
                0x00000000       0x12
 .text._ZN4uORB11PublicationI17actuator_direct_sED0Ev
                0x00000000       0x12 Publication.cpp.o
                0x00000000                uORB::Publication<actuator_direct_s>::~Publication()
                0x0000000c                non-virtual thunk to uORB::Publication<actuator_direct_s>::~Publication()

.text._ZN4uORB11PublicationI10encoders_sED0Ev
                0x00000000       0x12
 .text._ZN4uORB11PublicationI10encoders_sED0Ev
                0x00000000       0x12 Publication.cpp.o
                0x00000000                uORB::Publication<encoders_s>::~Publication()
                0x0000000c                non-virtual thunk to uORB::Publication<encoders_s>::~Publication()

.text._ZN4uORB11PublicationI13tecs_status_sED0Ev
                0x00000000       0x12
 .text._ZN4uORB11PublicationI13tecs_status_sED0Ev
                0x00000000       0x12 Publication.cpp.o
                0x00000000                uORB::Publication<tecs_status_s>::~Publication()
                0x0000000c                non-virtual thunk to uORB::Publication<tecs_status_s>::~Publication()

.text._ZN4uORB11PublicationI13rc_channels_sED0Ev
                0x00000000       0x12
 .text._ZN4uORB11PublicationI13rc_channels_sED0Ev
                0x00000000       0x12 Publication.cpp.o
                0x00000000                uORB::Publication<rc_channels_s>::~Publication()
                0x0000000c                non-virtual thunk to uORB::Publication<rc_channels_s>::~Publication()

.text._ZN4uORB11PublicationI22filtered_bottom_flow_sED0Ev
                0x00000000       0x12
 .text._ZN4uORB11PublicationI22filtered_bottom_flow_sED0Ev
                0x00000000       0x12 Publication.cpp.o
                0x00000000                uORB::Publication<filtered_bottom_flow_s>::~Publication()
                0x0000000c                non-virtual thunk to uORB::Publication<filtered_bottom_flow_s>::~Publication()

.text._ZN4uORB15PublicationBaseC2EPK12orb_metadatai
                0x00000000       0x18
 .text._ZN4uORB15PublicationBaseC2EPK12orb_metadatai
                0x00000000       0x18 Publication.cpp.o
                0x00000000                uORB::PublicationBase::PublicationBase(orb_metadata const*, int)
                0x00000000                uORB::PublicationBase::PublicationBase(orb_metadata const*, int)

.text._ZN4uORB15PublicationBase6updateEPv
                0x00000000       0x4c
 .text._ZN4uORB15PublicationBase6updateEPv
                0x00000000       0x4c Publication.cpp.o
                0x00000000                uORB::PublicationBase::update(void*)

.text._ZN4uORB11PublicationI18vehicle_attitude_sE6updateEv
                0x00000000        0x8
 .text._ZN4uORB11PublicationI18vehicle_attitude_sE6updateEv
                0x00000000        0x8 Publication.cpp.o
                0x00000000                uORB::Publication<vehicle_attitude_s>::update()

.text._ZN4uORB11PublicationI24vehicle_local_position_sE6updateEv
                0x00000000        0x8
 .text._ZN4uORB11PublicationI24vehicle_local_position_sE6updateEv
                0x00000000        0x8 Publication.cpp.o
                0x00000000                uORB::Publication<vehicle_local_position_s>::update()

.text._ZN4uORB11PublicationI25vehicle_global_position_sE6updateEv
                0x00000000        0x8
 .text._ZN4uORB11PublicationI25vehicle_global_position_sE6updateEv
                0x00000000        0x8 Publication.cpp.o
                0x00000000                uORB::Publication<vehicle_global_position_s>::update()

.text._ZN4uORB11PublicationI17debug_key_value_sE6updateEv
                0x00000000        0x8
 .text._ZN4uORB11PublicationI17debug_key_value_sE6updateEv
                0x00000000        0x8 Publication.cpp.o
                0x00000000                uORB::Publication<debug_key_value_s>::update()

.text._ZN4uORB11PublicationI19actuator_controls_sE6updateEv
                0x00000000        0x8
 .text._ZN4uORB11PublicationI19actuator_controls_sE6updateEv
                0x00000000        0x8 Publication.cpp.o
                0x00000000                uORB::Publication<actuator_controls_s>::update()

.text._ZN4uORB11PublicationI34vehicle_global_velocity_setpoint_sE6updateEv
                0x00000000        0x8
 .text._ZN4uORB11PublicationI34vehicle_global_velocity_setpoint_sE6updateEv
                0x00000000        0x8 Publication.cpp.o
                0x00000000                uORB::Publication<vehicle_global_velocity_setpoint_s>::update()

.text._ZN4uORB11PublicationI27vehicle_attitude_setpoint_sE6updateEv
                0x00000000        0x8
 .text._ZN4uORB11PublicationI27vehicle_attitude_setpoint_sE6updateEv
                0x00000000        0x8 Publication.cpp.o
                0x00000000                uORB::Publication<vehicle_attitude_setpoint_s>::update()

.text._ZN4uORB11PublicationI24vehicle_rates_setpoint_sE6updateEv
                0x00000000        0x8
 .text._ZN4uORB11PublicationI24vehicle_rates_setpoint_sE6updateEv
                0x00000000        0x8 Publication.cpp.o
                0x00000000                uORB::Publication<vehicle_rates_setpoint_s>::update()

.text._ZN4uORB11PublicationI18actuator_outputs_sE6updateEv
                0x00000000        0x8
 .text._ZN4uORB11PublicationI18actuator_outputs_sE6updateEv
                0x00000000        0x8 Publication.cpp.o
                0x00000000                uORB::Publication<actuator_outputs_s>::update()

.text._ZN4uORB11PublicationI17actuator_direct_sE6updateEv
                0x00000000        0x8
 .text._ZN4uORB11PublicationI17actuator_direct_sE6updateEv
                0x00000000        0x8 Publication.cpp.o
                0x00000000                uORB::Publication<actuator_direct_s>::update()

.text._ZN4uORB11PublicationI10encoders_sE6updateEv
                0x00000000        0x8
 .text._ZN4uORB11PublicationI10encoders_sE6updateEv
                0x00000000        0x8 Publication.cpp.o
                0x00000000                uORB::Publication<encoders_s>::update()

.text._ZN4uORB11PublicationI13tecs_status_sE6updateEv
                0x00000000        0x8
 .text._ZN4uORB11PublicationI13tecs_status_sE6updateEv
                0x00000000        0x8 Publication.cpp.o
                0x00000000                uORB::Publication<tecs_status_s>::update()

.text._ZN4uORB11PublicationI13rc_channels_sE6updateEv
                0x00000000        0x8
 .text._ZN4uORB11PublicationI13rc_channels_sE6updateEv
                0x00000000        0x8 Publication.cpp.o
                0x00000000                uORB::Publication<rc_channels_s>::update()

.text._ZN4uORB11PublicationI22filtered_bottom_flow_sE6updateEv
                0x00000000        0x8
 .text._ZN4uORB11PublicationI22filtered_bottom_flow_sE6updateEv
                0x00000000        0x8 Publication.cpp.o
                0x00000000                uORB::Publication<filtered_bottom_flow_s>::update()

.text._ZN4uORB15PublicationNodeC2EPK12orb_metadataiP4ListIPS0_E
                0x00000000       0x24
 .text._ZN4uORB15PublicationNodeC2EPK12orb_metadataiP4ListIPS0_E
                0x00000000       0x24 Publication.cpp.o
                0x00000000                uORB::PublicationNode::PublicationNode(orb_metadata const*, int, List<uORB::PublicationNode*>*)
                0x00000000                uORB::PublicationNode::PublicationNode(orb_metadata const*, int, List<uORB::PublicationNode*>*)

.text._ZN4uORB11PublicationI18vehicle_attitude_sEC2EPK12orb_metadataiP4ListIPNS_15PublicationNodeEE
                0x00000000       0x24
 .text._ZN4uORB11PublicationI18vehicle_attitude_sEC2EPK12orb_metadataiP4ListIPNS_15PublicationNodeEE
                0x00000000       0x24 Publication.cpp.o
                0x00000000                uORB::Publication<vehicle_attitude_s>::Publication(orb_metadata const*, int, List<uORB::PublicationNode*>*)
                0x00000000                uORB::Publication<vehicle_attitude_s>::Publication(orb_metadata const*, int, List<uORB::PublicationNode*>*)

.text._ZN4uORB11PublicationI18vehicle_attitude_sE3getEv
                0x00000000        0x4
 .text._ZN4uORB11PublicationI18vehicle_attitude_sE3getEv
                0x00000000        0x4 Publication.cpp.o
                0x00000000                uORB::Publication<vehicle_attitude_s>::get()

.text._ZN4uORB11PublicationI24vehicle_local_position_sEC2EPK12orb_metadataiP4ListIPNS_15PublicationNodeEE
                0x00000000       0x24
 .text._ZN4uORB11PublicationI24vehicle_local_position_sEC2EPK12orb_metadataiP4ListIPNS_15PublicationNodeEE
                0x00000000       0x24 Publication.cpp.o
                0x00000000                uORB::Publication<vehicle_local_position_s>::Publication(orb_metadata const*, int, List<uORB::PublicationNode*>*)
                0x00000000                uORB::Publication<vehicle_local_position_s>::Publication(orb_metadata const*, int, List<uORB::PublicationNode*>*)

.text._ZN4uORB11PublicationI24vehicle_local_position_sE3getEv
                0x00000000        0x4
 .text._ZN4uORB11PublicationI24vehicle_local_position_sE3getEv
                0x00000000        0x4 Publication.cpp.o
                0x00000000                uORB::Publication<vehicle_local_position_s>::get()

.text._ZN4uORB11PublicationI25vehicle_global_position_sEC2EPK12orb_metadataiP4ListIPNS_15PublicationNodeEE
                0x00000000       0x24
 .text._ZN4uORB11PublicationI25vehicle_global_position_sEC2EPK12orb_metadataiP4ListIPNS_15PublicationNodeEE
                0x00000000       0x24 Publication.cpp.o
                0x00000000                uORB::Publication<vehicle_global_position_s>::Publication(orb_metadata const*, int, List<uORB::PublicationNode*>*)
                0x00000000                uORB::Publication<vehicle_global_position_s>::Publication(orb_metadata const*, int, List<uORB::PublicationNode*>*)

.text._ZN4uORB11PublicationI25vehicle_global_position_sE3getEv
                0x00000000        0x4
 .text._ZN4uORB11PublicationI25vehicle_global_position_sE3getEv
                0x00000000        0x4 Publication.cpp.o
                0x00000000                uORB::Publication<vehicle_global_position_s>::get()

.text._ZN4uORB11PublicationI17debug_key_value_sEC2EPK12orb_metadataiP4ListIPNS_15PublicationNodeEE
                0x00000000       0x24
 .text._ZN4uORB11PublicationI17debug_key_value_sEC2EPK12orb_metadataiP4ListIPNS_15PublicationNodeEE
                0x00000000       0x24 Publication.cpp.o
                0x00000000                uORB::Publication<debug_key_value_s>::Publication(orb_metadata const*, int, List<uORB::PublicationNode*>*)
                0x00000000                uORB::Publication<debug_key_value_s>::Publication(orb_metadata const*, int, List<uORB::PublicationNode*>*)

.text._ZN4uORB11PublicationI17debug_key_value_sE3getEv
                0x00000000        0x4
 .text._ZN4uORB11PublicationI17debug_key_value_sE3getEv
                0x00000000        0x4 Publication.cpp.o
                0x00000000                uORB::Publication<debug_key_value_s>::get()

.text._ZN4uORB11PublicationI19actuator_controls_sEC2EPK12orb_metadataiP4ListIPNS_15PublicationNodeEE
                0x00000000       0x24
 .text._ZN4uORB11PublicationI19actuator_controls_sEC2EPK12orb_metadataiP4ListIPNS_15PublicationNodeEE
                0x00000000       0x24 Publication.cpp.o
                0x00000000                uORB::Publication<actuator_controls_s>::Publication(orb_metadata const*, int, List<uORB::PublicationNode*>*)
                0x00000000                uORB::Publication<actuator_controls_s>::Publication(orb_metadata const*, int, List<uORB::PublicationNode*>*)

.text._ZN4uORB11PublicationI19actuator_controls_sE3getEv
                0x00000000        0x4
 .text._ZN4uORB11PublicationI19actuator_controls_sE3getEv
                0x00000000        0x4 Publication.cpp.o
                0x00000000                uORB::Publication<actuator_controls_s>::get()

.text._ZN4uORB11PublicationI34vehicle_global_velocity_setpoint_sEC2EPK12orb_metadataiP4ListIPNS_15PublicationNodeEE
                0x00000000       0x20
 .text._ZN4uORB11PublicationI34vehicle_global_velocity_setpoint_sEC2EPK12orb_metadataiP4ListIPNS_15PublicationNodeEE
                0x00000000       0x20 Publication.cpp.o
                0x00000000                uORB::Publication<vehicle_global_velocity_setpoint_s>::Publication(orb_metadata const*, int, List<uORB::PublicationNode*>*)
                0x00000000                uORB::Publication<vehicle_global_velocity_setpoint_s>::Publication(orb_metadata const*, int, List<uORB::PublicationNode*>*)

.text._ZN4uORB11PublicationI34vehicle_global_velocity_setpoint_sE3getEv
                0x00000000        0x4
 .text._ZN4uORB11PublicationI34vehicle_global_velocity_setpoint_sE3getEv
                0x00000000        0x4 Publication.cpp.o
                0x00000000                uORB::Publication<vehicle_global_velocity_setpoint_s>::get()

.text._ZN4uORB11PublicationI27vehicle_attitude_setpoint_sEC2EPK12orb_metadataiP4ListIPNS_15PublicationNodeEE
                0x00000000       0x24
 .text._ZN4uORB11PublicationI27vehicle_attitude_setpoint_sEC2EPK12orb_metadataiP4ListIPNS_15PublicationNodeEE
                0x00000000       0x24 Publication.cpp.o
                0x00000000                uORB::Publication<vehicle_attitude_setpoint_s>::Publication(orb_metadata const*, int, List<uORB::PublicationNode*>*)
                0x00000000                uORB::Publication<vehicle_attitude_setpoint_s>::Publication(orb_metadata const*, int, List<uORB::PublicationNode*>*)

.text._ZN4uORB11PublicationI27vehicle_attitude_setpoint_sE3getEv
                0x00000000        0x4
 .text._ZN4uORB11PublicationI27vehicle_attitude_setpoint_sE3getEv
                0x00000000        0x4 Publication.cpp.o
                0x00000000                uORB::Publication<vehicle_attitude_setpoint_s>::get()

.text._ZN4uORB11PublicationI24vehicle_rates_setpoint_sEC2EPK12orb_metadataiP4ListIPNS_15PublicationNodeEE
                0x00000000       0x24
 .text._ZN4uORB11PublicationI24vehicle_rates_setpoint_sEC2EPK12orb_metadataiP4ListIPNS_15PublicationNodeEE
                0x00000000       0x24 Publication.cpp.o
                0x00000000                uORB::Publication<vehicle_rates_setpoint_s>::Publication(orb_metadata const*, int, List<uORB::PublicationNode*>*)
                0x00000000                uORB::Publication<vehicle_rates_setpoint_s>::Publication(orb_metadata const*, int, List<uORB::PublicationNode*>*)

.text._ZN4uORB11PublicationI24vehicle_rates_setpoint_sE3getEv
                0x00000000        0x4
 .text._ZN4uORB11PublicationI24vehicle_rates_setpoint_sE3getEv
                0x00000000        0x4 Publication.cpp.o
                0x00000000                uORB::Publication<vehicle_rates_setpoint_s>::get()

.text._ZN4uORB11PublicationI18actuator_outputs_sEC2EPK12orb_metadataiP4ListIPNS_15PublicationNodeEE
                0x00000000       0x24
 .text._ZN4uORB11PublicationI18actuator_outputs_sEC2EPK12orb_metadataiP4ListIPNS_15PublicationNodeEE
                0x00000000       0x24 Publication.cpp.o
                0x00000000                uORB::Publication<actuator_outputs_s>::Publication(orb_metadata const*, int, List<uORB::PublicationNode*>*)
                0x00000000                uORB::Publication<actuator_outputs_s>::Publication(orb_metadata const*, int, List<uORB::PublicationNode*>*)

.text._ZN4uORB11PublicationI18actuator_outputs_sE3getEv
                0x00000000        0x4
 .text._ZN4uORB11PublicationI18actuator_outputs_sE3getEv
                0x00000000        0x4 Publication.cpp.o
                0x00000000                uORB::Publication<actuator_outputs_s>::get()

.text._ZN4uORB11PublicationI17actuator_direct_sEC2EPK12orb_metadataiP4ListIPNS_15PublicationNodeEE
                0x00000000       0x24
 .text._ZN4uORB11PublicationI17actuator_direct_sEC2EPK12orb_metadataiP4ListIPNS_15PublicationNodeEE
                0x00000000       0x24 Publication.cpp.o
                0x00000000                uORB::Publication<actuator_direct_s>::Publication(orb_metadata const*, int, List<uORB::PublicationNode*>*)
                0x00000000                uORB::Publication<actuator_direct_s>::Publication(orb_metadata const*, int, List<uORB::PublicationNode*>*)

.text._ZN4uORB11PublicationI17actuator_direct_sE3getEv
                0x00000000        0x4
 .text._ZN4uORB11PublicationI17actuator_direct_sE3getEv
                0x00000000        0x4 Publication.cpp.o
                0x00000000                uORB::Publication<actuator_direct_s>::get()

.text._ZN4uORB11PublicationI10encoders_sEC2EPK12orb_metadataiP4ListIPNS_15PublicationNodeEE
                0x00000000       0x24
 .text._ZN4uORB11PublicationI10encoders_sEC2EPK12orb_metadataiP4ListIPNS_15PublicationNodeEE
                0x00000000       0x24 Publication.cpp.o
                0x00000000                uORB::Publication<encoders_s>::Publication(orb_metadata const*, int, List<uORB::PublicationNode*>*)
                0x00000000                uORB::Publication<encoders_s>::Publication(orb_metadata const*, int, List<uORB::PublicationNode*>*)

.text._ZN4uORB11PublicationI10encoders_sE3getEv
                0x00000000        0x4
 .text._ZN4uORB11PublicationI10encoders_sE3getEv
                0x00000000        0x4 Publication.cpp.o
                0x00000000                uORB::Publication<encoders_s>::get()

.text._ZN4uORB11PublicationI13tecs_status_sEC2EPK12orb_metadataiP4ListIPNS_15PublicationNodeEE
                0x00000000       0x24
 .text._ZN4uORB11PublicationI13tecs_status_sEC2EPK12orb_metadataiP4ListIPNS_15PublicationNodeEE
                0x00000000       0x24 Publication.cpp.o
                0x00000000                uORB::Publication<tecs_status_s>::Publication(orb_metadata const*, int, List<uORB::PublicationNode*>*)
                0x00000000                uORB::Publication<tecs_status_s>::Publication(orb_metadata const*, int, List<uORB::PublicationNode*>*)

.text._ZN4uORB11PublicationI13tecs_status_sE3getEv
                0x00000000        0x4
 .text._ZN4uORB11PublicationI13tecs_status_sE3getEv
                0x00000000        0x4 Publication.cpp.o
                0x00000000                uORB::Publication<tecs_status_s>::get()

.text._ZN4uORB11PublicationI13rc_channels_sEC2EPK12orb_metadataiP4ListIPNS_15PublicationNodeEE
                0x00000000       0x24
 .text._ZN4uORB11PublicationI13rc_channels_sEC2EPK12orb_metadataiP4ListIPNS_15PublicationNodeEE
                0x00000000       0x24 Publication.cpp.o
                0x00000000                uORB::Publication<rc_channels_s>::Publication(orb_metadata const*, int, List<uORB::PublicationNode*>*)
                0x00000000                uORB::Publication<rc_channels_s>::Publication(orb_metadata const*, int, List<uORB::PublicationNode*>*)

.text._ZN4uORB11PublicationI13rc_channels_sE3getEv
                0x00000000        0x4
 .text._ZN4uORB11PublicationI13rc_channels_sE3getEv
                0x00000000        0x4 Publication.cpp.o
                0x00000000                uORB::Publication<rc_channels_s>::get()

.text._ZN4uORB11PublicationI22filtered_bottom_flow_sEC2EPK12orb_metadataiP4ListIPNS_15PublicationNodeEE
                0x00000000       0x24
 .text._ZN4uORB11PublicationI22filtered_bottom_flow_sEC2EPK12orb_metadataiP4ListIPNS_15PublicationNodeEE
                0x00000000       0x24 Publication.cpp.o
                0x00000000                uORB::Publication<filtered_bottom_flow_s>::Publication(orb_metadata const*, int, List<uORB::PublicationNode*>*)
                0x00000000                uORB::Publication<filtered_bottom_flow_s>::Publication(orb_metadata const*, int, List<uORB::PublicationNode*>*)

.text._ZN4uORB11PublicationI22filtered_bottom_flow_sE3getEv
                0x00000000        0x4
 .text._ZN4uORB11PublicationI22filtered_bottom_flow_sE3getEv
                0x00000000        0x4 Publication.cpp.o
                0x00000000                uORB::Publication<filtered_bottom_flow_s>::get()

.text._ZN8ListNodeIPN4uORB16SubscriptionNodeEED2Ev
                0x00000000        0x2
 .text._ZN8ListNodeIPN4uORB16SubscriptionNodeEED2Ev
                0x00000000        0x2 Subscription.cpp.o
                0x00000000                ListNode<uORB::SubscriptionNode*>::~ListNode()
                0x00000000                ListNode<uORB::SubscriptionNode*>::~ListNode()

.text._ZN4uORB16SubscriptionBaseD2Ev
                0x00000000       0x24
 .text._ZN4uORB16SubscriptionBaseD2Ev
                0x00000000       0x24 Subscription.cpp.o
                0x00000000                uORB::SubscriptionBase::~SubscriptionBase()
                0x00000000                uORB::SubscriptionBase::~SubscriptionBase()

.text._ZN4uORB16SubscriptionBaseD0Ev
                0x00000000       0x12
 .text._ZN4uORB16SubscriptionBaseD0Ev
                0x00000000       0x12 Subscription.cpp.o
                0x00000000                uORB::SubscriptionBase::~SubscriptionBase()

.text._ZN8ListNodeIPN4uORB16SubscriptionNodeEED0Ev
                0x00000000        0xc
 .text._ZN8ListNodeIPN4uORB16SubscriptionNodeEED0Ev
                0x00000000        0xc Subscription.cpp.o
                0x00000000                ListNode<uORB::SubscriptionNode*>::~ListNode()

.text._ZN4uORB16SubscriptionBaseC2EPK12orb_metadatajj
                0x00000000       0x48
 .text._ZN4uORB16SubscriptionBaseC2EPK12orb_metadatajj
                0x00000000       0x48 Subscription.cpp.o
                0x00000000                uORB::SubscriptionBase::SubscriptionBase(orb_metadata const*, unsigned int, unsigned int)
                0x00000000                uORB::SubscriptionBase::SubscriptionBase(orb_metadata const*, unsigned int, unsigned int)

.text._ZN4uORB16SubscriptionNodeC2EPK12orb_metadatajiP4ListIPS0_E
                0x00000000       0x2c
 .text._ZN4uORB16SubscriptionNodeC2EPK12orb_metadatajiP4ListIPS0_E
                0x00000000       0x2c Subscription.cpp.o
                0x00000000                uORB::SubscriptionNode::SubscriptionNode(orb_metadata const*, unsigned int, int, List<uORB::SubscriptionNode*>*)
                0x00000000                uORB::SubscriptionNode::SubscriptionNode(orb_metadata const*, unsigned int, int, List<uORB::SubscriptionNode*>*)

.text._ZN4uORB16SubscriptionBase7updatedEv
                0x00000000       0x28
 .text._ZN4uORB16SubscriptionBase7updatedEv
                0x00000000       0x28 Subscription.cpp.o
                0x00000000                uORB::SubscriptionBase::updated()

.text._ZN4uORB16SubscriptionBase6updateEPv
                0x00000000       0x28
 .text._ZN4uORB16SubscriptionBase6updateEPv
                0x00000000       0x28 Subscription.cpp.o
                0x00000000                uORB::SubscriptionBase::update(void*)

.text._ZN4uORB12SubscriptionI18parameter_update_sE6updateEv
                0x00000000        0x8
 .text._ZN4uORB12SubscriptionI18parameter_update_sE6updateEv
                0x00000000        0x8 Subscription.cpp.o
                0x00000000                uORB::Subscription<parameter_update_s>::update()

.text._ZN4uORB12SubscriptionI19actuator_controls_sE6updateEv
                0x00000000        0x8
 .text._ZN4uORB12SubscriptionI19actuator_controls_sE6updateEv
                0x00000000        0x8 Subscription.cpp.o
                0x00000000                uORB::Subscription<actuator_controls_s>::update()

.text._ZN4uORB12SubscriptionI22vehicle_gps_position_sE6updateEv
                0x00000000        0x8
 .text._ZN4uORB12SubscriptionI22vehicle_gps_position_sE6updateEv
                0x00000000        0x8 Subscription.cpp.o
                0x00000000                uORB::Subscription<vehicle_gps_position_s>::update()

.text._ZN4uORB12SubscriptionI16satellite_info_sE6updateEv
                0x00000000        0x8
 .text._ZN4uORB12SubscriptionI16satellite_info_sE6updateEv
                0x00000000        0x8 Subscription.cpp.o
                0x00000000                uORB::Subscription<satellite_info_s>::update()

.text._ZN4uORB12SubscriptionI17sensor_combined_sE6updateEv
                0x00000000        0x8
 .text._ZN4uORB12SubscriptionI17sensor_combined_sE6updateEv
                0x00000000        0x8 Subscription.cpp.o
                0x00000000                uORB::Subscription<sensor_combined_s>::update()

.text._ZN4uORB12SubscriptionI12hil_sensor_sE6updateEv
                0x00000000        0x8
 .text._ZN4uORB12SubscriptionI12hil_sensor_sE6updateEv
                0x00000000        0x8 Subscription.cpp.o
                0x00000000                uORB::Subscription<hil_sensor_s>::update()

.text._ZN4uORB12SubscriptionI18vehicle_attitude_sE6updateEv
                0x00000000        0x8
 .text._ZN4uORB12SubscriptionI18vehicle_attitude_sE6updateEv
                0x00000000        0x8 Subscription.cpp.o
                0x00000000                uORB::Subscription<vehicle_attitude_s>::update()

.text._ZN4uORB12SubscriptionI25vehicle_global_position_sE6updateEv
                0x00000000        0x8
 .text._ZN4uORB12SubscriptionI25vehicle_global_position_sE6updateEv
                0x00000000        0x8 Subscription.cpp.o
                0x00000000                uORB::Subscription<vehicle_global_position_s>::update()

.text._ZN4uORB12SubscriptionI10encoders_sE6updateEv
                0x00000000        0x8
 .text._ZN4uORB12SubscriptionI10encoders_sE6updateEv
                0x00000000        0x8 Subscription.cpp.o
                0x00000000                uORB::Subscription<encoders_s>::update()

.text._ZN4uORB12SubscriptionI27position_setpoint_triplet_sE6updateEv
                0x00000000        0x8
 .text._ZN4uORB12SubscriptionI27position_setpoint_triplet_sE6updateEv
                0x00000000        0x8 Subscription.cpp.o
                0x00000000                uORB::Subscription<position_setpoint_triplet_s>::update()

.text._ZN4uORB12SubscriptionI16vehicle_status_sE6updateEv
                0x00000000        0x8
 .text._ZN4uORB12SubscriptionI16vehicle_status_sE6updateEv
                0x00000000        0x8 Subscription.cpp.o
                0x00000000                uORB::Subscription<vehicle_status_s>::update()

.text._ZN4uORB12SubscriptionI25manual_control_setpoint_sE6updateEv
                0x00000000        0x8
 .text._ZN4uORB12SubscriptionI25manual_control_setpoint_sE6updateEv
                0x00000000        0x8 Subscription.cpp.o
                0x00000000                uORB::Subscription<manual_control_setpoint_s>::update()

.text._ZN4uORB12SubscriptionI33vehicle_local_position_setpoint_sE6updateEv
                0x00000000        0x8
 .text._ZN4uORB12SubscriptionI33vehicle_local_position_setpoint_sE6updateEv
                0x00000000        0x8 Subscription.cpp.o
                0x00000000                uORB::Subscription<vehicle_local_position_setpoint_s>::update()

.text._ZN4uORB12SubscriptionI24vehicle_local_position_sE6updateEv
                0x00000000        0x8
 .text._ZN4uORB12SubscriptionI24vehicle_local_position_sE6updateEv
                0x00000000        0x8 Subscription.cpp.o
                0x00000000                uORB::Subscription<vehicle_local_position_s>::update()

.text._ZN4uORB12SubscriptionI27vehicle_attitude_setpoint_sE6updateEv
                0x00000000        0x8
 .text._ZN4uORB12SubscriptionI27vehicle_attitude_setpoint_sE6updateEv
                0x00000000        0x8 Subscription.cpp.o
                0x00000000                uORB::Subscription<vehicle_attitude_setpoint_s>::update()

.text._ZN4uORB12SubscriptionI24vehicle_rates_setpoint_sE6updateEv
                0x00000000        0x8
 .text._ZN4uORB12SubscriptionI24vehicle_rates_setpoint_sE6updateEv
                0x00000000        0x8 Subscription.cpp.o
                0x00000000                uORB::Subscription<vehicle_rates_setpoint_s>::update()

.text._ZN4uORB12SubscriptionI13rc_channels_sE6updateEv
                0x00000000        0x8
 .text._ZN4uORB12SubscriptionI13rc_channels_sE6updateEv
                0x00000000        0x8 Subscription.cpp.o
                0x00000000                uORB::Subscription<rc_channels_s>::update()

.text._ZN4uORB12SubscriptionI22vehicle_control_mode_sE6updateEv
                0x00000000        0x8
 .text._ZN4uORB12SubscriptionI22vehicle_control_mode_sE6updateEv
                0x00000000        0x8 Subscription.cpp.o
                0x00000000                uORB::Subscription<vehicle_control_mode_s>::update()

.text._ZN4uORB12SubscriptionI16actuator_armed_sE6updateEv
                0x00000000        0x8
 .text._ZN4uORB12SubscriptionI16actuator_armed_sE6updateEv
                0x00000000        0x8 Subscription.cpp.o
                0x00000000                uORB::Subscription<actuator_armed_s>::update()

.text._ZN4uORB12SubscriptionI16battery_status_sE6updateEv
                0x00000000        0x8
 .text._ZN4uORB12SubscriptionI16battery_status_sE6updateEv
                0x00000000        0x8 Subscription.cpp.o
                0x00000000                uORB::Subscription<battery_status_s>::update()

.text._ZN4uORB12SubscriptionI15home_position_sE6updateEv
                0x00000000        0x8
 .text._ZN4uORB12SubscriptionI15home_position_sE6updateEv
                0x00000000        0x8 Subscription.cpp.o
                0x00000000                uORB::Subscription<home_position_s>::update()

.text._ZN4uORB12SubscriptionI14optical_flow_sE6updateEv
                0x00000000        0x8
 .text._ZN4uORB12SubscriptionI14optical_flow_sE6updateEv
                0x00000000        0x8 Subscription.cpp.o
                0x00000000                uORB::Subscription<optical_flow_s>::update()

.text._ZN4uORB12SubscriptionI17distance_sensor_sE6updateEv
                0x00000000        0x8
 .text._ZN4uORB12SubscriptionI17distance_sensor_sE6updateEv
                0x00000000        0x8 Subscription.cpp.o
                0x00000000                uORB::Subscription<distance_sensor_s>::update()

.text._ZN4uORB12SubscriptionI15att_pos_mocap_sE6updateEv
                0x00000000        0x8
 .text._ZN4uORB12SubscriptionI15att_pos_mocap_sE6updateEv
                0x00000000        0x8 Subscription.cpp.o
                0x00000000                uORB::Subscription<att_pos_mocap_s>::update()

.text._ZN4uORB12SubscriptionI26vision_position_estimate_sE6updateEv
                0x00000000        0x8
 .text._ZN4uORB12SubscriptionI26vision_position_estimate_sE6updateEv
                0x00000000        0x8 Subscription.cpp.o
                0x00000000                uORB::Subscription<vision_position_estimate_s>::update()

.text._ZN4uORB12SubscriptionI18parameter_update_sEC2EPK12orb_metadatajiP4ListIPNS_16SubscriptionNodeEE
                0x00000000       0x28
 .text._ZN4uORB12SubscriptionI18parameter_update_sEC2EPK12orb_metadatajiP4ListIPNS_16SubscriptionNodeEE
                0x00000000       0x28 Subscription.cpp.o
                0x00000000                uORB::Subscription<parameter_update_s>::Subscription(orb_metadata const*, unsigned int, int, List<uORB::SubscriptionNode*>*)
                0x00000000                uORB::Subscription<parameter_update_s>::Subscription(orb_metadata const*, unsigned int, int, List<uORB::SubscriptionNode*>*)

.text._ZN4uORB12SubscriptionI18parameter_update_sE3getEv
                0x00000000        0x4
 .text._ZN4uORB12SubscriptionI18parameter_update_sE3getEv
                0x00000000        0x4 Subscription.cpp.o
                0x00000000                uORB::Subscription<parameter_update_s>::get()

.text._ZN4uORB12SubscriptionI19actuator_controls_sEC2EPK12orb_metadatajiP4ListIPNS_16SubscriptionNodeEE
                0x00000000       0x2c
 .text._ZN4uORB12SubscriptionI19actuator_controls_sEC2EPK12orb_metadatajiP4ListIPNS_16SubscriptionNodeEE
                0x00000000       0x2c Subscription.cpp.o
                0x00000000                uORB::Subscription<actuator_controls_s>::Subscription(orb_metadata const*, unsigned int, int, List<uORB::SubscriptionNode*>*)
                0x00000000                uORB::Subscription<actuator_controls_s>::Subscription(orb_metadata const*, unsigned int, int, List<uORB::SubscriptionNode*>*)

.text._ZN4uORB12SubscriptionI19actuator_controls_sE3getEv
                0x00000000        0x4
 .text._ZN4uORB12SubscriptionI19actuator_controls_sE3getEv
                0x00000000        0x4 Subscription.cpp.o
                0x00000000                uORB::Subscription<actuator_controls_s>::get()

.text._ZN4uORB12SubscriptionI22vehicle_gps_position_sEC2EPK12orb_metadatajiP4ListIPNS_16SubscriptionNodeEE
                0x00000000       0x2c
 .text._ZN4uORB12SubscriptionI22vehicle_gps_position_sEC2EPK12orb_metadatajiP4ListIPNS_16SubscriptionNodeEE
                0x00000000       0x2c Subscription.cpp.o
                0x00000000                uORB::Subscription<vehicle_gps_position_s>::Subscription(orb_metadata const*, unsigned int, int, List<uORB::SubscriptionNode*>*)
                0x00000000                uORB::Subscription<vehicle_gps_position_s>::Subscription(orb_metadata const*, unsigned int, int, List<uORB::SubscriptionNode*>*)

.text._ZN4uORB12SubscriptionI22vehicle_gps_position_sE3getEv
                0x00000000        0x4
 .text._ZN4uORB12SubscriptionI22vehicle_gps_position_sE3getEv
                0x00000000        0x4 Subscription.cpp.o
                0x00000000                uORB::Subscription<vehicle_gps_position_s>::get()

.text._ZN4uORB12SubscriptionI16satellite_info_sEC2EPK12orb_metadatajiP4ListIPNS_16SubscriptionNodeEE
                0x00000000       0x2c
 .text._ZN4uORB12SubscriptionI16satellite_info_sEC2EPK12orb_metadatajiP4ListIPNS_16SubscriptionNodeEE
                0x00000000       0x2c Subscription.cpp.o
                0x00000000                uORB::Subscription<satellite_info_s>::Subscription(orb_metadata const*, unsigned int, int, List<uORB::SubscriptionNode*>*)
                0x00000000                uORB::Subscription<satellite_info_s>::Subscription(orb_metadata const*, unsigned int, int, List<uORB::SubscriptionNode*>*)

.text._ZN4uORB12SubscriptionI16satellite_info_sE3getEv
                0x00000000        0x4
 .text._ZN4uORB12SubscriptionI16satellite_info_sE3getEv
                0x00000000        0x4 Subscription.cpp.o
                0x00000000                uORB::Subscription<satellite_info_s>::get()

.text._ZN4uORB12SubscriptionI17sensor_combined_sEC2EPK12orb_metadatajiP4ListIPNS_16SubscriptionNodeEE
                0x00000000       0x2c
 .text._ZN4uORB12SubscriptionI17sensor_combined_sEC2EPK12orb_metadatajiP4ListIPNS_16SubscriptionNodeEE
                0x00000000       0x2c Subscription.cpp.o
                0x00000000                uORB::Subscription<sensor_combined_s>::Subscription(orb_metadata const*, unsigned int, int, List<uORB::SubscriptionNode*>*)
                0x00000000                uORB::Subscription<sensor_combined_s>::Subscription(orb_metadata const*, unsigned int, int, List<uORB::SubscriptionNode*>*)

.text._ZN4uORB12SubscriptionI17sensor_combined_sE3getEv
                0x00000000        0x4
 .text._ZN4uORB12SubscriptionI17sensor_combined_sE3getEv
                0x00000000        0x4 Subscription.cpp.o
                0x00000000                uORB::Subscription<sensor_combined_s>::get()

.text._ZN4uORB12SubscriptionI12hil_sensor_sEC2EPK12orb_metadatajiP4ListIPNS_16SubscriptionNodeEE
                0x00000000       0x2c
 .text._ZN4uORB12SubscriptionI12hil_sensor_sEC2EPK12orb_metadatajiP4ListIPNS_16SubscriptionNodeEE
                0x00000000       0x2c Subscription.cpp.o
                0x00000000                uORB::Subscription<hil_sensor_s>::Subscription(orb_metadata const*, unsigned int, int, List<uORB::SubscriptionNode*>*)
                0x00000000                uORB::Subscription<hil_sensor_s>::Subscription(orb_metadata const*, unsigned int, int, List<uORB::SubscriptionNode*>*)

.text._ZN4uORB12SubscriptionI12hil_sensor_sE3getEv
                0x00000000        0x4
 .text._ZN4uORB12SubscriptionI12hil_sensor_sE3getEv
                0x00000000        0x4 Subscription.cpp.o
                0x00000000                uORB::Subscription<hil_sensor_s>::get()

.text._ZN4uORB12SubscriptionI18vehicle_attitude_sEC2EPK12orb_metadatajiP4ListIPNS_16SubscriptionNodeEE
                0x00000000       0x2c
 .text._ZN4uORB12SubscriptionI18vehicle_attitude_sEC2EPK12orb_metadatajiP4ListIPNS_16SubscriptionNodeEE
                0x00000000       0x2c Subscription.cpp.o
                0x00000000                uORB::Subscription<vehicle_attitude_s>::Subscription(orb_metadata const*, unsigned int, int, List<uORB::SubscriptionNode*>*)
                0x00000000                uORB::Subscription<vehicle_attitude_s>::Subscription(orb_metadata const*, unsigned int, int, List<uORB::SubscriptionNode*>*)

.text._ZN4uORB12SubscriptionI18vehicle_attitude_sE3getEv
                0x00000000        0x4
 .text._ZN4uORB12SubscriptionI18vehicle_attitude_sE3getEv
                0x00000000        0x4 Subscription.cpp.o
                0x00000000                uORB::Subscription<vehicle_attitude_s>::get()

.text._ZN4uORB12SubscriptionI25vehicle_global_position_sEC2EPK12orb_metadatajiP4ListIPNS_16SubscriptionNodeEE
                0x00000000       0x2c
 .text._ZN4uORB12SubscriptionI25vehicle_global_position_sEC2EPK12orb_metadatajiP4ListIPNS_16SubscriptionNodeEE
                0x00000000       0x2c Subscription.cpp.o
                0x00000000                uORB::Subscription<vehicle_global_position_s>::Subscription(orb_metadata const*, unsigned int, int, List<uORB::SubscriptionNode*>*)
                0x00000000                uORB::Subscription<vehicle_global_position_s>::Subscription(orb_metadata const*, unsigned int, int, List<uORB::SubscriptionNode*>*)

.text._ZN4uORB12SubscriptionI25vehicle_global_position_sE3getEv
                0x00000000        0x4
 .text._ZN4uORB12SubscriptionI25vehicle_global_position_sE3getEv
                0x00000000        0x4 Subscription.cpp.o
                0x00000000                uORB::Subscription<vehicle_global_position_s>::get()

.text._ZN4uORB12SubscriptionI10encoders_sEC2EPK12orb_metadatajiP4ListIPNS_16SubscriptionNodeEE
                0x00000000       0x2c
 .text._ZN4uORB12SubscriptionI10encoders_sEC2EPK12orb_metadatajiP4ListIPNS_16SubscriptionNodeEE
                0x00000000       0x2c Subscription.cpp.o
                0x00000000                uORB::Subscription<encoders_s>::Subscription(orb_metadata const*, unsigned int, int, List<uORB::SubscriptionNode*>*)
                0x00000000                uORB::Subscription<encoders_s>::Subscription(orb_metadata const*, unsigned int, int, List<uORB::SubscriptionNode*>*)

.text._ZN4uORB12SubscriptionI10encoders_sE3getEv
                0x00000000        0x4
 .text._ZN4uORB12SubscriptionI10encoders_sE3getEv
                0x00000000        0x4 Subscription.cpp.o
                0x00000000                uORB::Subscription<encoders_s>::get()

.text._ZN4uORB12SubscriptionI27position_setpoint_triplet_sEC2EPK12orb_metadatajiP4ListIPNS_16SubscriptionNodeEE
                0x00000000       0x2c
 .text._ZN4uORB12SubscriptionI27position_setpoint_triplet_sEC2EPK12orb_metadatajiP4ListIPNS_16SubscriptionNodeEE
                0x00000000       0x2c Subscription.cpp.o
                0x00000000                uORB::Subscription<position_setpoint_triplet_s>::Subscription(orb_metadata const*, unsigned int, int, List<uORB::SubscriptionNode*>*)
                0x00000000                uORB::Subscription<position_setpoint_triplet_s>::Subscription(orb_metadata const*, unsigned int, int, List<uORB::SubscriptionNode*>*)

.text._ZN4uORB12SubscriptionI27position_setpoint_triplet_sE3getEv
                0x00000000        0x4
 .text._ZN4uORB12SubscriptionI27position_setpoint_triplet_sE3getEv
                0x00000000        0x4 Subscription.cpp.o
                0x00000000                uORB::Subscription<position_setpoint_triplet_s>::get()

.text._ZN4uORB12SubscriptionI16vehicle_status_sEC2EPK12orb_metadatajiP4ListIPNS_16SubscriptionNodeEE
                0x00000000       0x2c
 .text._ZN4uORB12SubscriptionI16vehicle_status_sEC2EPK12orb_metadatajiP4ListIPNS_16SubscriptionNodeEE
                0x00000000       0x2c Subscription.cpp.o
                0x00000000                uORB::Subscription<vehicle_status_s>::Subscription(orb_metadata const*, unsigned int, int, List<uORB::SubscriptionNode*>*)
                0x00000000                uORB::Subscription<vehicle_status_s>::Subscription(orb_metadata const*, unsigned int, int, List<uORB::SubscriptionNode*>*)

.text._ZN4uORB12SubscriptionI16vehicle_status_sE3getEv
                0x00000000        0x4
 .text._ZN4uORB12SubscriptionI16vehicle_status_sE3getEv
                0x00000000        0x4 Subscription.cpp.o
                0x00000000                uORB::Subscription<vehicle_status_s>::get()

.text._ZN4uORB12SubscriptionI25manual_control_setpoint_sEC2EPK12orb_metadatajiP4ListIPNS_16SubscriptionNodeEE
                0x00000000       0x2c
 .text._ZN4uORB12SubscriptionI25manual_control_setpoint_sEC2EPK12orb_metadatajiP4ListIPNS_16SubscriptionNodeEE
                0x00000000       0x2c Subscription.cpp.o
                0x00000000                uORB::Subscription<manual_control_setpoint_s>::Subscription(orb_metadata const*, unsigned int, int, List<uORB::SubscriptionNode*>*)
                0x00000000                uORB::Subscription<manual_control_setpoint_s>::Subscription(orb_metadata const*, unsigned int, int, List<uORB::SubscriptionNode*>*)

.text._ZN4uORB12SubscriptionI25manual_control_setpoint_sE3getEv
                0x00000000        0x4
 .text._ZN4uORB12SubscriptionI25manual_control_setpoint_sE3getEv
                0x00000000        0x4 Subscription.cpp.o
                0x00000000                uORB::Subscription<manual_control_setpoint_s>::get()

.text._ZN4uORB12SubscriptionI33vehicle_local_position_setpoint_sEC2EPK12orb_metadatajiP4ListIPNS_16SubscriptionNodeEE
                0x00000000       0x2c
 .text._ZN4uORB12SubscriptionI33vehicle_local_position_setpoint_sEC2EPK12orb_metadatajiP4ListIPNS_16SubscriptionNodeEE
                0x00000000       0x2c Subscription.cpp.o
                0x00000000                uORB::Subscription<vehicle_local_position_setpoint_s>::Subscription(orb_metadata const*, unsigned int, int, List<uORB::SubscriptionNode*>*)
                0x00000000                uORB::Subscription<vehicle_local_position_setpoint_s>::Subscription(orb_metadata const*, unsigned int, int, List<uORB::SubscriptionNode*>*)

.text._ZN4uORB12SubscriptionI33vehicle_local_position_setpoint_sE3getEv
                0x00000000        0x4
 .text._ZN4uORB12SubscriptionI33vehicle_local_position_setpoint_sE3getEv
                0x00000000        0x4 Subscription.cpp.o
                0x00000000                uORB::Subscription<vehicle_local_position_setpoint_s>::get()

.text._ZN4uORB12SubscriptionI24vehicle_local_position_sEC2EPK12orb_metadatajiP4ListIPNS_16SubscriptionNodeEE
                0x00000000       0x2c
 .text._ZN4uORB12SubscriptionI24vehicle_local_position_sEC2EPK12orb_metadatajiP4ListIPNS_16SubscriptionNodeEE
                0x00000000       0x2c Subscription.cpp.o
                0x00000000                uORB::Subscription<vehicle_local_position_s>::Subscription(orb_metadata const*, unsigned int, int, List<uORB::SubscriptionNode*>*)
                0x00000000                uORB::Subscription<vehicle_local_position_s>::Subscription(orb_metadata const*, unsigned int, int, List<uORB::SubscriptionNode*>*)

.text._ZN4uORB12SubscriptionI24vehicle_local_position_sE3getEv
                0x00000000        0x4
 .text._ZN4uORB12SubscriptionI24vehicle_local_position_sE3getEv
                0x00000000        0x4 Subscription.cpp.o
                0x00000000                uORB::Subscription<vehicle_local_position_s>::get()

.text._ZN4uORB12SubscriptionI27vehicle_attitude_setpoint_sEC2EPK12orb_metadatajiP4ListIPNS_16SubscriptionNodeEE
                0x00000000       0x2c
 .text._ZN4uORB12SubscriptionI27vehicle_attitude_setpoint_sEC2EPK12orb_metadatajiP4ListIPNS_16SubscriptionNodeEE
                0x00000000       0x2c Subscription.cpp.o
                0x00000000                uORB::Subscription<vehicle_attitude_setpoint_s>::Subscription(orb_metadata const*, unsigned int, int, List<uORB::SubscriptionNode*>*)
                0x00000000                uORB::Subscription<vehicle_attitude_setpoint_s>::Subscription(orb_metadata const*, unsigned int, int, List<uORB::SubscriptionNode*>*)

.text._ZN4uORB12SubscriptionI27vehicle_attitude_setpoint_sE3getEv
                0x00000000        0x4
 .text._ZN4uORB12SubscriptionI27vehicle_attitude_setpoint_sE3getEv
                0x00000000        0x4 Subscription.cpp.o
                0x00000000                uORB::Subscription<vehicle_attitude_setpoint_s>::get()

.text._ZN4uORB12SubscriptionI24vehicle_rates_setpoint_sEC2EPK12orb_metadatajiP4ListIPNS_16SubscriptionNodeEE
                0x00000000       0x2c
 .text._ZN4uORB12SubscriptionI24vehicle_rates_setpoint_sEC2EPK12orb_metadatajiP4ListIPNS_16SubscriptionNodeEE
                0x00000000       0x2c Subscription.cpp.o
                0x00000000                uORB::Subscription<vehicle_rates_setpoint_s>::Subscription(orb_metadata const*, unsigned int, int, List<uORB::SubscriptionNode*>*)
                0x00000000                uORB::Subscription<vehicle_rates_setpoint_s>::Subscription(orb_metadata const*, unsigned int, int, List<uORB::SubscriptionNode*>*)

.text._ZN4uORB12SubscriptionI24vehicle_rates_setpoint_sE3getEv
                0x00000000        0x4
 .text._ZN4uORB12SubscriptionI24vehicle_rates_setpoint_sE3getEv
                0x00000000        0x4 Subscription.cpp.o
                0x00000000                uORB::Subscription<vehicle_rates_setpoint_s>::get()

.text._ZN4uORB12SubscriptionI13rc_channels_sEC2EPK12orb_metadatajiP4ListIPNS_16SubscriptionNodeEE
                0x00000000       0x2c
 .text._ZN4uORB12SubscriptionI13rc_channels_sEC2EPK12orb_metadatajiP4ListIPNS_16SubscriptionNodeEE
                0x00000000       0x2c Subscription.cpp.o
                0x00000000                uORB::Subscription<rc_channels_s>::Subscription(orb_metadata const*, unsigned int, int, List<uORB::SubscriptionNode*>*)
                0x00000000                uORB::Subscription<rc_channels_s>::Subscription(orb_metadata const*, unsigned int, int, List<uORB::SubscriptionNode*>*)

.text._ZN4uORB12SubscriptionI13rc_channels_sE3getEv
                0x00000000        0x4
 .text._ZN4uORB12SubscriptionI13rc_channels_sE3getEv
                0x00000000        0x4 Subscription.cpp.o
                0x00000000                uORB::Subscription<rc_channels_s>::get()

.text._ZN4uORB12SubscriptionI22vehicle_control_mode_sEC2EPK12orb_metadatajiP4ListIPNS_16SubscriptionNodeEE
                0x00000000       0x2c
 .text._ZN4uORB12SubscriptionI22vehicle_control_mode_sEC2EPK12orb_metadatajiP4ListIPNS_16SubscriptionNodeEE
                0x00000000       0x2c Subscription.cpp.o
                0x00000000                uORB::Subscription<vehicle_control_mode_s>::Subscription(orb_metadata const*, unsigned int, int, List<uORB::SubscriptionNode*>*)
                0x00000000                uORB::Subscription<vehicle_control_mode_s>::Subscription(orb_metadata const*, unsigned int, int, List<uORB::SubscriptionNode*>*)

.text._ZN4uORB12SubscriptionI22vehicle_control_mode_sE3getEv
                0x00000000        0x4
 .text._ZN4uORB12SubscriptionI22vehicle_control_mode_sE3getEv
                0x00000000        0x4 Subscription.cpp.o
                0x00000000                uORB::Subscription<vehicle_control_mode_s>::get()

.text._ZN4uORB12SubscriptionI16actuator_armed_sEC2EPK12orb_metadatajiP4ListIPNS_16SubscriptionNodeEE
                0x00000000       0x2c
 .text._ZN4uORB12SubscriptionI16actuator_armed_sEC2EPK12orb_metadatajiP4ListIPNS_16SubscriptionNodeEE
                0x00000000       0x2c Subscription.cpp.o
                0x00000000                uORB::Subscription<actuator_armed_s>::Subscription(orb_metadata const*, unsigned int, int, List<uORB::SubscriptionNode*>*)
                0x00000000                uORB::Subscription<actuator_armed_s>::Subscription(orb_metadata const*, unsigned int, int, List<uORB::SubscriptionNode*>*)

.text._ZN4uORB12SubscriptionI16actuator_armed_sE3getEv
                0x00000000        0x4
 .text._ZN4uORB12SubscriptionI16actuator_armed_sE3getEv
                0x00000000        0x4 Subscription.cpp.o
                0x00000000                uORB::Subscription<actuator_armed_s>::get()

.text._ZN4uORB12SubscriptionI16battery_status_sEC2EPK12orb_metadatajiP4ListIPNS_16SubscriptionNodeEE
                0x00000000       0x2c
 .text._ZN4uORB12SubscriptionI16battery_status_sEC2EPK12orb_metadatajiP4ListIPNS_16SubscriptionNodeEE
                0x00000000       0x2c Subscription.cpp.o
                0x00000000                uORB::Subscription<battery_status_s>::Subscription(orb_metadata const*, unsigned int, int, List<uORB::SubscriptionNode*>*)
                0x00000000                uORB::Subscription<battery_status_s>::Subscription(orb_metadata const*, unsigned int, int, List<uORB::SubscriptionNode*>*)

.text._ZN4uORB12SubscriptionI16battery_status_sE3getEv
                0x00000000        0x4
 .text._ZN4uORB12SubscriptionI16battery_status_sE3getEv
                0x00000000        0x4 Subscription.cpp.o
                0x00000000                uORB::Subscription<battery_status_s>::get()

.text._ZN4uORB12SubscriptionI15home_position_sEC2EPK12orb_metadatajiP4ListIPNS_16SubscriptionNodeEE
                0x00000000       0x2c
 .text._ZN4uORB12SubscriptionI15home_position_sEC2EPK12orb_metadatajiP4ListIPNS_16SubscriptionNodeEE
                0x00000000       0x2c Subscription.cpp.o
                0x00000000                uORB::Subscription<home_position_s>::Subscription(orb_metadata const*, unsigned int, int, List<uORB::SubscriptionNode*>*)
                0x00000000                uORB::Subscription<home_position_s>::Subscription(orb_metadata const*, unsigned int, int, List<uORB::SubscriptionNode*>*)

.text._ZN4uORB12SubscriptionI15home_position_sE3getEv
                0x00000000        0x4
 .text._ZN4uORB12SubscriptionI15home_position_sE3getEv
                0x00000000        0x4 Subscription.cpp.o
                0x00000000                uORB::Subscription<home_position_s>::get()

.text._ZN4uORB12SubscriptionI14optical_flow_sEC2EPK12orb_metadatajiP4ListIPNS_16SubscriptionNodeEE
                0x00000000       0x2c
 .text._ZN4uORB12SubscriptionI14optical_flow_sEC2EPK12orb_metadatajiP4ListIPNS_16SubscriptionNodeEE
                0x00000000       0x2c Subscription.cpp.o
                0x00000000                uORB::Subscription<optical_flow_s>::Subscription(orb_metadata const*, unsigned int, int, List<uORB::SubscriptionNode*>*)
                0x00000000                uORB::Subscription<optical_flow_s>::Subscription(orb_metadata const*, unsigned int, int, List<uORB::SubscriptionNode*>*)

.text._ZN4uORB12SubscriptionI14optical_flow_sE3getEv
                0x00000000        0x4
 .text._ZN4uORB12SubscriptionI14optical_flow_sE3getEv
                0x00000000        0x4 Subscription.cpp.o
                0x00000000                uORB::Subscription<optical_flow_s>::get()

.text._ZN4uORB12SubscriptionI17distance_sensor_sEC2EPK12orb_metadatajiP4ListIPNS_16SubscriptionNodeEE
                0x00000000       0x2c
 .text._ZN4uORB12SubscriptionI17distance_sensor_sEC2EPK12orb_metadatajiP4ListIPNS_16SubscriptionNodeEE
                0x00000000       0x2c Subscription.cpp.o
                0x00000000                uORB::Subscription<distance_sensor_s>::Subscription(orb_metadata const*, unsigned int, int, List<uORB::SubscriptionNode*>*)
                0x00000000                uORB::Subscription<distance_sensor_s>::Subscription(orb_metadata const*, unsigned int, int, List<uORB::SubscriptionNode*>*)

.text._ZN4uORB12SubscriptionI17distance_sensor_sE3getEv
                0x00000000        0x4
 .text._ZN4uORB12SubscriptionI17distance_sensor_sE3getEv
                0x00000000        0x4 Subscription.cpp.o
                0x00000000                uORB::Subscription<distance_sensor_s>::get()

.text._ZN4uORB12SubscriptionI15att_pos_mocap_sEC2EPK12orb_metadatajiP4ListIPNS_16SubscriptionNodeEE
                0x00000000       0x2c
 .text._ZN4uORB12SubscriptionI15att_pos_mocap_sEC2EPK12orb_metadatajiP4ListIPNS_16SubscriptionNodeEE
                0x00000000       0x2c Subscription.cpp.o
                0x00000000                uORB::Subscription<att_pos_mocap_s>::Subscription(orb_metadata const*, unsigned int, int, List<uORB::SubscriptionNode*>*)
                0x00000000                uORB::Subscription<att_pos_mocap_s>::Subscription(orb_metadata const*, unsigned int, int, List<uORB::SubscriptionNode*>*)

.text._ZN4uORB12SubscriptionI15att_pos_mocap_sE3getEv
                0x00000000        0x4
 .text._ZN4uORB12SubscriptionI15att_pos_mocap_sE3getEv
                0x00000000        0x4 Subscription.cpp.o
                0x00000000                uORB::Subscription<att_pos_mocap_s>::get()

.text._ZN4uORB12SubscriptionI26vision_position_estimate_sEC2EPK12orb_metadatajiP4ListIPNS_16SubscriptionNodeEE
                0x00000000       0x2c
 .text._ZN4uORB12SubscriptionI26vision_position_estimate_sEC2EPK12orb_metadatajiP4ListIPNS_16SubscriptionNodeEE
                0x00000000       0x2c Subscription.cpp.o
                0x00000000                uORB::Subscription<vision_position_estimate_s>::Subscription(orb_metadata const*, unsigned int, int, List<uORB::SubscriptionNode*>*)
                0x00000000                uORB::Subscription<vision_position_estimate_s>::Subscription(orb_metadata const*, unsigned int, int, List<uORB::SubscriptionNode*>*)

.text._ZN4uORB12SubscriptionI26vision_position_estimate_sE3getEv
                0x00000000        0x4
 .text._ZN4uORB12SubscriptionI26vision_position_estimate_sE3getEv
                0x00000000        0x4 Subscription.cpp.o
                0x00000000                uORB::Subscription<vision_position_estimate_s>::get()

.text._ZN4uORB16SubscriptionNodeD2Ev
                0x00000000       0x14
 .text._ZN4uORB16SubscriptionNodeD2Ev
                0x00000000       0x14 Subscription.cpp.o
                0x00000000                uORB::SubscriptionNode::~SubscriptionNode()
                0x00000000                uORB::SubscriptionNode::~SubscriptionNode()

.text._ZN4uORB16SubscriptionNodeD1Ev
                0x00000000        0x8
 .text._ZN4uORB16SubscriptionNodeD1Ev
                0x00000000        0x8 Subscription.cpp.o
                0x00000000                non-virtual thunk to uORB::SubscriptionNode::~SubscriptionNode()

.text._ZN4uORB12SubscriptionI18parameter_update_sED2Ev
                0x00000000       0x18
 .text._ZN4uORB12SubscriptionI18parameter_update_sED2Ev
                0x00000000       0x18 Subscription.cpp.o
                0x00000000                uORB::Subscription<parameter_update_s>::~Subscription()
                0x00000000                uORB::Subscription<parameter_update_s>::~Subscription()

.text._ZN4uORB12SubscriptionI18parameter_update_sED1Ev
                0x00000000        0x8
 .text._ZN4uORB12SubscriptionI18parameter_update_sED1Ev
                0x00000000        0x8 Subscription.cpp.o
                0x00000000                non-virtual thunk to uORB::Subscription<parameter_update_s>::~Subscription()

.text._ZN4uORB12SubscriptionI18parameter_update_sED0Ev
                0x00000000       0x18
 .text._ZN4uORB12SubscriptionI18parameter_update_sED0Ev
                0x00000000       0x18 Subscription.cpp.o
                0x00000000                uORB::Subscription<parameter_update_s>::~Subscription()
                0x00000012                non-virtual thunk to uORB::Subscription<parameter_update_s>::~Subscription()

.text._ZN4uORB12SubscriptionI19actuator_controls_sED2Ev
                0x00000000       0x18
 .text._ZN4uORB12SubscriptionI19actuator_controls_sED2Ev
                0x00000000       0x18 Subscription.cpp.o
                0x00000000                uORB::Subscription<actuator_controls_s>::~Subscription()
                0x00000000                uORB::Subscription<actuator_controls_s>::~Subscription()

.text._ZN4uORB12SubscriptionI19actuator_controls_sED1Ev
                0x00000000        0x8
 .text._ZN4uORB12SubscriptionI19actuator_controls_sED1Ev
                0x00000000        0x8 Subscription.cpp.o
                0x00000000                non-virtual thunk to uORB::Subscription<actuator_controls_s>::~Subscription()

.text._ZN4uORB12SubscriptionI19actuator_controls_sED0Ev
                0x00000000       0x18
 .text._ZN4uORB12SubscriptionI19actuator_controls_sED0Ev
                0x00000000       0x18 Subscription.cpp.o
                0x00000000                uORB::Subscription<actuator_controls_s>::~Subscription()
                0x00000012                non-virtual thunk to uORB::Subscription<actuator_controls_s>::~Subscription()

.text._ZN4uORB12SubscriptionI22vehicle_gps_position_sED2Ev
                0x00000000       0x18
 .text._ZN4uORB12SubscriptionI22vehicle_gps_position_sED2Ev
                0x00000000       0x18 Subscription.cpp.o
                0x00000000                uORB::Subscription<vehicle_gps_position_s>::~Subscription()
                0x00000000                uORB::Subscription<vehicle_gps_position_s>::~Subscription()

.text._ZN4uORB12SubscriptionI22vehicle_gps_position_sED1Ev
                0x00000000        0x8
 .text._ZN4uORB12SubscriptionI22vehicle_gps_position_sED1Ev
                0x00000000        0x8 Subscription.cpp.o
                0x00000000                non-virtual thunk to uORB::Subscription<vehicle_gps_position_s>::~Subscription()

.text._ZN4uORB12SubscriptionI22vehicle_gps_position_sED0Ev
                0x00000000       0x18
 .text._ZN4uORB12SubscriptionI22vehicle_gps_position_sED0Ev
                0x00000000       0x18 Subscription.cpp.o
                0x00000000                uORB::Subscription<vehicle_gps_position_s>::~Subscription()
                0x00000012                non-virtual thunk to uORB::Subscription<vehicle_gps_position_s>::~Subscription()

.text._ZN4uORB12SubscriptionI16satellite_info_sED2Ev
                0x00000000       0x18
 .text._ZN4uORB12SubscriptionI16satellite_info_sED2Ev
                0x00000000       0x18 Subscription.cpp.o
                0x00000000                uORB::Subscription<satellite_info_s>::~Subscription()