Archive member included because of file (symbol)

/home/ares/work2/ardupilot/modules/PX4Firmware/Build/px4io-v2_default.build/nuttx-export/libs/libnuttx.a(sched-irq_attach.o)
                              /home/ares/work2/ardupilot/modules/PX4Firmware/Build/px4io-v2_default.build//home/ares/work2/ardupilot/modules/PX4Firmware/src/drivers/stm32/module.pre.o (irq_attach)
/home/ares/work2/ardupilot/modules/PX4Firmware/Build/px4io-v2_default.build/nuttx-export/libs/libnuttx.a(sched-irq_initialize.o)
                              /home/ares/work2/ardupilot/modules/PX4Firmware/Build/px4io-v2_default.build/nuttx-export/libs/libnuttx.a(sched-irq_attach.o) (g_irqvector)
/home/ares/work2/ardupilot/modules/PX4Firmware/Build/px4io-v2_default.build/nuttx-export/libs/libnuttx.a(sched-irq_unexpectedisr.o)
                              /home/ares/work2/ardupilot/modules/PX4Firmware/Build/px4io-v2_default.build/nuttx-export/libs/libnuttx.a(sched-irq_attach.o) (irq_unexpected_isr)
/home/ares/work2/ardupilot/modules/PX4Firmware/Build/px4io-v2_default.build/nuttx-export/libs/libnuttx.a(sched-sched_lock.o)
                              /home/ares/work2/ardupilot/modules/PX4Firmware/Build/px4io-v2_default.build//home/ares/work2/ardupilot/modules/PX4Firmware/src/platforms/nuttx/px4_layer/module.pre.o (sched_lock)
/home/ares/work2/ardupilot/modules/PX4Firmware/Build/px4io-v2_default.build/nuttx-export/libs/libnuttx.a(sched-sched_setscheduler.o)
                              /home/ares/work2/ardupilot/modules/PX4Firmware/Build/px4io-v2_default.build//home/ares/work2/ardupilot/modules/PX4Firmware/src/platforms/nuttx/px4_layer/module.pre.o (sched_setscheduler)
/home/ares/work2/ardupilot/modules/PX4Firmware/Build/px4io-v2_default.build/nuttx-export/libs/libnuttx.a(sched-sched_unlock.o)
                              /home/ares/work2/ardupilot/modules/PX4Firmware/Build/px4io-v2_default.build//home/ares/work2/ardupilot/modules/PX4Firmware/src/platforms/nuttx/px4_layer/module.pre.o (sched_unlock)
/home/ares/work2/ardupilot/modules/PX4Firmware/Build/px4io-v2_default.build/nuttx-export/libs/libnuttx.a(sched-task_create.o)
                              /home/ares/work2/ardupilot/modules/PX4Firmware/Build/px4io-v2_default.build//home/ares/work2/ardupilot/modules/PX4Firmware/src/platforms/nuttx/px4_layer/module.pre.o (task_create)
/home/ares/work2/ardupilot/modules/PX4Firmware/Build/px4io-v2_default.build/nuttx-export/libs/libnuttx.a(sched-task_delete.o)
                              /home/ares/work2/ardupilot/modules/PX4Firmware/Build/px4io-v2_default.build//home/ares/work2/ardupilot/modules/PX4Firmware/src/platforms/nuttx/px4_layer/module.pre.o (task_delete)
/home/ares/work2/ardupilot/modules/PX4Firmware/Build/px4io-v2_default.build/nuttx-export/libs/libnuttx.a(sched-task_setup.o)
                              /home/ares/work2/ardupilot/modules/PX4Firmware/Build/px4io-v2_default.build/nuttx-export/libs/libnuttx.a(sched-task_create.o) (task_schedsetup)
/home/ares/work2/ardupilot/modules/PX4Firmware/Build/px4io-v2_default.build/nuttx-export/libs/libnuttx.a(sched-task_start.o)
                              /home/ares/work2/ardupilot/modules/PX4Firmware/Build/px4io-v2_default.build/nuttx-export/libs/libnuttx.a(sched-task_create.o) (task_start)
/home/ares/work2/ardupilot/modules/PX4Firmware/Build/px4io-v2_default.build/nuttx-export/libs/libnuttx.a(sched-task_terminate.o)
                              /home/ares/work2/ardupilot/modules/PX4Firmware/Build/px4io-v2_default.build/nuttx-export/libs/libnuttx.a(sched-task_delete.o) (task_terminate)
/home/ares/work2/ardupilot/modules/PX4Firmware/Build/px4io-v2_default.build/nuttx-export/libs/libnuttx.a(c-dq_addfirst.o)
                              /home/ares/work2/ardupilot/modules/PX4Firmware/Build/px4io-v2_default.build/nuttx-export/libs/libnuttx.a(sched-task_setup.o) (dq_addfirst)
/home/ares/work2/ardupilot/modules/PX4Firmware/Build/px4io-v2_default.build/nuttx-export/libs/libnuttx.a(c-dq_rem.o)
                              /home/ares/work2/ardupilot/modules/PX4Firmware/Build/px4io-v2_default.build/nuttx-export/libs/libnuttx.a(sched-task_create.o) (dq_rem)
/home/ares/work2/ardupilot/modules/PX4Firmware/Build/px4io-v2_default.build/nuttx-export/libs/libnuttx.a(c-lib_abort.o)
                              (abort)
/home/ares/work2/ardupilot/modules/PX4Firmware/Build/px4io-v2_default.build/nuttx-export/libs/libnuttx.a(c-lib_cfsetspeed.o)
                              /home/ares/work2/ardupilot/modules/PX4Firmware/Build/px4io-v2_default.build//home/ares/work2/ardupilot/modules/PX4Firmware/src/modules/px4iofirmware/module.pre.o (cfsetspeed)
/home/ares/work2/ardupilot/modules/PX4Firmware/Build/px4io-v2_default.build/nuttx-export/libs/libnuttx.a(c-lib_crc32.o)
                              /home/ares/work2/ardupilot/modules/PX4Firmware/Build/px4io-v2_default.build//home/ares/work2/ardupilot/modules/PX4Firmware/src/modules/px4iofirmware/module.pre.o (crc32part)
[...]
Memory Configuration

Name             Origin             Length             Attributes
flash            0x08001000         0x0000f000         xr
sram             0x20000000         0x00002000         xrw
*default*        0x00000000         0xffffffff

Linker script and memory map


.text           0x08001000     0xb7a9
                0x08001000                _stext = ABSOLUTE (.)
 *(.vectors)
 .vectors       0x08001000      0x134 /home/ares/work2/ardupilot/modules/PX4Firmware/Build/px4io-v2_default.build/nuttx-export/libs/libnuttx.a(arch-up_vectors.o)
                0x08001000                _vectors
 *(.text .text.*)
 .text.stm32_boardinitialize
                0x08001134      0x110 /home/ares/work2/ardupilot/modules/PX4Firmware/Build/px4io-v2_default.build//home/ares/work2/ardupilot/modules/PX4Firmware/src/drivers/boards/px4io-v2/module.pre.o
                0x08001134                stm32_boardinitialize
 .text.hrt_absolute_time
                0x08001244       0x48 /home/ares/work2/ardupilot/modules/PX4Firmware/Build/px4io-v2_default.build//home/ares/work2/ardupilot/modules/PX4Firmware/src/drivers/stm32/module.pre.o
                0x08001244                hrt_absolute_time
 .text.hrt_call_reschedule
                0x0800128c       0x58 /home/ares/work2/ardupilot/modules/PX4Firmware/Build/px4io-v2_default.build//home/ares/work2/ardupilot/modules/PX4Firmware/src/drivers/stm32/module.pre.o
 .text.hrt_call_enter
                0x080012e4       0x4c /home/ares/work2/ardupilot/modules/PX4Firmware/Build/px4io-v2_default.build//home/ares/work2/ardupilot/modules/PX4Firmware/src/drivers/stm32/module.pre.o
 .text.hrt_call_internal
                0x08001330       0x4c /home/ares/work2/ardupilot/modules/PX4Firmware/Build/px4io-v2_default.build//home/ares/work2/ardupilot/modules/PX4Firmware/src/drivers/stm32/module.pre.o
 .text.hrt_tim_isr
                0x0800137c      0x1e4 /home/ares/work2/ardupilot/modules/PX4Firmware/Build/px4io-v2_default.build//home/ares/work2/ardupilot/modules/PX4Firmware/src/drivers/stm32/module.pre.o
 .text.hrt_elapsed_time
                0x08001560       0x22 /home/ares/work2/ardupilot/modules/PX4Firmware/Build/px4io-v2_default.build//home/ares/work2/ardupilot/modules/PX4Firmware/src/drivers/stm32/module.pre.o
                0x08001560                hrt_elapsed_time
 *fill*         0x08001582        0x2 
 .text.hrt_init
                0x08001584       0x84 /home/ares/work2/ardupilot/modules/PX4Firmware/Build/px4io-v2_default.build//home/ares/work2/ardupilot/modules/PX4Firmware/src/drivers/stm32/module.pre.o
                0x08001584                hrt_init
 .text.hrt_call_every
                0x08001608       0x36 /home/ares/work2/ardupilot/modules/PX4Firmware/Build/px4io-v2_default.build//home/ares/work2/ardupilot/modules/PX4Firmware/src/drivers/stm32/module.pre.o
                0x08001608                hrt_call_every
 *fill*         0x0800163e        0x2 
 .text.up_pwm_servo_set
                0x08001640       0x54 /home/ares/work2/ardupilot/modules/PX4Firmware/Build/px4io-v2_default.build//home/ares/work2/ardupilot/modules/PX4Firmware/src/drivers/stm32/module.pre.o
                0x08001640                up_pwm_servo_set
 .text.up_pwm_servo_init
                0x08001694      0x124 /home/ares/work2/ardupilot/modules/PX4Firmware/Build/px4io-v2_default.build//home/ares/work2/ardupilot/modules/PX4Firmware/src/drivers/stm32/module.pre.o
                0x08001694                up_pwm_servo_init
 .text.up_pwm_servo_set_rate_group_update
                0x080017b8       0x3c /home/ares/work2/ardupilot/modules/PX4Firmware/Build/px4io-v2_default.build//home/ares/work2/ardupilot/modules/PX4Firmware/src/drivers/stm32/module.pre.o
                0x080017b8                up_pwm_servo_set_rate_group_update
 .text.up_pwm_servo_get_rate_group
                0x080017f4       0x2c /home/ares/work2/ardupilot/modules/PX4Firmware/Build/px4io-v2_default.build//home/ares/work2/ardupilot/modules/PX4Firmware/src/drivers/stm32/module.pre.o
                0x080017f4                up_pwm_servo_get_rate_group
 .text.up_pwm_servo_arm
                0x08001820       0x28 /home/ares/work2/ardupilot/modules/PX4Firmware/Build/px4io-v2_default.build//home/ares/work2/ardupilot/modules/PX4Firmware/src/drivers/stm32/module.pre.o
                0x08001820                up_pwm_servo_arm
 .text.adc_init
                0x08001848       0xa4 /home/ares/work2/ardupilot/modules/PX4Firmware/Build/px4io-v2_default.build//home/ares/work2/ardupilot/modules/PX4Firmware/src/modules/px4iofirmware/module.pre.o
 .text.adc_measure
                0x080018ec       0x80 /home/ares/work2/ardupilot/modules/PX4Firmware/Build/px4io-v2_default.build//home/ares/work2/ardupilot/modules/PX4Firmware/src/modules/px4iofirmware/module.pre.o
 .text.controls_init
                0x0800196c       0xb0 /home/ares/work2/ardupilot/modules/PX4Firmware/Build/px4io-v2_default.build//home/ares/work2/ardupilot/modules/PX4Firmware/src/modules/px4iofirmware/module.pre.o
 .text.controls_tick
                0x08001a1c      0x76c /home/ares/work2/ardupilot/modules/PX4Firmware/Build/px4io-v2_default.build//home/ares/work2/ardupilot/modules/PX4Firmware/src/modules/px4iofirmware/module.pre.o
 .text.isr_debug.constprop.0
                0x08002188       0x64 /home/ares/work2/ardupilot/modules/PX4Firmware/Build/px4io-v2_default.build//home/ares/work2/ardupilot/modules/PX4Firmware/src/modules/px4iofirmware/module.pre.o
 .text.isr_debug
                0x080021ec       0x64 /home/ares/work2/ardupilot/modules/PX4Firmware/Build/px4io-v2_default.build//home/ares/work2/ardupilot/modules/PX4Firmware/src/modules/px4iofirmware/module.pre.o
 .text.schedule_reboot
                0x08002250       0x1c /home/ares/work2/ardupilot/modules/PX4Firmware/Build/px4io-v2_default.build//home/ares/work2/ardupilot/modules/PX4Firmware/src/modules/px4iofirmware/module.pre.o
 .text.user_start
                0x0800226c      0x3a0 /home/ares/work2/ardupilot/modules/PX4Firmware/Build/px4io-v2_default.build//home/ares/work2/ardupilot/modules/PX4Firmware/src/modules/px4iofirmware/module.pre.o
                0x0800226c                user_start
 .text.pwm_configure_rates
                0x0800260c       0x8c /home/ares/work2/ardupilot/modules/PX4Firmware/Build/px4io-v2_default.build//home/ares/work2/ardupilot/modules/PX4Firmware/src/modules/px4iofirmware/module.pre.o
 .text.registers_set
                0x08002698      0xb20 /home/ares/work2/ardupilot/modules/PX4Firmware/Build/px4io-v2_default.build//home/ares/work2/ardupilot/modules/PX4Firmware/src/modules/px4iofirmware/module.pre.o
 .text.registers_get
                0x080031b8      0x288 /home/ares/work2/ardupilot/modules/PX4Firmware/Build/px4io-v2_default.build//home/ares/work2/ardupilot/modules/PX4Firmware/src/modules/px4iofirmware/module.pre.o
 .text.safety_check_button
                0x08003440       0xe8 /home/ares/work2/ardupilot/modules/PX4Firmware/Build/px4io-v2_default.build//home/ares/work2/ardupilot/modules/PX4Firmware/src/modules/px4iofirmware/module.pre.o
 .text.failsafe_blink
                0x08003528       0x48 /home/ares/work2/ardupilot/modules/PX4Firmware/Build/px4io-v2_default.build//home/ares/work2/ardupilot/modules/PX4Firmware/src/modules/px4iofirmware/module.pre.o
 .text.safety_init
                0x08003570       0x34 /home/ares/work2/ardupilot/modules/PX4Firmware/Build/px4io-v2_default.build//home/ares/work2/ardupilot/modules/PX4Firmware/src/modules/px4iofirmware/module.pre.o
 .text.failsafe_led_init
                0x080035a4       0x34 /home/ares/work2/ardupilot/modules/PX4Firmware/Build/px4io-v2_default.build//home/ares/work2/ardupilot/modules/PX4Firmware/src/modules/px4iofirmware/module.pre.o
 .text.sbus_init
                0x080035d8       0x54 /home/ares/work2/ardupilot/modules/PX4Firmware/Build/px4io-v2_default.build//home/ares/work2/ardupilot/modules/PX4Firmware/src/modules/px4iofirmware/module.pre.o
                0x080035d8                sbus_init
 .text.sbus1_output
                0x0800362c      0x148 /home/ares/work2/ardupilot/modules/PX4Firmware/Build/px4io-v2_default.build//home/ares/work2/ardupilot/modules/PX4Firmware/src/modules/px4iofirmware/module.pre.o
                0x0800362c                sbus1_output
 .text.sbus2_output
                0x08003774       0x18 /home/ares/work2/ardupilot/modules/PX4Firmware/Build/px4io-v2_default.build//home/ares/work2/ardupilot/modules/PX4Firmware/src/modules/px4iofirmware/module.pre.o
                0x08003774                sbus2_output
 .text.sbus_input
                0x0800378c      0x1d8 /home/ares/work2/ardupilot/modules/PX4Firmware/Build/px4io-v2_default.build//home/ares/work2/ardupilot/modules/PX4Firmware/src/modules/px4iofirmware/module.pre.o
                0x0800378c                sbus_input
 .text.dsm_guess_format
                0x08003964      0x26c /home/ares/work2/ardupilot/modules/PX4Firmware/Build/px4io-v2_default.build//home/ares/work2/ardupilot/modules/PX4Firmware/src/modules/px4iofirmware/module.pre.o
 .text.dsm_init
                0x08003bd0       0x78 /home/ares/work2/ardupilot/modules/PX4Firmware/Build/px4io-v2_default.build//home/ares/work2/ardupilot/modules/PX4Firmware/src/modules/px4iofirmware/module.pre.o
                0x08003bd0                dsm_init
 .text.dsm_bind
                0x08003c48       0x8c /home/ares/work2/ardupilot/modules/PX4Firmware/Build/px4io-v2_default.build//home/ares/work2/ardupilot/modules/PX4Firmware/src/modules/px4iofirmware/module.pre.o
                0x08003c48                dsm_bind
 .text.dsm_input
                0x08003cd4      0x23c /home/ares/work2/ardupilot/modules/PX4Firmware/Build/px4io-v2_default.build//home/ares/work2/ardupilot/modules/PX4Firmware/src/modules/px4iofirmware/module.pre.o
                0x08003cd4                dsm_input
 .text.up_cxxinitialize
                0x08003f10       0x38 /home/ares/work2/ardupilot/modules/PX4Firmware/Build/px4io-v2_default.build//home/ares/work2/ardupilot/modules/PX4Firmware/src/modules/px4iofirmware/module.pre.o
                0x08003f10                up_cxxinitialize
 .text.perf_alloc
                0x08003f48       0x50 /home/ares/work2/ardupilot/modules/PX4Firmware/Build/px4io-v2_default.build//home/ares/work2/ardupilot/modules/PX4Firmware/src/modules/px4iofirmware/module.pre.o
                0x08003f48                perf_alloc
 .text.perf_count
                0x08003f98      0x100 /home/ares/work2/ardupilot/modules/PX4Firmware/Build/px4io-v2_default.build//home/ares/work2/ardupilot/modules/PX4Firmware/src/modules/px4iofirmware/module.pre.o
                0x08003f98                perf_count
 .text.perf_begin
                0x08004098       0x18 /home/ares/work2/ardupilot/modules/PX4Firmware/Build/px4io-v2_default.build//home/ares/work2/ardupilot/modules/PX4Firmware/src/modules/px4iofirmware/module.pre.o
                0x08004098                perf_begin
 .text.perf_end
                0x080040b0       0xe0 /home/ares/work2/ardupilot/modules/PX4Firmware/Build/px4io-v2_default.build//home/ares/work2/ardupilot/modules/PX4Firmware/src/modules/px4iofirmware/module.pre.o
                0x080040b0                perf_end
 .text._ZL14mixer_callbackjhhRf
                0x08004190      0x178 /home/ares/work2/ardupilot/modules/PX4Firmware/Build/px4io-v2_default.build//home/ares/work2/ardupilot/modules/PX4Firmware/src/modules/px4iofirmware/module.pre.o
 .text.mixer_handle_text
                0x08004308      0x11c /home/ares/work2/ardupilot/modules/PX4Firmware/Build/px4io-v2_default.build//home/ares/work2/ardupilot/modules/PX4Firmware/src/modules/px4iofirmware/module.pre.o
 .text.startup._GLOBAL__sub_I_mixer_tick
                0x08004424       0x2c /home/ares/work2/ardupilot/modules/PX4Firmware/Build/px4io-v2_default.build//home/ares/work2/ardupilot/modules/PX4Firmware/src/modules/px4iofirmware/module.pre.o
 .text.mixer_tick
                0x08004450      0x56c /home/ares/work2/ardupilot/modules/PX4Firmware/Build/px4io-v2_default.build//home/ares/work2/ardupilot/modules/PX4Firmware/src/modules/px4iofirmware/module.pre.o
 .text.mixer_set_failsafe
                0x080049bc      0x124 /home/ares/work2/ardupilot/modules/PX4Firmware/Build/px4io-v2_default.build//home/ares/work2/ardupilot/modules/PX4Firmware/src/modules/px4iofirmware/module.pre.o
 .text._ZN9NullMixerD2Ev
                0x08004ae0        0x4 /home/ares/work2/ardupilot/modules/PX4Firmware/Build/px4io-v2_default.build//home/ares/work2/ardupilot/modules/PX4Firmware/src/modules/px4iofirmware/module.pre.o
                0x08004ae0                NullMixer::~NullMixer()
                0x08004ae0                NullMixer::~NullMixer()
 .text._ZN9NullMixer3mixEPfjPt
                0x08004ae4       0x10 /home/ares/work2/ardupilot/modules/PX4Firmware/Build/px4io-v2_default.build//home/ares/work2/ardupilot/modules/PX4Firmware/src/modules/px4iofirmware/module.pre.o
                0x08004ae4                NullMixer::mix(float*, unsigned int, unsigned short*)
 .text._ZN9NullMixer15groups_requiredERj
                0x08004af4        0x4 /home/ares/work2/ardupilot/modules/PX4Firmware/Build/px4io-v2_default.build//home/ares/work2/ardupilot/modules/PX4Firmware/src/modules/px4iofirmware/module.pre.o
                0x08004af4                NullMixer::groups_required(unsigned int&)
 .text._ZN9NullMixerD0Ev
                0x08004af8        0xc /home/ares/work2/ardupilot/modules/PX4Firmware/Build/px4io-v2_default.build//home/ares/work2/ardupilot/modules/PX4Firmware/src/modules/px4iofirmware/module.pre.o
                0x08004af8                NullMixer::~NullMixer()
 .text._ZN5MixerC2EPFijhhRfEj
                0x08004b04       0x18 /home/ares/work2/ardupilot/modules/PX4Firmware/Build/px4io-v2_default.build//home/ares/work2/ardupilot/modules/PX4Firmware/src/modules/px4iofirmware/module.pre.o
                0x08004b04                Mixer::Mixer(int (*)(unsigned int, unsigned char, unsigned char, float&), unsigned int)
                0x08004b04                Mixer::Mixer(int (*)(unsigned int, unsigned char, unsigned char, float&), unsigned int)
 .text._ZN5Mixer11get_controlEhh
                0x08004b1c       0x14 /home/ares/work2/ardupilot/modules/PX4Firmware/Build/px4io-v2_default.build//home/ares/work2/ardupilot/modules/PX4Firmware/src/modules/px4iofirmware/module.pre.o
                0x08004b1c                Mixer::get_control(unsigned char, unsigned char)
 .text._ZN5Mixer5scaleERK14mixer_scaler_sf
                0x08004b30       0x54 /home/ares/work2/ardupilot/modules/PX4Firmware/Build/px4io-v2_default.build//home/ares/work2/ardupilot/modules/PX4Firmware/src/modules/px4iofirmware/module.pre.o
                0x08004b30                Mixer::scale(mixer_scaler_s const&, float)
 .text._ZN5Mixer7findtagEPKcRjc
                0x08004b84       0x34 /home/ares/work2/ardupilot/modules/PX4Firmware/Build/px4io-v2_default.build//home/ares/work2/ardupilot/modules/PX4Firmware/src/modules/px4iofirmware/module.pre.o
                0x08004b84                Mixer::findtag(char const*, unsigned int&, char)
 .text._ZN5Mixer8skiplineEPKcRj
                0x08004bb8       0x30 /home/ares/work2/ardupilot/modules/PX4Firmware/Build/px4io-v2_default.build//home/ares/work2/ardupilot/modules/PX4Firmware/src/modules/px4iofirmware/module.pre.o
                0x08004bb8                Mixer::skipline(char const*, unsigned int&)
 .text._ZN9NullMixer9from_textEPKcRj
                0x08004be8       0x60 /home/ares/work2/ardupilot/modules/PX4Firmware/Build/px4io-v2_default.build//home/ares/work2/ardupilot/modules/PX4Firmware/src/modules/px4iofirmware/module.pre.o
                0x08004be8                NullMixer::from_text(char const*, unsigned int&)
 .text._ZN10MixerGroupD2Ev
                0x08004c48       0x28 /home/ares/work2/ardupilot/modules/PX4Firmware/Build/px4io-v2_default.build//home/ares/work2/ardupilot/modules/PX4Firmware/src/modules/px4iofirmware/module.pre.o
                0x08004c48                MixerGroup::~MixerGroup()
                0x08004c48                MixerGroup::~MixerGroup()
 .text._ZN10MixerGroup3mixEPfjPt
                0x08004c70       0x40 /home/ares/work2/ardupilot/modules/PX4Firmware/Build/px4io-v2_default.build//home/ares/work2/ardupilot/modules/PX4Firmware/src/modules/px4iofirmware/module.pre.o
                0x08004c70                MixerGroup::mix(float*, unsigned int, unsigned short*)
 .text._ZN10MixerGroup15groups_requiredERj
                0x08004cb0       0x1c /home/ares/work2/ardupilot/modules/PX4Firmware/Build/px4io-v2_default.build//home/ares/work2/ardupilot/modules/PX4Firmware/src/modules/px4iofirmware/module.pre.o
                0x08004cb0                MixerGroup::groups_required(unsigned int&)
 .text._ZN10MixerGroupD0Ev
                0x08004ccc       0x2c /home/ares/work2/ardupilot/modules/PX4Firmware/Build/px4io-v2_default.build//home/ares/work2/ardupilot/modules/PX4Firmware/src/modules/px4iofirmware/module.pre.o
                0x08004ccc                MixerGroup::~MixerGroup()
 .text._ZN10MixerGroupC2EPFijhhRfEj
                0x08004cf8       0x18 /home/ares/work2/ardupilot/modules/PX4Firmware/Build/px4io-v2_default.build//home/ares/work2/ardupilot/modules/PX4Firmware/src/modules/px4iofirmware/module.pre.o
                0x08004cf8                MixerGroup::MixerGroup(int (*)(unsigned int, unsigned char, unsigned char, float&), unsigned int)
                0x08004cf8                MixerGroup::MixerGroup(int (*)(unsigned int, unsigned char, unsigned char, float&), unsigned int)
 .text._ZN10MixerGroup5resetEv
                0x08004d10       0x1c /home/ares/work2/ardupilot/modules/PX4Firmware/Build/px4io-v2_default.build//home/ares/work2/ardupilot/modules/PX4Firmware/src/modules/px4iofirmware/module.pre.o
                0x08004d10                MixerGroup::reset()
 .text._ZN10MixerGroup13load_from_bufEPKcRj
                0x08004d2c       0x90 /home/ares/work2/ardupilot/modules/PX4Firmware/Build/px4io-v2_default.build//home/ares/work2/ardupilot/modules/PX4Firmware/src/modules/px4iofirmware/module.pre.o
                0x08004d2c                MixerGroup::load_from_buf(char const*, unsigned int&)
 .text._ZN15MultirotorMixerD2Ev
                0x08004dbc        0x4 /home/ares/work2/ardupilot/modules/PX4Firmware/Build/px4io-v2_default.build//home/ares/work2/ardupilot/modules/PX4Firmware/src/modules/px4iofirmware/module.pre.o
                0x08004dbc                MultirotorMixer::~MultirotorMixer()
                0x08004dbc                MultirotorMixer::~MultirotorMixer()
 .text._ZN15MultirotorMixer15groups_requiredERj
                0x08004dc0        0xc /home/ares/work2/ardupilot/modules/PX4Firmware/Build/px4io-v2_default.build//home/ares/work2/ardupilot/modules/PX4Firmware/src/modules/px4iofirmware/module.pre.o
                0x08004dc0                MultirotorMixer::groups_required(unsigned int&)
 .text._ZN15MultirotorMixerD0Ev
                0x08004dcc        0xc /home/ares/work2/ardupilot/modules/PX4Firmware/Build/px4io-v2_default.build//home/ares/work2/ardupilot/modules/PX4Firmware/src/modules/px4iofirmware/module.pre.o
                0x08004dcc                MultirotorMixer::~MultirotorMixer()
 .text._ZN15MultirotorMixer3mixEPfjPt
                0x08004dd8      0x824 /home/ares/work2/ardupilot/modules/PX4Firmware/Build/px4io-v2_default.build//home/ares/work2/ardupilot/modules/PX4Firmware/src/modules/px4iofirmware/module.pre.o
                0x08004dd8                MultirotorMixer::mix(float*, unsigned int, unsigned short*)
 .text._ZN15MultirotorMixer9from_textEPFijhhRfEjPKcRj
                0x080055fc      0x220 /home/ares/work2/ardupilot/modules/PX4Firmware/Build/px4io-v2_default.build//home/ares/work2/ardupilot/modules/PX4Firmware/src/modules/px4iofirmware/module.pre.o
                0x080055fc                MultirotorMixer::from_text(int (*)(unsigned int, unsigned char, unsigned char, float&), unsigned int, char const*, unsigned int&)
 .text._ZN11SimpleMixer15groups_requiredERj
                0x0800581c       0x30 /home/ares/work2/ardupilot/modules/PX4Firmware/Build/px4io-v2_default.build//home/ares/work2/ardupilot/modules/PX4Firmware/src/modules/px4iofirmware/module.pre.o
                0x0800581c                SimpleMixer::groups_required(unsigned int&)
 .text._ZN11SimpleMixerD2Ev
                0x0800584c       0x18 /home/ares/work2/ardupilot/modules/PX4Firmware/Build/px4io-v2_default.build//home/ares/work2/ardupilot/modules/PX4Firmware/src/modules/px4iofirmware/module.pre.o
                0x0800584c                SimpleMixer::~SimpleMixer()
                0x0800584c                SimpleMixer::~SimpleMixer()
 .text._ZN11SimpleMixerD0Ev
                0x08005864       0x20 /home/ares/work2/ardupilot/modules/PX4Firmware/Build/px4io-v2_default.build//home/ares/work2/ardupilot/modules/PX4Firmware/src/modules/px4iofirmware/module.pre.o
                0x08005864                SimpleMixer::~SimpleMixer()
 .text._ZN11SimpleMixer3mixEPfjPt
                0x08005884       0x78 /home/ares/work2/ardupilot/modules/PX4Firmware/Build/px4io-v2_default.build//home/ares/work2/ardupilot/modules/PX4Firmware/src/modules/px4iofirmware/module.pre.o
                0x08005884                SimpleMixer::mix(float*, unsigned int, unsigned short*)
 .text._ZN11SimpleMixer19parse_output_scalerEPKcRjR14mixer_scaler_s
                0x080058fc       0xa8 /home/ares/work2/ardupilot/modules/PX4Firmware/Build/px4io-v2_default.build//home/ares/work2/ardupilot/modules/PX4Firmware/src/modules/px4iofirmware/module.pre.o
                0x080058fc                SimpleMixer::parse_output_scaler(char const*, unsigned int&, mixer_scaler_s&)
 .text._ZN11SimpleMixer9from_textEPFijhhRfEjPKcRj
                0x080059a4      0x154 /home/ares/work2/ardupilot/modules/PX4Firmware/Build/px4io-v2_default.build//home/ares/work2/ardupilot/modules/PX4Firmware/src/modules/px4iofirmware/module.pre.o
                0x080059a4                SimpleMixer::from_text(int (*)(unsigned int, unsigned char, unsigned char, float&), unsigned int, char const*, unsigned int&)
 .text.pwm_limit_init
                0x08005af8       0x10 /home/ares/work2/ardupilot/modules/PX4Firmware/Build/px4io-v2_default.build//home/ares/work2/ardupilot/modules/PX4Firmware/src/modules/px4iofirmware/module.pre.o
                0x08005af8                pwm_limit_init
 .text.pwm_limit_calc
                0x08005b08      0x32c /home/ares/work2/ardupilot/modules/PX4Firmware/Build/px4io-v2_default.build//home/ares/work2/ardupilot/modules/PX4Firmware/src/modules/px4iofirmware/module.pre.o
                0x08005b08                pwm_limit_calc
 .text.st24_decode
                0x08005e34      0x324 /home/ares/work2/ardupilot/modules/PX4Firmware/Build/px4io-v2_default.build//home/ares/work2/ardupilot/modules/PX4Firmware/src/modules/px4iofirmware/module.pre.o
                0x08005e34                st24_decode
 .text.sumd_decode
                0x08006158      0x698 /home/ares/work2/ardupilot/modules/PX4Firmware/Build/px4io-v2_default.build//home/ares/work2/ardupilot/modules/PX4Firmware/src/modules/px4iofirmware/module.pre.o
                0x08006158                sumd_decode
 .text.rx_dma_callback
                0x080067f0      0x1b8 /home/ares/work2/ardupilot/modules/PX4Firmware/Build/px4io-v2_default.build//home/ares/work2/ardupilot/modules/PX4Firmware/src/modules/px4iofirmware/module.pre.o
 .text.serial_interrupt
                0x080069a8      0x184 /home/ares/work2/ardupilot/modules/PX4Firmware/Build/px4io-v2_default.build//home/ares/work2/ardupilot/modules/PX4Firmware/src/modules/px4iofirmware/module.pre.o
 .text.interface_init
                0x08006b2c      0x198 /home/ares/work2/ardupilot/modules/PX4Firmware/Build/px4io-v2_default.build//home/ares/work2/ardupilot/modules/PX4Firmware/src/modules/px4iofirmware/module.pre.o
 .text.irq_attach
                0x08006cc4       0x38 /home/ares/work2/ardupilot/modules/PX4Firmware/Build/px4io-v2_default.build/nuttx-export/libs/libnuttx.a(sched-irq_attach.o)
                0x08006cc4                irq_attach
 .text.irq_initialize
                0x08006cfc       0x1c /home/ares/work2/ardupilot/modules/PX4Firmware/Build/px4io-v2_default.build/nuttx-export/libs/libnuttx.a(sched-irq_initialize.o)
                0x08006cfc                irq_initialize
 .text.irq_unexpected_isr
                0x08006d18       0x14 /home/ares/work2/ardupilot/modules/PX4Firmware/Build/px4io-v2_default.build/nuttx-export/libs/libnuttx.a(sched-irq_unexpectedisr.o)
                0x08006d18                irq_unexpected_isr
 .text.sched_lock
                0x08006d2c       0x30 /home/ares/work2/ardupilot/modules/PX4Firmware/Build/px4io-v2_default.build/nuttx-export/libs/libnuttx.a(sched-sched_lock.o)
                0x08006d2c                sched_lock
 .text.sched_unlock
                0x08006d5c       0x48 /home/ares/work2/ardupilot/modules/PX4Firmware/Build/px4io-v2_default.build/nuttx-export/libs/libnuttx.a(sched-sched_unlock.o)
                0x08006d5c                sched_unlock
 .text.thread_create
                0x08006da4       0xa8 /home/ares/work2/ardupilot/modules/PX4Firmware/Build/px4io-v2_default.build/nuttx-export/libs/libnuttx.a(sched-task_create.o)
 .text.task_create
                0x08006e4c       0x1a /home/ares/work2/ardupilot/modules/PX4Firmware/Build/px4io-v2_default.build/nuttx-export/libs/libnuttx.a(sched-task_create.o)
                0x08006e4c                task_create
 *fill*         0x08006e66        0x2 
 .text.task_schedsetup
                0x08006e68       0xa4 /home/ares/work2/ardupilot/modules/PX4Firmware/Build/px4io-v2_default.build/nuttx-export/libs/libnuttx.a(sched-task_setup.o)
                0x08006e68                task_schedsetup
 .text.task_argsetup
                0x08006f0c       0x5c /home/ares/work2/ardupilot/modules/PX4Firmware/Build/px4io-v2_default.build/nuttx-export/libs/libnuttx.a(sched-task_setup.o)
                0x08006f0c                task_argsetup
 .text.task_start
                0x08006f68       0x28 /home/ares/work2/ardupilot/modules/PX4Firmware/Build/px4io-v2_default.build/nuttx-export/libs/libnuttx.a(sched-task_start.o)
                0x08006f68                task_start
 .text.task_terminate
                0x08006f90       0x78 /home/ares/work2/ardupilot/modules/PX4Firmware/Build/px4io-v2_default.build/nuttx-export/libs/libnuttx.a(sched-task_terminate.o)
                0x08006f90                task_terminate
 .text.dq_addfirst
                0x08007008       0x18 /home/ares/work2/ardupilot/modules/PX4Firmware/Build/px4io-v2_default.build/nuttx-export/libs/libnuttx.a(c-dq_addfirst.o)
                0x08007008                dq_addfirst
 .text.dq_rem   0x08007020       0x1c /home/ares/work2/ardupilot/modules/PX4Firmware/Build/px4io-v2_default.build/nuttx-export/libs/libnuttx.a(c-dq_rem.o)
                0x08007020                dq_rem
 .text.abort    0x0800703c        0x8 /home/ares/work2/ardupilot/modules/PX4Firmware/Build/px4io-v2_default.build/nuttx-export/libs/libnuttx.a(c-lib_abort.o)
                0x0800703c                abort
 .text.cfsetspeed
                0x08007044        0x6 /home/ares/work2/ardupilot/modules/PX4Firmware/Build/px4io-v2_default.build/nuttx-export/libs/libnuttx.a(c-lib_cfsetspeed.o)
                0x08007044                cfsetspeed
 *fill*         0x0800704a        0x2 
 .text.crc32part
                0x0800704c       0x24 /home/ares/work2/ardupilot/modules/PX4Firmware/Build/px4io-v2_default.build/nuttx-export/libs/libnuttx.a(c-lib_crc32.o)
                0x0800704c                crc32part
 .text.lowvsyslog
                0x08007070       0x1a /home/ares/work2/ardupilot/modules/PX4Firmware/Build/px4io-v2_default.build/nuttx-export/libs/libnuttx.a(c-lib_lowsyslog.o)
                0x08007070                lowvsyslog
 .text.lowsyslog
                0x0800708a       0x1a /home/ares/work2/ardupilot/modules/PX4Firmware/Build/px4io-v2_default.build/nuttx-export/libs/libnuttx.a(c-lib_lowsyslog.o)
                0x0800708a                lowsyslog
 .text.memchr   0x080070a4       0x1e /home/ares/work2/ardupilot/modules/PX4Firmware/Build/px4io-v2_default.build/nuttx-export/libs/libnuttx.a(c-lib_memchr.o)
                0x080070a4                memchr
 .text.memcpy   0x080070c2       0x16 /home/ares/work2/ardupilot/modules/PX4Firmware/Build/px4io-v2_default.build/nuttx-export/libs/libnuttx.a(c-lib_memcpy.o)
                0x080070c2                memcpy
 .text.memset   0x080070d8       0x10 /home/ares/work2/ardupilot/modules/PX4Firmware/Build/px4io-v2_default.build/nuttx-export/libs/libnuttx.a(c-lib_memset.o)
                0x080070d8                memset
 .text.printf   0x080070e8       0x1a /home/ares/work2/ardupilot/modules/PX4Firmware/Build/px4io-v2_default.build/nuttx-export/libs/libnuttx.a(c-lib_printf.o)
                0x080070e8                printf
 *fill*         0x08007102        0x2 
 .text.findwidth
                0x08007104       0x34 /home/ares/work2/ardupilot/modules/PX4Firmware/Build/px4io-v2_default.build/nuttx-export/libs/libnuttx.a(c-lib_sscanf.o)
 .text.vsscanf  0x08007138      0x314 /home/ares/work2/ardupilot/modules/PX4Firmware/Build/px4io-v2_default.build/nuttx-export/libs/libnuttx.a(c-lib_sscanf.o)
                0x08007138                vsscanf
 .text.sscanf   0x0800744c       0x1a /home/ares/work2/ardupilot/modules/PX4Firmware/Build/px4io-v2_default.build/nuttx-export/libs/libnuttx.a(c-lib_sscanf.o)
                0x0800744c                sscanf
 .text.strchr   0x08007466       0x16 /home/ares/work2/ardupilot/modules/PX4Firmware/Build/px4io-v2_default.build/nuttx-export/libs/libnuttx.a(c-lib_strchr.o)
                0x08007466                strchr
 .text.strcmp   0x0800747c       0x1a /home/ares/work2/ardupilot/modules/PX4Firmware/Build/px4io-v2_default.build/nuttx-export/libs/libnuttx.a(c-lib_strcmp.o)
                0x0800747c                strcmp
 .text.strcspn  0x08007496       0x1e /home/ares/work2/ardupilot/modules/PX4Firmware/Build/px4io-v2_default.build/nuttx-export/libs/libnuttx.a(c-lib_strcspn.o)
                0x08007496                strcspn
 .text.strdup   0x080074b4       0x1c /home/ares/work2/ardupilot/modules/PX4Firmware/Build/px4io-v2_default.build/nuttx-export/libs/libnuttx.a(c-lib_strdup.o)
                0x080074b4                strdup
 .text.strlen   0x080074d0       0x10 /home/ares/work2/ardupilot/modules/PX4Firmware/Build/px4io-v2_default.build/nuttx-export/libs/libnuttx.a(c-lib_strlen.o)
                0x080074d0                strlen
 .text.strncpy  0x080074e0       0x24 /home/ares/work2/ardupilot/modules/PX4Firmware/Build/px4io-v2_default.build/nuttx-export/libs/libnuttx.a(c-lib_strncpy.o)
                0x080074e0                strncpy
 .text.strtol   0x08007504       0x3c /home/ares/work2/ardupilot/modules/PX4Firmware/Build/px4io-v2_default.build/nuttx-export/libs/libnuttx.a(c-lib_strtol.o)
                0x08007504                strtol
 .text.strtoul  0x08007540       0x48 /home/ares/work2/ardupilot/modules/PX4Firmware/Build/px4io-v2_default.build/nuttx-export/libs/libnuttx.a(c-lib_strtoul.o)
                0x08007540                strtoul
 .text.vsyslog  0x08007588       0x1e /home/ares/work2/ardupilot/modules/PX4Firmware/Build/px4io-v2_default.build/nuttx-export/libs/libnuttx.a(c-lib_syslog.o)
                0x08007588                vsyslog
 .text.tcgetattr
                0x080075a6        0xa /home/ares/work2/ardupilot/modules/PX4Firmware/Build/px4io-v2_default.build/nuttx-export/libs/libnuttx.a(c-lib_tcgetattr.o)
                0x080075a6                tcgetattr
 .text.tcsetattr
                0x080075b0       0x10 /home/ares/work2/ardupilot/modules/PX4Firmware/Build/px4io-v2_default.build/nuttx-export/libs/libnuttx.a(c-lib_tcsetattr.o)
                0x080075b0                tcsetattr
 .text.vsnprintf
                0x080075c0       0x24 /home/ares/work2/ardupilot/modules/PX4Firmware/Build/px4io-v2_default.build/nuttx-export/libs/libnuttx.a(c-lib_vsnprintf.o)
                0x080075c0                vsnprintf
 .text.sq_addafter
                0x080075e4       0x1c /home/ares/work2/ardupilot/modules/PX4Firmware/Build/px4io-v2_default.build/nuttx-export/libs/libnuttx.a(c-sq_addafter.o)
                0x080075e4                sq_addafter
 .text.sq_addfirst
                0x08007600        0xe /home/ares/work2/ardupilot/modules/PX4Firmware/Build/px4io-v2_default.build/nuttx-export/libs/libnuttx.a(c-sq_addfirst.o)
                0x08007600                sq_addfirst
 .text.sq_addlast
                0x0800760e       0x14 /home/ares/work2/ardupilot/modules/PX4Firmware/Build/px4io-v2_default.build/nuttx-export/libs/libnuttx.a(c-sq_addlast.o)
                0x0800760e                sq_addlast
 .text.sq_rem   0x08007622       0x2c /home/ares/work2/ardupilot/modules/PX4Firmware/Build/px4io-v2_default.build/nuttx-export/libs/libnuttx.a(c-sq_rem.o)
                0x08007622                sq_rem
 .text.sq_remafter
                0x0800764e       0x22 /home/ares/work2/ardupilot/modules/PX4Firmware/Build/px4io-v2_default.build/nuttx-export/libs/libnuttx.a(c-sq_remafter.o)
                0x0800764e                sq_remafter
 .text.calloc   0x08007670        0xe /home/ares/work2/ardupilot/modules/PX4Firmware/Build/px4io-v2_default.build/nuttx-export/libs/libnuttx.a(mm-mm_calloc.o)
                0x08007670                calloc
 *fill*         0x0800767e        0x2 
 .text.free     0x08007680       0xa8 /home/ares/work2/ardupilot/modules/PX4Firmware/Build/px4io-v2_default.build/nuttx-export/libs/libnuttx.a(mm-mm_free.o)
                0x08007680                free
 .text.mallinfo
                0x08007728       0x5c /home/ares/work2/ardupilot/modules/PX4Firmware/Build/px4io-v2_default.build/nuttx-export/libs/libnuttx.a(mm-mm_mallinfo.o)
                0x08007728                mallinfo
 .text.malloc   0x08007784       0x94 /home/ares/work2/ardupilot/modules/PX4Firmware/Build/px4io-v2_default.build/nuttx-export/libs/libnuttx.a(mm-mm_malloc.o)
                0x08007784                malloc
 .text.mm_seminitialize
                0x08007818       0x18 /home/ares/work2/ardupilot/modules/PX4Firmware/Build/px4io-v2_default.build/nuttx-export/libs/libnuttx.a(mm-mm_sem.o)
                0x08007818                mm_seminitialize
 .text.mm_trysemaphore
                0x08007830       0x32 /home/ares/work2/ardupilot/modules/PX4Firmware/Build/px4io-v2_default.build/nuttx-export/libs/libnuttx.a(mm-mm_sem.o)
                0x08007830                mm_trysemaphore
 *fill*         0x08007862        0x2 
 .text.mm_takesemaphore
                0x08007864       0x40 /home/ares/work2/ardupilot/modules/PX4Firmware/Build/px4io-v2_default.build/nuttx-export/libs/libnuttx.a(mm-mm_sem.o)
                0x08007864                mm_takesemaphore
 .text.mm_givesemaphore
                0x080078a4       0x2c /home/ares/work2/ardupilot/modules/PX4Firmware/Build/px4io-v2_default.build/nuttx-export/libs/libnuttx.a(mm-mm_sem.o)
                0x080078a4                mm_givesemaphore
 .text.mm_size2ndx
                0x080078d0       0x1a /home/ares/work2/ardupilot/modules/PX4Firmware/Build/px4io-v2_default.build/nuttx-export/libs/libnuttx.a(mm-mm_size2ndx.o)
                0x080078d0                mm_size2ndx
 *fill*         0x080078ea        0x2 
 .text.umm_initialize
                0x080078ec       0x10 /home/ares/work2/ardupilot/modules/PX4Firmware/Build/px4io-v2_default.build/nuttx-export/libs/libnuttx.a(mm-mm_user.o)
                0x080078ec                umm_initialize
 .text.umm_trysemaphore
                0x080078fc        0xc /home/ares/work2/ardupilot/modules/PX4Firmware/Build/px4io-v2_default.build/nuttx-export/libs/libnuttx.a(mm-mm_user.o)
                0x080078fc                umm_trysemaphore
 .text.umm_givesemaphore
                0x08007908        0xc /home/ares/work2/ardupilot/modules/PX4Firmware/Build/px4io-v2_default.build/nuttx-export/libs/libnuttx.a(mm-mm_user.o)
                0x08007908                umm_givesemaphore
 .text.zalloc   0x08007914       0x18 /home/ares/work2/ardupilot/modules/PX4Firmware/Build/px4io-v2_default.build/nuttx-export/libs/libnuttx.a(mm-mm_zalloc.o)
                0x08007914                zalloc
 .text.stm32_dmachandisable
                0x0800792c       0x20 /home/ares/work2/ardupilot/modules/PX4Firmware/Build/px4io-v2_default.build/nuttx-export/libs/libnuttx.a(arch-stm32_dma.o)
 .text.stm32_dmainterrupt
                0x0800794c       0x54 /home/ares/work2/ardupilot/modules/PX4Firmware/Build/px4io-v2_default.build/nuttx-export/libs/libnuttx.a(arch-stm32_dma.o)
 .text.up_dmainitialize
                0x080079a0       0x3c /home/ares/work2/ardupilot/modules/PX4Firmware/Build/px4io-v2_default.build/nuttx-export/libs/libnuttx.a(arch-stm32_dma.o)
                0x080079a0                up_dmainitialize
 .text.stm32_dmachannel
                0x080079dc       0x34 /home/ares/work2/ardupilot/modules/PX4Firmware/Build/px4io-v2_default.build/nuttx-export/libs/libnuttx.a(arch-stm32_dma.o)
                0x080079dc                stm32_dmachannel
 .text.stm32_dmafree
                0x08007a10        0x6 /home/ares/work2/ardupilot/modules/PX4Firmware/Build/px4io-v2_default.build/nuttx-export/libs/libnuttx.a(arch-stm32_dma.o)
                0x08007a10                stm32_dmafree
 .text.stm32_dmasetup
                0x08007a16       0x2a /home/ares/work2/ardupilot/modules/PX4Firmware/Build/px4io-v2_default.build/nuttx-export/libs/libnuttx.a(arch-stm32_dma.o)
                0x08007a16                stm32_dmasetup
 .text.stm32_dmastart
                0x08007a40       0x28 /home/ares/work2/ardupilot/modules/PX4Firmware/Build/px4io-v2_default.build/nuttx-export/libs/libnuttx.a(arch-stm32_dma.o)
                0x08007a40                stm32_dmastart
 .text.stm32_dmastop
                0x08007a68        0x4 /home/ares/work2/ardupilot/modules/PX4Firmware/Build/px4io-v2_default.build/nuttx-export/libs/libnuttx.a(arch-stm32_dma.o)
                0x08007a68                stm32_dmastop
 .text.stm32_dmaresidual
                0x08007a6c        0x6 /home/ares/work2/ardupilot/modules/PX4Firmware/Build/px4io-v2_default.build/nuttx-export/libs/libnuttx.a(arch-stm32_dma.o)
                0x08007a6c                stm32_dmaresidual
 *fill*         0x08007a72        0x2 
 .text.stm32_gpioinit
                0x08007a74       0x10 /home/ares/work2/ardupilot/modules/PX4Firmware/Build/px4io-v2_default.build/nuttx-export/libs/libnuttx.a(arch-stm32_gpio.o)
                0x08007a74                stm32_gpioinit
 .text.stm32_configgpio
                0x08007a84       0xc4 /home/ares/work2/ardupilot/modules/PX4Firmware/Build/px4io-v2_default.build/nuttx-export/libs/libnuttx.a(arch-stm32_gpio.o)
                0x08007a84                stm32_configgpio
 .text.stm32_gpiowrite
                0x08007b48       0x28 /home/ares/work2/ardupilot/modules/PX4Firmware/Build/px4io-v2_default.build/nuttx-export/libs/libnuttx.a(arch-stm32_gpio.o)
                0x08007b48                stm32_gpiowrite
 .text.stm32_gpioread
                0x08007b70       0x2c /home/ares/work2/ardupilot/modules/PX4Firmware/Build/px4io-v2_default.build/nuttx-export/libs/libnuttx.a(arch-stm32_gpio.o)
                0x08007b70                stm32_gpioread
 .text.stm32_irqinfo
                0x08007b9c       0x68 /home/ares/work2/ardupilot/modules/PX4Firmware/Build/px4io-v2_default.build/nuttx-export/libs/libnuttx.a(arch-stm32_irq.o)
 .text.up_irqinitialize
                0x08007c04       0x68 /home/ares/work2/ardupilot/modules/PX4Firmware/Build/px4io-v2_default.build/nuttx-export/libs/libnuttx.a(arch-stm32_irq.o)
                0x08007c04                up_irqinitialize
 .text.up_disable_irq
                0x08007c6c       0x1e /home/ares/work2/ardupilot/modules/PX4Firmware/Build/px4io-v2_default.build/nuttx-export/libs/libnuttx.a(arch-stm32_irq.o)
                0x08007c6c                up_disable_irq
 .text.up_enable_irq
                0x08007c8a       0x1c /home/ares/work2/ardupilot/modules/PX4Firmware/Build/px4io-v2_default.build/nuttx-export/libs/libnuttx.a(arch-stm32_irq.o)
                0x08007c8a                up_enable_irq
 .text.up_maskack_irq
                0x08007ca6        0x4 /home/ares/work2/ardupilot/modules/PX4Firmware/Build/px4io-v2_default.build/nuttx-export/libs/libnuttx.a(arch-stm32_irq.o)
                0x08007ca6                up_maskack_irq
 .text.up_restoreusartint
                0x08007caa       0x26 /home/ares/work2/ardupilot/modules/PX4Firmware/Build/px4io-v2_default.build/nuttx-export/libs/libnuttx.a(arch-stm32_serial.o)
 .text.up_set_format
                0x08007cd0       0x72 /home/ares/work2/ardupilot/modules/PX4Firmware/Build/px4io-v2_default.build/nuttx-export/libs/libnuttx.a(arch-stm32_serial.o)
 .text.up_receive
                0x08007d42       0x16 /home/ares/work2/ardupilot/modules/PX4Firmware/Build/px4io-v2_default.build/nuttx-export/libs/libnuttx.a(arch-stm32_serial.o)
 .text.up_rxint
                0x08007d58       0x2c /home/ares/work2/ardupilot/modules/PX4Firmware/Build/px4io-v2_default.build/nuttx-export/libs/libnuttx.a(arch-stm32_serial.o)
 .text.up_rxavailable
                0x08007d84        0xc /home/ares/work2/ardupilot/modules/PX4Firmware/Build/px4io-v2_default.build/nuttx-export/libs/libnuttx.a(arch-stm32_serial.o)
 .text.up_dma_rxint
                0x08007d90        0x8 /home/ares/work2/ardupilot/modules/PX4Firmware/Build/px4io-v2_default.build/nuttx-export/libs/libnuttx.a(arch-stm32_serial.o)
 .text.up_send  0x08007d98        0x8 /home/ares/work2/ardupilot/modules/PX4Firmware/Build/px4io-v2_default.build/nuttx-export/libs/libnuttx.a(arch-stm32_serial.o)
 .text.up_txready
                0x08007da0        0xc /home/ares/work2/ardupilot/modules/PX4Firmware/Build/px4io-v2_default.build/nuttx-export/libs/libnuttx.a(arch-stm32_serial.o)
 .text.up_txint
                0x08007dac       0x38 /home/ares/work2/ardupilot/modules/PX4Firmware/Build/px4io-v2_default.build/nuttx-export/libs/libnuttx.a(arch-stm32_serial.o)
 .text.up_interrupt_common
                0x08007de4       0x4e /home/ares/work2/ardupilot/modules/PX4Firmware/Build/px4io-v2_default.build/nuttx-export/libs/libnuttx.a(arch-stm32_serial.o)
 *fill*         0x08007e32        0x2 
 .text.up_interrupt_usart3
                0x08007e34        0xc /home/ares/work2/ardupilot/modules/PX4Firmware/Build/px4io-v2_default.build/nuttx-export/libs/libnuttx.a(arch-stm32_serial.o)
 .text.up_interrupt_usart2
                0x08007e40        0xc /home/ares/work2/ardupilot/modules/PX4Firmware/Build/px4io-v2_default.build/nuttx-export/libs/libnuttx.a(arch-stm32_serial.o)
 .text.up_interrupt_usart1
                0x08007e4c        0xc /home/ares/work2/ardupilot/modules/PX4Firmware/Build/px4io-v2_default.build/nuttx-export/libs/libnuttx.a(arch-stm32_serial.o)
 .text.up_dma_receive
                0x08007e58       0x28 /home/ares/work2/ardupilot/modules/PX4Firmware/Build/px4io-v2_default.build/nuttx-export/libs/libnuttx.a(arch-stm32_serial.o)
 .text.up_ioctl
                0x08007e80       0xa0 /home/ares/work2/ardupilot/modules/PX4Firmware/Build/px4io-v2_default.build/nuttx-export/libs/libnuttx.a(arch-stm32_serial.o)
 .text.up_detach
                0x08007f20       0x1a /home/ares/work2/ardupilot/modules/PX4Firmware/Build/px4io-v2_default.build/nuttx-export/libs/libnuttx.a(arch-stm32_serial.o)
 .text.up_attach
                0x08007f3a       0x1e /home/ares/work2/ardupilot/modules/PX4Firmware/Build/px4io-v2_default.build/nuttx-export/libs/libnuttx.a(arch-stm32_serial.o)
 .text.up_setup
                0x08007f58       0x58 /home/ares/work2/ardupilot/modules/PX4Firmware/Build/px4io-v2_default.build/nuttx-export/libs/libnuttx.a(arch-stm32_serial.o)
 .text.up_dma_setup
                0x08007fb0       0x50 /home/ares/work2/ardupilot/modules/PX4Firmware/Build/px4io-v2_default.build/nuttx-export/libs/libnuttx.a(arch-stm32_serial.o)
 .text.up_shutdown
                0x08008000       0x1c /home/ares/work2/ardupilot/modules/PX4Firmware/Build/px4io-v2_default.build/nuttx-export/libs/libnuttx.a(arch-stm32_serial.o)
 .text.up_dma_shutdown
                0x0800801c       0x1a /home/ares/work2/ardupilot/modules/PX4Firmware/Build/px4io-v2_default.build/nuttx-export/libs/libnuttx.a(arch-stm32_serial.o)
 .text.up_dma_rxavailable
                0x08008036       0x18 /home/ares/work2/ardupilot/modules/PX4Firmware/Build/px4io-v2_default.build/nuttx-export/libs/libnuttx.a(arch-stm32_serial.o)
 .text.up_dma_rxcallback
                0x0800804e       0x1e /home/ares/work2/ardupilot/modules/PX4Firmware/Build/px4io-v2_default.build/nuttx-export/libs/libnuttx.a(arch-stm32_serial.o)
 .text.up_earlyserialinit
                0x0800806c       0x34 /home/ares/work2/ardupilot/modules/PX4Firmware/Build/px4io-v2_default.build/nuttx-export/libs/libnuttx.a(arch-stm32_serial.o)
                0x0800806c                up_earlyserialinit
 .text.up_serialinit
                0x080080a0       0x60 /home/ares/work2/ardupilot/modules/PX4Firmware/Build/px4io-v2_default.build/nuttx-export/libs/libnuttx.a(arch-stm32_serial.o)
                0x080080a0                up_serialinit
 .text.stm32_serial_dma_poll
                0x08008100       0x34 /home/ares/work2/ardupilot/modules/PX4Firmware/Build/px4io-v2_default.build/nuttx-export/libs/libnuttx.a(arch-stm32_serial.o)
                0x08008100                stm32_serial_dma_poll
 .text.up_putc  0x08008134       0x3c /home/ares/work2/ardupilot/modules/PX4Firmware/Build/px4io-v2_default.build/nuttx-export/libs/libnuttx.a(arch-stm32_serial.o)
                0x08008134                up_putc
 .text.__start  0x08008170       0x54 /home/ares/work2/ardupilot/modules/PX4Firmware/Build/px4io-v2_default.build/nuttx-export/libs/libnuttx.a(arch-stm32_start.o)
                0x08008170                __start
 .text.up_assert
                0x080081c4      0x144 /home/ares/work2/ardupilot/modules/PX4Firmware/Build/px4io-v2_default.build/nuttx-export/libs/libnuttx.a(arch-up_assert.o)
                0x080081c4                up_assert
 .text.up_create_stack
                0x08008308       0x42 /home/ares/work2/ardupilot/modules/PX4Firmware/Build/px4io-v2_default.build/nuttx-export/libs/libnuttx.a(arch-up_createstack.o)
                0x08008308                up_create_stack
 *fill*         0x0800834a        0x2 
 .text.up_hardfault
                0x0800834c       0x40 /home/ares/work2/ardupilot/modules/PX4Firmware/Build/px4io-v2_default.build/nuttx-export/libs/libnuttx.a(arch-up_hardfault.o)
                0x0800834c                up_hardfault
 .text.up_initial_state
                0x0800838c       0x34 /home/ares/work2/ardupilot/modules/PX4Firmware/Build/px4io-v2_default.build/nuttx-export/libs/libnuttx.a(arch-up_initialstate.o)
                0x0800838c                up_initial_state
 .text.up_interrupt_context
                0x080083c0       0x10 /home/ares/work2/ardupilot/modules/PX4Firmware/Build/px4io-v2_default.build/nuttx-export/libs/libnuttx.a(arch-up_interruptcontext.o)
                0x080083c0                up_interrupt_context
 .text.modifyreg32
                0x080083d0       0x1c /home/ares/work2/ardupilot/modules/PX4Firmware/Build/px4io-v2_default.build/nuttx-export/libs/libnuttx.a(arch-up_modifyreg32.o)
                0x080083d0                modifyreg32
 .text.up_release_pending
                0x080083ec       0x38 /home/ares/work2/ardupilot/modules/PX4Firmware/Build/px4io-v2_default.build/nuttx-export/libs/libnuttx.a(arch-up_releasepending.o)
                0x080083ec                up_release_pending
 .text.up_release_stack
                0x08008424       0x16 /home/ares/work2/ardupilot/modules/PX4Firmware/Build/px4io-v2_default.build/nuttx-export/libs/libnuttx.a(arch-up_releasestack.o)
                0x08008424                up_release_stack
 *fill*         0x0800843a        0x2 
 .text.up_svcall
                0x0800843c       0x34 /home/ares/work2/ardupilot/modules/PX4Firmware/Build/px4io-v2_default.build/nuttx-export/libs/libnuttx.a(arch-up_svcall.o)
                0x0800843c                up_svcall
 .text          0x08008470        0xc /home/ares/work2/ardupilot/modules/PX4Firmware/Build/px4io-v2_default.build/nuttx-export/libs/libnuttx.a(arch-up_switchcontext.o)
                0x08008470                up_switchcontext
 .text.up_systemreset
                0x0800847c       0x1c /home/ares/work2/ardupilot/modules/PX4Firmware/Build/px4io-v2_default.build/nuttx-export/libs/libnuttx.a(arch-up_systemreset.o)
                0x0800847c                up_systemreset
 .text.up_udelay
                0x08008498       0x64 /home/ares/work2/ardupilot/modules/PX4Firmware/Build/px4io-v2_default.build/nuttx-export/libs/libnuttx.a(arch-up_udelay.o)
                0x08008498                up_udelay
 .text.__cxa_atexit
                0x080084fc        0x4 /home/ares/work2/ardupilot/modules/PX4Firmware/Build/px4io-v2_default.build/nuttx-export/libs/libnuttx.a(cxx-libxx_cxa_atexit.o)
                0x080084fc                __cxa_atexit
 .text.__cxa_pure_virtual
                0x08008500       0x10 /home/ares/work2/ardupilot/modules/PX4Firmware/Build/px4io-v2_default.build/nuttx-export/libs/libnuttx.a(cxx-libxx_cxapurevirtual.o)
                0x08008500                __cxa_pure_virtual
 .text._ZdlPv   0x08008510        0x4 /home/ares/work2/ardupilot/modules/PX4Firmware/Build/px4io-v2_default.build/nuttx-export/libs/libnuttx.a(cxx-libxx_delete.o)
                0x08008510                operator delete(void*)
 .text.__aeabi_atexit
                0x08008514        0xa /home/ares/work2/ardupilot/modules/PX4Firmware/Build/px4io-v2_default.build/nuttx-export/libs/libnuttx.a(cxx-libxx_eabi_atexit.o)
                0x08008514                __aeabi_atexit
 .text._Znwj    0x0800851e        0xa /home/ares/work2/ardupilot/modules/PX4Firmware/Build/px4io-v2_default.build/nuttx-export/libs/libnuttx.a(cxx-libxx_new.o)
                0x0800851e                operator new(unsigned int)
 .text.ioctl    0x08008528       0x48 /home/ares/work2/ardupilot/modules/PX4Firmware/Build/px4io-v2_default.build/nuttx-export/libs/libnuttx.a(fs-fs_ioctl.o)
                0x08008528                ioctl
 .text.inode_checkflags
                0x08008570       0x28 /home/ares/work2/ardupilot/modules/PX4Firmware/Build/px4io-v2_default.build/nuttx-export/libs/libnuttx.a(fs-fs_open.o)
                0x08008570                inode_checkflags
 .text.open     0x08008598       0x90 /home/ares/work2/ardupilot/modules/PX4Firmware/Build/px4io-v2_default.build/nuttx-export/libs/libnuttx.a(fs-fs_open.o)
                0x08008598                open
 .text.read     0x08008628       0x62 /home/ares/work2/ardupilot/modules/PX4Firmware/Build/px4io-v2_default.build/nuttx-export/libs/libnuttx.a(fs-fs_read.o)
                0x08008628                read
 .text.write    0x0800868a       0x54 /home/ares/work2/ardupilot/modules/PX4Firmware/Build/px4io-v2_default.build/nuttx-export/libs/libnuttx.a(fs-fs_write.o)
                0x0800868a                write
 .text.uart_ioctl
                0x080086de       0xca /home/ares/work2/ardupilot/modules/PX4Firmware/Build/px4io-v2_default.build/nuttx-export/libs/libnuttx.a(drivers-serial.o)
 .text.uart_takesem
                0x080087a8       0x30 /home/ares/work2/ardupilot/modules/PX4Firmware/Build/px4io-v2_default.build/nuttx-export/libs/libnuttx.a(drivers-serial.o)
 .text.uart_putxmitchar
                0x080087d8       0x7e /home/ares/work2/ardupilot/modules/PX4Firmware/Build/px4io-v2_default.build/nuttx-export/libs/libnuttx.a(drivers-serial.o)
 .text.uart_write
                0x08008856       0xe8 /home/ares/work2/ardupilot/modules/PX4Firmware/Build/px4io-v2_default.build/nuttx-export/libs/libnuttx.a(drivers-serial.o)
 .text.uart_read
                0x0800893e       0xf4 /home/ares/work2/ardupilot/modules/PX4Firmware/Build/px4io-v2_default.build/nuttx-export/libs/libnuttx.a(drivers-serial.o)
 .text.uart_open
                0x08008a32       0xa2 /home/ares/work2/ardupilot/modules/PX4Firmware/Build/px4io-v2_default.build/nuttx-export/libs/libnuttx.a(drivers-serial.o)
 .text.uart_close
                0x08008ad4       0x7e /home/ares/work2/ardupilot/modules/PX4Firmware/Build/px4io-v2_default.build/nuttx-export/libs/libnuttx.a(drivers-serial.o)
 *fill*         0x08008b52        0x2 
 .text.uart_register
                0x08008b54       0x54 /home/ares/work2/ardupilot/modules/PX4Firmware/Build/px4io-v2_default.build/nuttx-export/libs/libnuttx.a(drivers-serial.o)
                0x08008b54                uart_register
 .text.uart_datareceived
                0x08008ba8       0x10 /home/ares/work2/ardupilot/modules/PX4Firmware/Build/px4io-v2_default.build/nuttx-export/libs/libnuttx.a(drivers-serial.o)
                0x08008ba8                uart_datareceived
 .text.uart_datasent
                0x08008bb8       0x10 /home/ares/work2/ardupilot/modules/PX4Firmware/Build/px4io-v2_default.build/nuttx-export/libs/libnuttx.a(drivers-serial.o)
                0x08008bb8                uart_datasent
 .text.uart_xmitchars
                0x08008bc8       0x70 /home/ares/work2/ardupilot/modules/PX4Firmware/Build/px4io-v2_default.build/nuttx-export/libs/libnuttx.a(drivers-serialirq.o)
                0x08008bc8                uart_xmitchars
 .text.uart_recvchars
                0x08008c38       0x5c /home/ares/work2/ardupilot/modules/PX4Firmware/Build/px4io-v2_default.build/nuttx-export/libs/libnuttx.a(drivers-serialirq.o)
                0x08008c38                uart_recvchars
 .text.get_errno_ptr
                0x08008c94       0x24 /home/ares/work2/ardupilot/modules/PX4Firmware/Build/px4io-v2_default.build/nuttx-export/libs/libnuttx.a(sched-errno_getptr.o)
                0x08008c94                get_errno_ptr
 .text.exit     0x08008cb8       0x1c /home/ares/work2/ardupilot/modules/PX4Firmware/Build/px4io-v2_default.build/nuttx-export/libs/libnuttx.a(sched-exit.o)
                0x08008cb8                exit
 .text.getpid   0x08008cd4       0x10 /home/ares/work2/ardupilot/modules/PX4Firmware/Build/px4io-v2_default.build/nuttx-export/libs/libnuttx.a(sched-getpid.o)
                0x08008cd4                getpid
 .text.group_allocate
                0x08008ce4       0x18 /home/ares/work2/ardupilot/modules/PX4Firmware/Build/px4io-v2_default.build/nuttx-export/libs/libnuttx.a(sched-group_create.o)
                0x08008ce4                group_allocate
 .text.group_initialize
                0x08008cfc        0xa /home/ares/work2/ardupilot/modules/PX4Firmware/Build/px4io-v2_default.build/nuttx-export/libs/libnuttx.a(sched-group_create.o)
                0x08008cfc                group_initialize
 .text.group_setuptaskfiles
                0x08008d06        0xe /home/ares/work2/ardupilot/modules/PX4Firmware/Build/px4io-v2_default.build/nuttx-export/libs/libnuttx.a(sched-group_setuptaskfiles.o)
                0x08008d06                group_setuptaskfiles
 .text.os_start
                0x08008d14      0x12c /home/ares/work2/ardupilot/modules/PX4Firmware/Build/px4io-v2_default.build/nuttx-export/libs/libnuttx.a(sched-os_start.o)
                0x08008d14                os_start
 .text.sched_ufree
                0x08008e40       0x3c /home/ares/work2/ardupilot/modules/PX4Firmware/Build/px4io-v2_default.build/nuttx-export/libs/libnuttx.a(sched-sched_free.o)
                0x08008e40                sched_ufree
 .text.sched_garbagecollection
                0x08008e7c       0x2c /home/ares/work2/ardupilot/modules/PX4Firmware/Build/px4io-v2_default.build/nuttx-export/libs/libnuttx.a(sched-sched_garbage.o)
                0x08008e7c                sched_garbagecollection
 .text.sched_getfiles
                0x08008ea8       0x10 /home/ares/work2/ardupilot/modules/PX4Firmware/Build/px4io-v2_default.build/nuttx-export/libs/libnuttx.a(sched-sched_getfiles.o)
                0x08008ea8                sched_getfiles
 .text.sched_gettcb
                0x08008eb8       0x24 /home/ares/work2/ardupilot/modules/PX4Firmware/Build/px4io-v2_default.build/nuttx-export/libs/libnuttx.a(sched-sched_gettcb.o)
                0x08008eb8                sched_gettcb
 .text.sched_mergepending
                0x08008edc       0x64 /home/ares/work2/ardupilot/modules/PX4Firmware/Build/px4io-v2_default.build/nuttx-export/libs/libnuttx.a(sched-sched_mergepending.o)
                0x08008edc                sched_mergepending
 .text.sched_releasetcb
                0x08008f40       0x54 /home/ares/work2/ardupilot/modules/PX4Firmware/Build/px4io-v2_default.build/nuttx-export/libs/libnuttx.a(sched-sched_releasetcb.o)
                0x08008f40                sched_releasetcb
 .text.sem_post
                0x08008f94       0x58 /home/ares/work2/ardupilot/modules/PX4Firmware/Build/px4io-v2_default.build/nuttx-export/libs/libnuttx.a(sched-sem_post.o)
                0x08008f94                sem_post
 .text.sem_trywait
                0x08008fec       0x4c /home/ares/work2/ardupilot/modules/PX4Firmware/Build/px4io-v2_default.build/nuttx-export/libs/libnuttx.a(sched-sem_trywait.o)
                0x08008fec                sem_trywait
 .text.sem_wait
                0x08009038       0x84 /home/ares/work2/ardupilot/modules/PX4Firmware/Build/px4io-v2_default.build/nuttx-export/libs/libnuttx.a(sched-sem_wait.o)
                0x08009038                sem_wait
 .text.task_activate
                0x080090bc       0x18 /home/ares/work2/ardupilot/modules/PX4Firmware/Build/px4io-v2_default.build/nuttx-export/libs/libnuttx.a(sched-task_activate.o)
                0x080090bc                task_activate
 .text.task_exithook
                0x080090d4       0x1e /home/ares/work2/ardupilot/modules/PX4Firmware/Build/px4io-v2_default.build/nuttx-export/libs/libnuttx.a(sched-task_exithook.o)
                0x080090d4                task_exithook
 .text.task_recover
                0x080090f2       0x26 /home/ares/work2/ardupilot/modules/PX4Firmware/Build/px4io-v2_default.build/nuttx-export/libs/libnuttx.a(sched-task_recover.o)
                0x080090f2                task_recover
 .text.wd_cancel
                0x08009118       0x64 /home/ares/work2/ardupilot/modules/PX4Firmware/Build/px4io-v2_default.build/nuttx-export/libs/libnuttx.a(sched-wd_cancel.o)
                0x08009118                wd_cancel
 .text.wd_delete
                0x0800917c       0x3c /home/ares/work2/ardupilot/modules/PX4Firmware/Build/px4io-v2_default.build/nuttx-export/libs/libnuttx.a(sched-wd_delete.o)
                0x0800917c                wd_delete
 .text.wd_initialize
                0x080091b8       0x44 /home/ares/work2/ardupilot/modules/PX4Firmware/Build/px4io-v2_default.build/nuttx-export/libs/libnuttx.a(sched-wd_initialize.o)
                0x080091b8                wd_initialize
 .text.cfgetspeed
                0x080091fc        0x4 /home/ares/work2/ardupilot/modules/PX4Firmware/Build/px4io-v2_default.build/nuttx-export/libs/libnuttx.a(c-lib_cfgetspeed.o)
                0x080091fc                cfgetspeed
 .text.lib_checkbase
                0x08009200       0x52 /home/ares/work2/ardupilot/modules/PX4Firmware/Build/px4io-v2_default.build/nuttx-export/libs/libnuttx.a(c-lib_checkbase.o)
                0x08009200                lib_checkbase
 .text.lib_isbasedigit
                0x08009252       0x4e /home/ares/work2/ardupilot/modules/PX4Firmware/Build/px4io-v2_default.build/nuttx-export/libs/libnuttx.a(c-lib_isbasedigit.o)
                0x08009252                lib_isbasedigit
 .text.utodec   0x080092a0       0x24 /home/ares/work2/ardupilot/modules/PX4Firmware/Build/px4io-v2_default.build/nuttx-export/libs/libnuttx.a(c-lib_libvsprintf.o)
 .text.utooct   0x080092c4       0x1e /home/ares/work2/ardupilot/modules/PX4Firmware/Build/px4io-v2_default.build/nuttx-export/libs/libnuttx.a(c-lib_libvsprintf.o)
 .text.utobin   0x080092e2       0x1e /home/ares/work2/ardupilot/modules/PX4Firmware/Build/px4io-v2_default.build/nuttx-export/libs/libnuttx.a(c-lib_libvsprintf.o)
 .text.llutodec
                0x08009300       0x42 /home/ares/work2/ardupilot/modules/PX4Firmware/Build/px4io-v2_default.build/nuttx-export/libs/libnuttx.a(c-lib_libvsprintf.o)
 .text.llutooct
                0x08009342       0x2e /home/ares/work2/ardupilot/modules/PX4Firmware/Build/px4io-v2_default.build/nuttx-export/libs/libnuttx.a(c-lib_libvsprintf.o)
 .text.llutobin
                0x08009370       0x26 /home/ares/work2/ardupilot/modules/PX4Firmware/Build/px4io-v2_default.build/nuttx-export/libs/libnuttx.a(c-lib_libvsprintf.o)
 .text.prejustify
                0x08009396       0x8a /home/ares/work2/ardupilot/modules/PX4Firmware/Build/px4io-v2_default.build/nuttx-export/libs/libnuttx.a(c-lib_libvsprintf.o)
 .text.utohex   0x08009420       0x4c /home/ares/work2/ardupilot/modules/PX4Firmware/Build/px4io-v2_default.build/nuttx-export/libs/libnuttx.a(c-lib_libvsprintf.o)
 .text.utoascii
                0x0800946c       0x88 /home/ares/work2/ardupilot/modules/PX4Firmware/Build/px4io-v2_default.build/nuttx-export/libs/libnuttx.a(c-lib_libvsprintf.o)
 .text.llutohex
                0x080094f4       0x5c /home/ares/work2/ardupilot/modules/PX4Firmware/Build/px4io-v2_default.build/nuttx-export/libs/libnuttx.a(c-lib_libvsprintf.o)
 .text.llutoascii
                0x08009550       0x92 /home/ares/work2/ardupilot/modules/PX4Firmware/Build/px4io-v2_default.build/nuttx-export/libs/libnuttx.a(c-lib_libvsprintf.o)
 .text.postjustify
                0x080095e2       0x26 /home/ares/work2/ardupilot/modules/PX4Firmware/Build/px4io-v2_default.build/nuttx-export/libs/libnuttx.a(c-lib_libvsprintf.o)
 .text.lib_vsprintf
                0x08009608      0x2ac /home/ares/work2/ardupilot/modules/PX4Firmware/Build/px4io-v2_default.build/nuttx-export/libs/libnuttx.a(c-lib_libvsprintf.o)
                0x08009608                lib_vsprintf
 .text.lowoutstream_putc
                0x080098b4       0x16 /home/ares/work2/ardupilot/modules/PX4Firmware/Build/px4io-v2_default.build/nuttx-export/libs/libnuttx.a(c-lib_lowoutstream.o)
 *fill*         0x080098ca        0x2 
 .text.lib_lowoutstream
                0x080098cc       0x10 /home/ares/work2/ardupilot/modules/PX4Firmware/Build/px4io-v2_default.build/nuttx-export/libs/libnuttx.a(c-lib_lowoutstream.o)
                0x080098cc                lib_lowoutstream
 .text.memoutstream_putc
                0x080098dc       0x1a /home/ares/work2/ardupilot/modules/PX4Firmware/Build/px4io-v2_default.build/nuttx-export/libs/libnuttx.a(c-lib_memoutstream.o)
 *fill*         0x080098f6        0x2 
 .text.lib_memoutstream
                0x080098f8       0x18 /home/ares/work2/ardupilot/modules/PX4Firmware/Build/px4io-v2_default.build/nuttx-export/libs/libnuttx.a(c-lib_memoutstream.o)
                0x080098f8                lib_memoutstream
 .text.nulloutstream_putc
                0x08009910        0x8 /home/ares/work2/ardupilot/modules/PX4Firmware/Build/px4io-v2_default.build/nuttx-export/libs/libnuttx.a(c-lib_nulloutstream.o)
 .text.lib_nulloutstream
                0x08009918       0x10 /home/ares/work2/ardupilot/modules/PX4Firmware/Build/px4io-v2_default.build/nuttx-export/libs/libnuttx.a(c-lib_nulloutstream.o)
                0x08009918                lib_nulloutstream
 .text.rawoutstream_putc
                0x08009928       0x2e /home/ares/work2/ardupilot/modules/PX4Firmware/Build/px4io-v2_default.build/nuttx-export/libs/libnuttx.a(c-lib_rawoutstream.o)
 *fill*         0x08009956        0x2 
 .text.lib_rawoutstream
                0x08009958       0x10 /home/ares/work2/ardupilot/modules/PX4Firmware/Build/px4io-v2_default.build/nuttx-export/libs/libnuttx.a(c-lib_rawoutstream.o)
                0x08009958                lib_rawoutstream
 .text.lib_skipspace
                0x08009968       0x16 /home/ares/work2/ardupilot/modules/PX4Firmware/Build/px4io-v2_default.build/nuttx-export/libs/libnuttx.a(c-lib_skipspace.o)
                0x08009968                lib_skipspace
 .text.strcpy   0x0800997e       0x10 /home/ares/work2/ardupilot/modules/PX4Firmware/Build/px4io-v2_default.build/nuttx-export/libs/libnuttx.a(c-lib_strcpy.o)
                0x0800997e                strcpy
 .text.sem_init
                0x0800998e       0x1e /home/ares/work2/ardupilot/modules/PX4Firmware/Build/px4io-v2_default.build/nuttx-export/libs/libnuttx.a(c-sem_init.o)
                0x0800998e                sem_init
 .text.sq_remfirst
                0x080099ac       0x14 /home/ares/work2/ardupilot/modules/PX4Firmware/Build/px4io-v2_default.build/nuttx-export/libs/libnuttx.a(c-sq_remfirst.o)
                0x080099ac                sq_remfirst
 .text.mm_addfreechunk
                0x080099c0       0x36 /home/ares/work2/ardupilot/modules/PX4Firmware/Build/px4io-v2_default.build/nuttx-export/libs/libnuttx.a(mm-mm_addfreechunk.o)
                0x080099c0                mm_addfreechunk
 .text.mm_addregion
                0x080099f6       0x50 /home/ares/work2/ardupilot/modules/PX4Firmware/Build/px4io-v2_default.build/nuttx-export/libs/libnuttx.a(mm-mm_initialize.o)
                0x080099f6                mm_addregion
 .text.mm_initialize
                0x08009a46       0x40 /home/ares/work2/ardupilot/modules/PX4Firmware/Build/px4io-v2_default.build/nuttx-export/libs/libnuttx.a(mm-mm_initialize.o)
                0x08009a46                mm_initialize
 *fill*         0x08009a86        0x2 
 .text.up_allocate_heap
                0x08009a88       0x14 /home/ares/work2/ardupilot/modules/PX4Firmware/Build/px4io-v2_default.build/nuttx-export/libs/libnuttx.a(arch-stm32_allocateheap.o)
                0x08009a88                up_allocate_heap
 .text.up_idle  0x08009a9c        0x4 /home/ares/work2/ardupilot/modules/PX4Firmware/Build/px4io-v2_default.build/nuttx-export/libs/libnuttx.a(arch-stm32_idle.o)
                0x08009a9c                up_idle
 .text.up_lowputc
                0x08009aa0       0x18 /home/ares/work2/ardupilot/modules/PX4Firmware/Build/px4io-v2_default.build/nuttx-export/libs/libnuttx.a(arch-stm32_lowputc.o)
                0x08009aa0                up_lowputc
 .text.stm32_lowsetup
                0x08009ab8       0x6c /home/ares/work2/ardupilot/modules/PX4Firmware/Build/px4io-v2_default.build/nuttx-export/libs/libnuttx.a(arch-stm32_lowputc.o)
                0x08009ab8                stm32_lowsetup
 .text.stm32_clockconfig
                0x08009b24       0xe8 /home/ares/work2/ardupilot/modules/PX4Firmware/Build/px4io-v2_default.build/nuttx-export/libs/libnuttx.a(arch-stm32_rcc.o)
                0x08009b24                stm32_clockconfig
 .text.up_block_task
                0x08009c0c       0x74 /home/ares/work2/ardupilot/modules/PX4Firmware/Build/px4io-v2_default.build/nuttx-export/libs/libnuttx.a(arch-up_blocktask.o)
                0x08009c0c                up_block_task
 .text.up_copystate
                0x08009c80       0x16 /home/ares/work2/ardupilot/modules/PX4Firmware/Build/px4io-v2_default.build/nuttx-export/libs/libnuttx.a(arch-up_copystate.o)
                0x08009c80                up_copystate
 .text          0x08009c96       0x5e /home/ares/work2/ardupilot/modules/PX4Firmware/Build/px4io-v2_default.build/nuttx-export/libs/libnuttx.a(arch-up_exception.o)
                0x08009c96                exception_common
 .text._exit    0x08009cf4       0x1c /home/ares/work2/ardupilot/modules/PX4Firmware/Build/px4io-v2_default.build/nuttx-export/libs/libnuttx.a(arch-up_exit.o)
                0x08009cf4                _exit
 .text          0x08009d10        0xa /home/ares/work2/ardupilot/modules/PX4Firmware/Build/px4io-v2_default.build/nuttx-export/libs/libnuttx.a(arch-up_fullcontextrestore.o)
                0x08009d10                up_fullcontextrestore
 *fill*         0x08009d1a        0x2 
 .text.up_initialize
                0x08009d1c       0x28 /home/ares/work2/ardupilot/modules/PX4Firmware/Build/px4io-v2_default.build/nuttx-export/libs/libnuttx.a(arch-up_initialize.o)
                0x08009d1c                up_initialize
 .text.up_mdelay
                0x08009d44       0x28 /home/ares/work2/ardupilot/modules/PX4Firmware/Build/px4io-v2_default.build/nuttx-export/libs/libnuttx.a(arch-up_mdelay.o)
                0x08009d44                up_mdelay
 .text.up_unblock_task
                0x08009d6c       0x54 /home/ares/work2/ardupilot/modules/PX4Firmware/Build/px4io-v2_default.build/nuttx-export/libs/libnuttx.a(arch-up_unblocktask.o)
                0x08009d6c                up_unblock_task
 .text._files_close
                0x08009dc0       0x2a /home/ares/work2/ardupilot/modules/PX4Firmware/Build/px4io-v2_default.build/nuttx-export/libs/libnuttx.a(fs-fs_files.o)
 *fill*         0x08009dea        0x2 
 .text._files_semtake
                0x08009dec       0x24 /home/ares/work2/ardupilot/modules/PX4Firmware/Build/px4io-v2_default.build/nuttx-export/libs/libnuttx.a(fs-fs_files.o)
 .text.files_initialize
                0x08009e10        0x2 /home/ares/work2/ardupilot/modules/PX4Firmware/Build/px4io-v2_default.build/nuttx-export/libs/libnuttx.a(fs-fs_files.o)
                0x08009e10                files_initialize
 .text.files_initlist
                0x08009e12        0x8 /home/ares/work2/ardupilot/modules/PX4Firmware/Build/px4io-v2_default.build/nuttx-export/libs/libnuttx.a(fs-fs_files.o)
                0x08009e12                files_initlist
 .text.files_releaselist
                0x08009e1a       0x20 /home/ares/work2/ardupilot/modules/PX4Firmware/Build/px4io-v2_default.build/nuttx-export/libs/libnuttx.a(fs-fs_files.o)
                0x08009e1a                files_releaselist
 .text.files_dup
                0x08009e3a       0x80 /home/ares/work2/ardupilot/modules/PX4Firmware/Build/px4io-v2_default.build/nuttx-export/libs/libnuttx.a(fs-fs_files.o)
                0x08009e3a                files_dup
 .text.files_allocate
                0x08009eba       0x56 /home/ares/work2/ardupilot/modules/PX4Firmware/Build/px4io-v2_default.build/nuttx-export/libs/libnuttx.a(fs-fs_files.o)
                0x08009eba                files_allocate
 .text.files_close
                0x08009f10       0x3a /home/ares/work2/ardupilot/modules/PX4Firmware/Build/px4io-v2_default.build/nuttx-export/libs/libnuttx.a(fs-fs_files.o)
                0x08009f10                files_close
 .text.files_release
                0x08009f4a       0x2e /home/ares/work2/ardupilot/modules/PX4Firmware/Build/px4io-v2_default.build/nuttx-export/libs/libnuttx.a(fs-fs_files.o)
                0x08009f4a                files_release
 .text.inode_addref
                0x08009f78       0x1a /home/ares/work2/ardupilot/modules/PX4Firmware/Build/px4io-v2_default.build/nuttx-export/libs/libnuttx.a(fs-fs_inodeaddref.o)
                0x08009f78                inode_addref
 .text.inode_find
                0x08009f92       0x34 /home/ares/work2/ardupilot/modules/PX4Firmware/Build/px4io-v2_default.build/nuttx-export/libs/libnuttx.a(fs-fs_inodefind.o)
                0x08009f92                inode_find
 .text.inode_release
                0x08009fc6       0x3e /home/ares/work2/ardupilot/modules/PX4Firmware/Build/px4io-v2_default.build/nuttx-export/libs/libnuttx.a(fs-fs_inoderelease.o)
                0x08009fc6                inode_release
 .text.register_driver
                0x0800a004       0x32 /home/ares/work2/ardupilot/modules/PX4Firmware/Build/px4io-v2_default.build/nuttx-export/libs/libnuttx.a(fs-fs_registerdriver.o)
                0x0800a004                register_driver
 .text.group_leave
                0x0800a036       0x26 /home/ares/work2/ardupilot/modules/PX4Firmware/Build/px4io-v2_default.build/nuttx-export/libs/libnuttx.a(sched-group_leave.o)
                0x0800a036                group_leave
 .text.group_setupidlefiles
                0x0800a05c       0x38 /home/ares/work2/ardupilot/modules/PX4Firmware/Build/px4io-v2_default.build/nuttx-export/libs/libnuttx.a(sched-group_setupidlefiles.o)
                0x0800a05c                group_setupidlefiles
 .text.os_bringup
                0x0800a094       0x34 /home/ares/work2/ardupilot/modules/PX4Firmware/Build/px4io-v2_default.build/nuttx-export/libs/libnuttx.a(sched-os_bringup.o)
                0x0800a094                os_bringup
 .text.sched_addblocked
                0x0800a0c8       0x38 /home/ares/work2/ardupilot/modules/PX4Firmware/Build/px4io-v2_default.build/nuttx-export/libs/libnuttx.a(sched-sched_addblocked.o)
                0x0800a0c8                sched_addblocked
 .text.sched_addprioritized
                0x0800a100       0x54 /home/ares/work2/ardupilot/modules/PX4Firmware/Build/px4io-v2_default.build/nuttx-export/libs/libnuttx.a(sched-sched_addprioritized.o)
                0x0800a100                sched_addprioritized
 .text.sched_addreadytorun
                0x0800a154       0x60 /home/ares/work2/ardupilot/modules/PX4Firmware/Build/px4io-v2_default.build/nuttx-export/libs/libnuttx.a(sched-sched_addreadytorun.o)
                0x0800a154                sched_addreadytorun
 .text.sched_removeblocked
                0x0800a1b4       0x2c /home/ares/work2/ardupilot/modules/PX4Firmware/Build/px4io-v2_default.build/nuttx-export/libs/libnuttx.a(sched-sched_removeblocked.o)
                0x0800a1b4                sched_removeblocked
 .text.sched_removereadytorun
                0x0800a1e0       0x38 /home/ares/work2/ardupilot/modules/PX4Firmware/Build/px4io-v2_default.build/nuttx-export/libs/libnuttx.a(sched-sched_removereadytorun.o)
                0x0800a1e0                sched_removereadytorun
 .text.sem_destroy
                0x0800a218       0x26 /home/ares/work2/ardupilot/modules/PX4Firmware/Build/px4io-v2_default.build/nuttx-export/libs/libnuttx.a(sched-sem_destroy.o)
                0x0800a218                sem_destroy
 *fill*         0x0800a23e        0x2 
 .text.task_exit
                0x0800a240       0x4c /home/ares/work2/ardupilot/modules/PX4Firmware/Build/px4io-v2_default.build/nuttx-export/libs/libnuttx.a(sched-task_exit.o)
                0x0800a240                task_exit
 .text.dq_addlast
                0x0800a28c       0x18 /home/ares/work2/ardupilot/modules/PX4Firmware/Build/px4io-v2_default.build/nuttx-export/libs/libnuttx.a(c-dq_addlast.o)
                0x0800a28c                dq_addlast
 .text.up_timerisr
                0x0800a2a4        0xa /home/ares/work2/ardupilot/modules/PX4Firmware/Build/px4io-v2_default.build/nuttx-export/libs/libnuttx.a(arch-stm32_timerisr.o)
                0x0800a2a4                up_timerisr
 *fill*         0x0800a2ae        0x2 
 .text.up_timerinit
                0x0800a2b0       0x40 /home/ares/work2/ardupilot/modules/PX4Firmware/Build/px4io-v2_default.build/nuttx-export/libs/libnuttx.a(arch-stm32_timerisr.o)
                0x0800a2b0                up_timerinit
 .text.up_doirq
                0x0800a2f0       0x2c /home/ares/work2/ardupilot/modules/PX4Firmware/Build/px4io-v2_default.build/nuttx-export/libs/libnuttx.a(arch-up_doirq.o)
                0x0800a2f0                up_doirq
 .text.close    0x0800a31c       0x24 /home/ares/work2/ardupilot/modules/PX4Firmware/Build/px4io-v2_default.build/nuttx-export/libs/libnuttx.a(fs-fs_close.o)
                0x0800a31c                close
 .text.dup2     0x0800a340       0x4a /home/ares/work2/ardupilot/modules/PX4Firmware/Build/px4io-v2_default.build/nuttx-export/libs/libnuttx.a(fs-fs_filedup2.o)
                0x0800a340                dup2
 *fill*         0x0800a38a        0x2 
 .text.fs_initialize
                0x0800a38c       0x20 /home/ares/work2/ardupilot/modules/PX4Firmware/Build/px4io-v2_default.build/nuttx-export/libs/libnuttx.a(fs-fs_inode.o)
                0x0800a38c                fs_initialize
 .text.inode_semtake
                0x0800a3ac       0x28 /home/ares/work2/ardupilot/modules/PX4Firmware/Build/px4io-v2_default.build/nuttx-export/libs/libnuttx.a(fs-fs_inode.o)
                0x0800a3ac                inode_semtake
 .text.inode_semgive
                0x0800a3d4        0xc /home/ares/work2/ardupilot/modules/PX4Firmware/Build/px4io-v2_default.build/nuttx-export/libs/libnuttx.a(fs-fs_inode.o)
                0x0800a3d4                inode_semgive
 .text.inode_free
                0x0800a3e0       0x1e /home/ares/work2/ardupilot/modules/PX4Firmware/Build/px4io-v2_default.build/nuttx-export/libs/libnuttx.a(fs-fs_inode.o)
                0x0800a3e0                inode_free
 .text.inode_nextname
                0x0800a3fe       0x12 /home/ares/work2/ardupilot/modules/PX4Firmware/Build/px4io-v2_default.build/nuttx-export/libs/libnuttx.a(fs-fs_inode.o)
                0x0800a3fe                inode_nextname
 .text.inode_search
                0x0800a410       0xa4 /home/ares/work2/ardupilot/modules/PX4Firmware/Build/px4io-v2_default.build/nuttx-export/libs/libnuttx.a(fs-fs_inode.o)
                0x0800a410                inode_search
 .text.inode_alloc
                0x0800a4b4       0x3c /home/ares/work2/ardupilot/modules/PX4Firmware/Build/px4io-v2_default.build/nuttx-export/libs/libnuttx.a(fs-fs_inodereserve.o)
 .text.inode_reserve
                0x0800a4f0       0xa4 /home/ares/work2/ardupilot/modules/PX4Firmware/Build/px4io-v2_default.build/nuttx-export/libs/libnuttx.a(fs-fs_inodereserve.o)
                0x0800a4f0                inode_reserve
 .text.irq_dispatch
                0x0800a594       0x20 /home/ares/work2/ardupilot/modules/PX4Firmware/Build/px4io-v2_default.build/nuttx-export/libs/libnuttx.a(sched-irq_dispatch.o)
                0x0800a594                irq_dispatch
 .text.sched_process_timer
                0x0800a5b4       0x1c /home/ares/work2/ardupilot/modules/PX4Firmware/Build/px4io-v2_default.build/nuttx-export/libs/libnuttx.a(sched-sched_processtimer.o)
                0x0800a5b4                sched_process_timer
 .text.fminf    0x0800a5d0       0x28 /opt/gcc-arm-none-eabi-4_9-2015q3/bin/../lib/gcc/arm-none-eabi/4.9.3/../../../../arm-none-eabi/lib/armv7-m/libm.a(lib_a-sf_fmin.o)
                0x0800a5d0                fminf
 .text.__fpclassifyf
                0x0800a5f8       0x34 /opt/gcc-arm-none-eabi-4_9-2015q3/bin/../lib/gcc/arm-none-eabi/4.9.3/../../../../arm-none-eabi/lib/armv7-m/libm.a(lib_a-sf_fpclassify.o)
                0x0800a5f8                __fpclassifyf
 .text          0x0800a62c       0x18 /opt/gcc-arm-none-eabi-4_9-2015q3/bin/../lib/gcc/arm-none-eabi/4.9.3/armv7-m/libgcc.a(_lshrdi3.o)
                0x0800a62c                __aeabi_llsr
                0x0800a62c                __lshrdi3
 .text          0x0800a644      0x21c /opt/gcc-arm-none-eabi-4_9-2015q3/bin/../lib/gcc/arm-none-eabi/4.9.3/armv7-m/libgcc.a(_arm_addsubsf3.o)
                0x0800a644                __aeabi_frsub
                0x0800a64c                __subsf3
                0x0800a64c                __aeabi_fsub
                0x0800a650                __aeabi_fadd
                0x0800a650                __addsf3
                0x0800a7b0                __aeabi_ui2f
                0x0800a7b0                __floatunsisf
                0x0800a7b8                __aeabi_i2f
                0x0800a7b8                __floatsisf
                0x0800a7d4                __floatundisf
                0x0800a7d4                __aeabi_ul2f
                0x0800a7e4                __floatdisf
                0x0800a7e4                __aeabi_l2f
 .text          0x0800a860      0x2a0 /opt/gcc-arm-none-eabi-4_9-2015q3/bin/../lib/gcc/arm-none-eabi/4.9.3/armv7-m/libgcc.a(_arm_muldivsf3.o)
                0x0800a860                __mulsf3
                0x0800a860                __aeabi_fmul
                0x0800a9c8                __divsf3
                0x0800a9c8                __aeabi_fdiv
 .text          0x0800ab00       0xec /opt/gcc-arm-none-eabi-4_9-2015q3/bin/../lib/gcc/arm-none-eabi/4.9.3/armv7-m/libgcc.a(_arm_cmpsf2.o)
                0x0800ab00                __gtsf2
                0x0800ab00                __gesf2
                0x0800ab08                __lesf2
                0x0800ab08                __ltsf2
                0x0800ab10                __nesf2
                0x0800ab10                __eqsf2
                0x0800ab10                __cmpsf2
                0x0800ab70                __aeabi_cfrcmple
                0x0800ab78                __aeabi_cfcmple
                0x0800ab78                __aeabi_cfcmpeq
                0x0800ab88                __aeabi_fcmpeq
                0x0800ab9c                __aeabi_fcmplt
                0x0800abb0                __aeabi_fcmple
                0x0800abc4                __aeabi_fcmpge
                0x0800abd8                __aeabi_fcmpgt
 .text          0x0800abec       0x2c /opt/gcc-arm-none-eabi-4_9-2015q3/bin/../lib/gcc/arm-none-eabi/4.9.3/armv7-m/libgcc.a(_arm_unordsf2.o)
                0x0800abec                __aeabi_fcmpun
                0x0800abec                __unordsf2
 .text          0x0800ac18       0x4c /opt/gcc-arm-none-eabi-4_9-2015q3/bin/../lib/gcc/arm-none-eabi/4.9.3/armv7-m/libgcc.a(_arm_fixsfsi.o)
                0x0800ac18                __fixsfsi
                0x0800ac18                __aeabi_f2iz
 .text          0x0800ac64       0x40 /opt/gcc-arm-none-eabi-4_9-2015q3/bin/../lib/gcc/arm-none-eabi/4.9.3/armv7-m/libgcc.a(_arm_fixunssfsi.o)
                0x0800ac64                __aeabi_f2uiz
                0x0800ac64                __fixunssfsi
 .text          0x0800aca4       0x30 /opt/gcc-arm-none-eabi-4_9-2015q3/bin/../lib/gcc/arm-none-eabi/4.9.3/armv7-m/libgcc.a(_aeabi_uldivmod.o)
                0x0800aca4                __aeabi_uldivmod
 .text          0x0800acd4       0x60 /opt/gcc-arm-none-eabi-4_9-2015q3/bin/../lib/gcc/arm-none-eabi/4.9.3/armv7-m/libgcc.a(bpabi.o)
                0x0800acd4                __gnu_ldivmod_helper
                0x0800ad04                __gnu_uldivmod_helper
 .text          0x0800ad34        0x4 /opt/gcc-arm-none-eabi-4_9-2015q3/bin/../lib/gcc/arm-none-eabi/4.9.3/armv7-m/libgcc.a(_dvmd_tls.o)
                0x0800ad34                __aeabi_ldiv0
                0x0800ad34                __aeabi_idiv0
 .text          0x0800ad38      0x2ac /opt/gcc-arm-none-eabi-4_9-2015q3/bin/../lib/gcc/arm-none-eabi/4.9.3/armv7-m/libgcc.a(_divdi3.o)
                0x0800ad38                __divdi3
 .text          0x0800afe4      0x270 /opt/gcc-arm-none-eabi-4_9-2015q3/bin/../lib/gcc/arm-none-eabi/4.9.3/armv7-m/libgcc.a(_udivdi3.o)
                0x0800afe4                __udivdi3
 *(.fixup)
 *(.gnu.warning)
 *(.rodata .rodata.*)
 .rodata.pwm_channels
                0x0800b254       0x40 /home/ares/work2/ardupilot/modules/PX4Firmware/Build/px4io-v2_default.build//home/ares/work2/ardupilot/modules/PX4Firmware/src/drivers/boards/px4io-v2/module.pre.o
                0x0800b254                pwm_channels
 .rodata.pwm_timers
                0x0800b294       0x40 /home/ares/work2/ardupilot/modules/PX4Firmware/Build/px4io-v2_default.build//home/ares/work2/ardupilot/modules/PX4Firmware/src/drivers/boards/px4io-v2/module.pre.o
                0x0800b294                pwm_timers
 .rodata.latency_buckets
                0x0800b2d4       0x10 /home/ares/work2/ardupilot/modules/PX4Firmware/Build/px4io-v2_default.build//home/ares/work2/ardupilot/modules/PX4Firmware/src/drivers/stm32/module.pre.o
                0x0800b2d4                latency_buckets
 .rodata.str1.4
                0x0800b2e4      0x5a4 /home/ares/work2/ardupilot/modules/PX4Firmware/Build/px4io-v2_default.build//home/ares/work2/ardupilot/modules/PX4Firmware/src/modules/px4iofirmware/module.pre.o
                                0x5a3 (size before relaxing)
 .rodata.r_page_config
                0x0800b888       0x12 /home/ares/work2/ardupilot/modules/PX4Firmware/Build/px4io-v2_default.build//home/ares/work2/ardupilot/modules/PX4Firmware/src/modules/px4iofirmware/module.pre.o
 *fill*         0x0800b89a        0x2 
 .rodata.sbus_decoder
                0x0800b89c       0xc0 /home/ares/work2/ardupilot/modules/PX4Firmware/Build/px4io-v2_default.build//home/ares/work2/ardupilot/modules/PX4Firmware/src/modules/px4iofirmware/module.pre.o
 *fill*         0x0800b95c        0x4 
 .rodata._ZTV5Mixer
                0x0800b960       0x18 /home/ares/work2/ardupilot/modules/PX4Firmware/Build/px4io-v2_default.build//home/ares/work2/ardupilot/modules/PX4Firmware/src/modules/px4iofirmware/module.pre.o
                0x0800b960                vtable for Mixer
 .rodata._ZTV9NullMixer
                0x0800b978       0x18 /home/ares/work2/ardupilot/modules/PX4Firmware/Build/px4io-v2_default.build//home/ares/work2/ardupilot/modules/PX4Firmware/src/modules/px4iofirmware/module.pre.o
                0x0800b978                vtable for NullMixer
 .rodata._ZTV10MixerGroup
                0x0800b990       0x18 /home/ares/work2/ardupilot/modules/PX4Firmware/Build/px4io-v2_default.build//home/ares/work2/ardupilot/modules/PX4Firmware/src/modules/px4iofirmware/module.pre.o
                0x0800b990                vtable for MixerGroup
 .rodata._ZN12_GLOBAL__N_1L13_config_tri_yE
                0x0800b9a8       0x30 /home/ares/work2/ardupilot/modules/PX4Firmware/Build/px4io-v2_default.build//home/ares/work2/ardupilot/modules/PX4Firmware/src/modules/px4iofirmware/module.pre.o
 .rodata._ZN12_GLOBAL__N_1L19_config_twin_engineE
                0x0800b9d8       0x20 /home/ares/work2/ardupilot/modules/PX4Firmware/Build/px4io-v2_default.build//home/ares/work2/ardupilot/modules/PX4Firmware/src/modules/px4iofirmware/module.pre.o
 .rodata._ZN12_GLOBAL__N_1L13_config_hex_xE
                0x0800b9f8       0x60 /home/ares/work2/ardupilot/modules/PX4Firmware/Build/px4io-v2_default.build//home/ares/work2/ardupilot/modules/PX4Firmware/src/modules/px4iofirmware/module.pre.o
 .rodata._ZN12_GLOBAL__N_1L15_config_hex_coxE
                0x0800ba58       0x60 /home/ares/work2/ardupilot/modules/PX4Firmware/Build/px4io-v2_default.build//home/ares/work2/ardupilot/modules/PX4Firmware/src/modules/px4iofirmware/module.pre.o
 .rodata._ZN12_GLOBAL__N_1L14_config_octa_xE
                0x0800bab8       0x80 /home/ares/work2/ardupilot/modules/PX4Firmware/Build/px4io-v2_default.build//home/ares/work2/ardupilot/modules/PX4Firmware/src/modules/px4iofirmware/module.pre.o
 .rodata._ZN12_GLOBAL__N_1L19_config_rotor_countE
                0x0800bb38       0x34 /home/ares/work2/ardupilot/modules/PX4Firmware/Build/px4io-v2_default.build//home/ares/work2/ardupilot/modules/PX4Firmware/src/modules/px4iofirmware/module.pre.o
 .rodata._ZN12_GLOBAL__N_1L20_config_quad_deadcatE
                0x0800bb6c       0x40 /home/ares/work2/ardupilot/modules/PX4Firmware/Build/px4io-v2_default.build//home/ares/work2/ardupilot/modules/PX4Firmware/src/modules/px4iofirmware/module.pre.o
 .rodata._ZN12_GLOBAL__N_1L16_config_hex_plusE
                0x0800bbac       0x60 /home/ares/work2/ardupilot/modules/PX4Firmware/Build/px4io-v2_default.build//home/ares/work2/ardupilot/modules/PX4Firmware/src/modules/px4iofirmware/module.pre.o
 .rodata._ZN12_GLOBAL__N_1L17_config_octa_plusE
                0x0800bc0c       0x80 /home/ares/work2/ardupilot/modules/PX4Firmware/Build/px4io-v2_default.build//home/ares/work2/ardupilot/modules/PX4Firmware/src/modules/px4iofirmware/module.pre.o
 .rodata._ZN12_GLOBAL__N_1L17_config_quad_plusE
                0x0800bc8c       0x40 /home/ares/work2/ardupilot/modules/PX4Firmware/Build/px4io-v2_default.build//home/ares/work2/ardupilot/modules/PX4Firmware/src/modules/px4iofirmware/module.pre.o
 .rodata._ZN12_GLOBAL__N_113_config_indexE
                0x0800bccc       0x34 /home/ares/work2/ardupilot/modules/PX4Firmware/Build/px4io-v2_default.build//home/ares/work2/ardupilot/modules/PX4Firmware/src/modules/px4iofirmware/module.pre.o
 .rodata._ZN12_GLOBAL__N_1L17_config_quad_wideE
                0x0800bd00       0x40 /home/ares/work2/ardupilot/modules/PX4Firmware/Build/px4io-v2_default.build//home/ares/work2/ardupilot/modules/PX4Firmware/src/modules/px4iofirmware/module.pre.o
 .rodata._ZN12_GLOBAL__N_1L16_config_octa_coxE
                0x0800bd40       0x80 /home/ares/work2/ardupilot/modules/PX4Firmware/Build/px4io-v2_default.build//home/ares/work2/ardupilot/modules/PX4Firmware/src/modules/px4iofirmware/module.pre.o
 .rodata._ZN12_GLOBAL__N_1L14_config_quad_vE
                0x0800bdc0       0x40 /home/ares/work2/ardupilot/modules/PX4Firmware/Build/px4io-v2_default.build//home/ares/work2/ardupilot/modules/PX4Firmware/src/modules/px4iofirmware/module.pre.o
 .rodata._ZN12_GLOBAL__N_1L14_config_quad_xE
                0x0800be00       0x40 /home/ares/work2/ardupilot/modules/PX4Firmware/Build/px4io-v2_default.build//home/ares/work2/ardupilot/modules/PX4Firmware/src/modules/px4iofirmware/module.pre.o
 .rodata._ZTV15MultirotorMixer
                0x0800be40       0x18 /home/ares/work2/ardupilot/modules/PX4Firmware/Build/px4io-v2_default.build//home/ares/work2/ardupilot/modules/PX4Firmware/src/modules/px4iofirmware/module.pre.o
                0x0800be40                vtable for MultirotorMixer
 .rodata._ZTV11SimpleMixer
                0x0800be58       0x18 /home/ares/work2/ardupilot/modules/PX4Firmware/Build/px4io-v2_default.build//home/ares/work2/ardupilot/modules/PX4Firmware/src/modules/px4iofirmware/module.pre.o
                0x0800be58                vtable for SimpleMixer
 .rodata.crc8_tab
                0x0800be70      0x100 /home/ares/work2/ardupilot/modules/PX4Firmware/Build/px4io-v2_default.build//home/ares/work2/ardupilot/modules/PX4Firmware/src/modules/px4iofirmware/module.pre.o
 .rodata.str1.1
                0x0800bf70       0x14 /home/ares/work2/ardupilot/modules/PX4Firmware/Build/px4io-v2_default.build/nuttx-export/libs/libnuttx.a(sched-irq_unexpectedisr.o)
 .rodata.str1.1
                0x0800bf84        0xd /home/ares/work2/ardupilot/modules/PX4Firmware/Build/px4io-v2_default.build/nuttx-export/libs/libnuttx.a(sched-sched_lock.o)
 .rodata.g_noname
                0x0800bf91        0x9 /home/ares/work2/ardupilot/modules/PX4Firmware/Build/px4io-v2_default.build/nuttx-export/libs/libnuttx.a(sched-task_setup.o)
 .rodata.str1.1
                0x0800bf9a       0x11 /home/ares/work2/ardupilot/modules/PX4Firmware/Build/px4io-v2_default.build/nuttx-export/libs/libnuttx.a(sched-task_terminate.o)
 *fill*         0x0800bfab        0x1 
 .rodata.crc32_tab
                0x0800bfac      0x400 /home/ares/work2/ardupilot/modules/PX4Firmware/Build/px4io-v2_default.build/nuttx-export/libs/libnuttx.a(c-lib_crc32.o)
 .rodata.str1.1
                0x0800c3ac       0x14 /home/ares/work2/ardupilot/modules/PX4Firmware/Build/px4io-v2_default.build/nuttx-export/libs/libnuttx.a(c-lib_sscanf.o)
 .rodata.spaces
                0x0800c3c0        0x7 /home/ares/work2/ardupilot/modules/PX4Firmware/Build/px4io-v2_default.build/nuttx-export/libs/libnuttx.a(c-lib_sscanf.o)
 .rodata.str1.1
                0x0800c3c7        0x9 /home/ares/work2/ardupilot/modules/PX4Firmware/Build/px4io-v2_default.build/nuttx-export/libs/libnuttx.a(mm-mm_sem.o)
 .rodata.str1.1
                0x0800c3d0       0x17 /home/ares/work2/ardupilot/modules/PX4Firmware/Build/px4io-v2_default.build/nuttx-export/libs/libnuttx.a(arch-stm32_dma.o)
 *fill*         0x0800c3e7        0x1 
 .rodata.g_gpiobase
                0x0800c3e8       0x10 /home/ares/work2/ardupilot/modules/PX4Firmware/Build/px4io-v2_default.build/nuttx-export/libs/libnuttx.a(arch-stm32_gpio.o)
                0x0800c3e8                g_gpiobase
 .rodata.str1.1
                0x0800c3f8       0x23 /home/ares/work2/ardupilot/modules/PX4Firmware/Build/px4io-v2_default.build/nuttx-export/libs/libnuttx.a(arch-stm32_serial.o)
 *fill*         0x0800c41b        0x1 
 .rodata.uart_devs
                0x0800c41c        0xc /home/ares/work2/ardupilot/modules/PX4Firmware/Build/px4io-v2_default.build/nuttx-export/libs/libnuttx.a(arch-stm32_serial.o)
 .rodata.g_uart_ops
                0x0800c428       0x34 /home/ares/work2/ardupilot/modules/PX4Firmware/Build/px4io-v2_default.build/nuttx-export/libs/libnuttx.a(arch-stm32_serial.o)
 .rodata.g_uart_dma_ops
                0x0800c45c       0x34 /home/ares/work2/ardupilot/modules/PX4Firmware/Build/px4io-v2_default.build/nuttx-export/libs/libnuttx.a(arch-stm32_serial.o)
 .rodata.str1.1
                0x0800c490      0x160 /home/ares/work2/ardupilot/modules/PX4Firmware/Build/px4io-v2_default.build/nuttx-export/libs/libnuttx.a(arch-up_assert.o)
 .rodata.str1.1
                0x0800c5f0       0x17 /home/ares/work2/ardupilot/modules/PX4Firmware/Build/px4io-v2_default.build/nuttx-export/libs/libnuttx.a(arch-up_hardfault.o)
 .rodata.str1.1
                0x0800c607       0x19 /home/ares/work2/ardupilot/modules/PX4Firmware/Build/px4io-v2_default.build/nuttx-export/libs/libnuttx.a(cxx-libxx_cxapurevirtual.o)
 .rodata.str1.1
                0x0800c620       0x10 /home/ares/work2/ardupilot/modules/PX4Firmware/Build/px4io-v2_default.build/nuttx-export/libs/libnuttx.a(drivers-serial.o)
 .rodata.g_serialops
                0x0800c630       0x18 /home/ares/work2/ardupilot/modules/PX4Firmware/Build/px4io-v2_default.build/nuttx-export/libs/libnuttx.a(drivers-serial.o)
 .rodata.g_idlename
                0x0800c648        0xa /home/ares/work2/ardupilot/modules/PX4Firmware/Build/px4io-v2_default.build/nuttx-export/libs/libnuttx.a(sched-os_start.o)
 *fill*         0x0800c652        0x2 
 .rodata.g_tasklisttable
                0x0800c654       0x30 /home/ares/work2/ardupilot/modules/PX4Firmware/Build/px4io-v2_default.build/nuttx-export/libs/libnuttx.a(sched-os_start.o)
                0x0800c654                g_tasklisttable
 .rodata.str1.1
                0x0800c684       0x15 /home/ares/work2/ardupilot/modules/PX4Firmware/Build/px4io-v2_default.build/nuttx-export/libs/libnuttx.a(sched-sched_mergepending.o)
 .rodata.str1.1
                0x0800c699        0xb /home/ares/work2/ardupilot/modules/PX4Firmware/Build/px4io-v2_default.build/nuttx-export/libs/libnuttx.a(sched-sem_post.o)
 .rodata.str1.1
                0x0800c6a4        0xb /home/ares/work2/ardupilot/modules/PX4Firmware/Build/px4io-v2_default.build/nuttx-export/libs/libnuttx.a(sched-sem_wait.o)
 .rodata.str1.1
                0x0800c6af        0xc /home/ares/work2/ardupilot/modules/PX4Firmware/Build/px4io-v2_default.build/nuttx-export/libs/libnuttx.a(sched-wd_cancel.o)
 .rodata.g_nullstring
                0x0800c6bb        0x7 /home/ares/work2/ardupilot/modules/PX4Firmware/Build/px4io-v2_default.build/nuttx-export/libs/libnuttx.a(c-lib_libvsprintf.o)
 .rodata.str1.1